Component: ARM Compiler 5.06 update 7 (build 960) Tool: armlink [4d3601]

==============================================================================

Section Cross References

    main.o(i.InitHardware) refers to system_stm32f10x.o(i.SystemInit) for SystemInit
    main.o(i.InitHardware) refers to rcc.o(i.InitRCC) for InitRCC
    main.o(i.InitHardware) refers to nvic.o(i.InitNVIC) for InitNVIC
    main.o(i.InitHardware) refers to uart1.o(i.InitUART1) for InitUART1
    main.o(i.InitHardware) refers to timer.o(i.InitTimer) for InitTimer
    main.o(i.InitHardware) refers to led.o(i.InitLED) for InitLED
    main.o(i.InitHardware) refers to systick.o(i.InitSysTick) for InitSysTick
    main.o(i.InitHardware) refers to dac.o(i.InitDAC) for InitDAC
    main.o(i.InitHardware) refers to adc.o(i.InitADC) for InitADC
    main.o(i.InitSoftware) refers to packunpack.o(i.InitPackUnpack) for InitPackUnpack
    main.o(i.InitSoftware) refers to senddatatohost.o(i.InitSendDataToHost) for InitSendDataToHost
    main.o(i.Proc1SecTask) refers to timer.o(i.Get1SecFlag) for Get1SecFlag
    main.o(i.Proc1SecTask) refers to timer.o(i.Clr1SecFlag) for Clr1SecFlag
    main.o(i.Proc2msTask) refers to timer.o(i.Get2msFlag) for Get2msFlag
    main.o(i.Proc2msTask) refers to uart1.o(i.ReadUART1) for ReadUART1
    main.o(i.Proc2msTask) refers to adc.o(i.ReadADCBuf) for ReadADCBuf
    main.o(i.Proc2msTask) refers to dfltui.o(.text) for __aeabi_ui2d
    main.o(i.Proc2msTask) refers to dmul.o(.text) for __aeabi_dmul
    main.o(i.Proc2msTask) refers to ddiv.o(.text) for __aeabi_ddiv
    main.o(i.Proc2msTask) refers to d2f.o(.text) for __aeabi_d2f
    main.o(i.Proc2msTask) refers to f2d.o(.text) for __aeabi_f2d
    main.o(i.Proc2msTask) refers to printfa.o(i.__0printf) for __2printf
    main.o(i.Proc2msTask) refers to led.o(i.LEDFlicker) for LEDFlicker
    main.o(i.Proc2msTask) refers to timer.o(i.Clr2msFlag) for Clr2msFlag
    main.o(i.Proc2msTask) refers to main.o(.data) for s_iCnt4
    main.o(i.main) refers to main.o(i.InitSoftware) for InitSoftware
    main.o(i.main) refers to main.o(i.InitHardware) for InitHardware
    main.o(i.main) refers to printfa.o(i.__0printf) for __2printf
    main.o(i.main) refers to main.o(i.Proc2msTask) for Proc2msTask
    main.o(i.main) refers to main.o(i.Proc1SecTask) for Proc1SecTask
    led.o(i.ConfigLEDGPIO) refers to stm32f10x_rcc.o(i.RCC_APB2PeriphClockCmd) for RCC_APB2PeriphClockCmd
    led.o(i.ConfigLEDGPIO) refers to stm32f10x_gpio.o(i.GPIO_Init) for GPIO_Init
    led.o(i.ConfigLEDGPIO) refers to stm32f10x_gpio.o(i.GPIO_WriteBit) for GPIO_WriteBit
    led.o(i.InitLED) refers to led.o(i.ConfigLEDGPIO) for ConfigLEDGPIO
    led.o(i.LEDFlicker) refers to stm32f10x_gpio.o(i.GPIO_ReadOutputDataBit) for GPIO_ReadOutputDataBit
    led.o(i.LEDFlicker) refers to stm32f10x_gpio.o(i.GPIO_WriteBit) for GPIO_WriteBit
    led.o(i.LEDFlicker) refers to led.o(.data) for s_iCnt
    packunpack.o(i.GetUnPackRslt) refers to packunpack.o(.bss) for s_ptPack
    packunpack.o(i.InitPackUnpack) refers to packunpack.o(.bss) for s_ptPack
    packunpack.o(i.InitPackUnpack) refers to packunpack.o(.data) for s_iPackLen
    packunpack.o(i.PackData) refers to packunpack.o(i.PackWithCheckSum) for PackWithCheckSum
    packunpack.o(i.UnPackData) refers to packunpack.o(i.UnpackWithCheckSum) for UnpackWithCheckSum
    packunpack.o(i.UnPackData) refers to packunpack.o(.bss) for s_ptPack
    packunpack.o(i.UnPackData) refers to packunpack.o(.data) for s_iGotPackId
    senddatatohost.o(i.SendAckPack) refers to senddatatohost.o(i.SendPackToHost) for SendPackToHost
    senddatatohost.o(i.SendPackToHost) refers to packunpack.o(i.PackData) for PackData
    senddatatohost.o(i.SendPackToHost) refers to uart1.o(i.WriteUART1) for WriteUART1
    senddatatohost.o(i.SendWaveToHost) refers to senddatatohost.o(i.SendPackToHost) for SendPackToHost
    rcc.o(i.ConfigRCC) refers to stm32f10x_rcc.o(i.RCC_DeInit) for RCC_DeInit
    rcc.o(i.ConfigRCC) refers to stm32f10x_rcc.o(i.RCC_HSEConfig) for RCC_HSEConfig
    rcc.o(i.ConfigRCC) refers to stm32f10x_rcc.o(i.RCC_WaitForHSEStartUp) for RCC_WaitForHSEStartUp
    rcc.o(i.ConfigRCC) refers to stm32f10x_flash.o(i.FLASH_PrefetchBufferCmd) for FLASH_PrefetchBufferCmd
    rcc.o(i.ConfigRCC) refers to stm32f10x_flash.o(i.FLASH_SetLatency) for FLASH_SetLatency
    rcc.o(i.ConfigRCC) refers to stm32f10x_rcc.o(i.RCC_HCLKConfig) for RCC_HCLKConfig
    rcc.o(i.ConfigRCC) refers to stm32f10x_rcc.o(i.RCC_PCLK2Config) for RCC_PCLK2Config
    rcc.o(i.ConfigRCC) refers to stm32f10x_rcc.o(i.RCC_PCLK1Config) for RCC_PCLK1Config
    rcc.o(i.ConfigRCC) refers to stm32f10x_rcc.o(i.RCC_PLLConfig) for RCC_PLLConfig
    rcc.o(i.ConfigRCC) refers to stm32f10x_rcc.o(i.RCC_PLLCmd) for RCC_PLLCmd
    rcc.o(i.ConfigRCC) refers to stm32f10x_rcc.o(i.RCC_GetFlagStatus) for RCC_GetFlagStatus
    rcc.o(i.ConfigRCC) refers to stm32f10x_rcc.o(i.RCC_SYSCLKConfig) for RCC_SYSCLKConfig
[...]
    Removing stm32f10x_gpio.o(i.GPIO_Write), (4 bytes).
    Removing stm32f10x_rcc.o(i.RCC_AdjustHSICalibrationValue), (24 bytes).
    Removing stm32f10x_rcc.o(i.RCC_BackupResetCmd), (12 bytes).
    Removing stm32f10x_rcc.o(i.RCC_ClearFlag), (20 bytes).
    Removing stm32f10x_rcc.o(i.RCC_ClearITPendingBit), (12 bytes).
    Removing stm32f10x_rcc.o(i.RCC_ClockSecuritySystemCmd), (12 bytes).
    Removing stm32f10x_rcc.o(i.RCC_GetITStatus), (24 bytes).
    Removing stm32f10x_rcc.o(i.RCC_HSICmd), (12 bytes).
    Removing stm32f10x_rcc.o(i.RCC_ITConfig), (32 bytes).
    Removing stm32f10x_rcc.o(i.RCC_LSEConfig), (52 bytes).
    Removing stm32f10x_rcc.o(i.RCC_LSICmd), (12 bytes).
    Removing stm32f10x_rcc.o(i.RCC_MCOConfig), (12 bytes).
    Removing stm32f10x_rcc.o(i.RCC_RTCCLKCmd), (12 bytes).
    Removing stm32f10x_rcc.o(i.RCC_RTCCLKConfig), (16 bytes).
    Removing stm32f10x_rcc.o(i.RCC_USBCLKConfig), (12 bytes).
    Removing stm32f10x_tim.o(i.TI1_Config), (128 bytes).
    Removing stm32f10x_tim.o(i.TI2_Config), (152 bytes).
    Removing stm32f10x_tim.o(i.TI3_Config), (144 bytes).
    Removing stm32f10x_tim.o(i.TI4_Config), (152 bytes).
    Removing stm32f10x_tim.o(i.TIM_ARRPreloadConfig), (24 bytes).
    Removing stm32f10x_tim.o(i.TIM_BDTRConfig), (32 bytes).
    Removing stm32f10x_tim.o(i.TIM_BDTRStructInit), (18 bytes).
    Removing stm32f10x_tim.o(i.TIM_CCPreloadControl), (24 bytes).
    Removing stm32f10x_tim.o(i.TIM_CCxCmd), (30 bytes).
    Removing stm32f10x_tim.o(i.TIM_CCxNCmd), (30 bytes).
    Removing stm32f10x_tim.o(i.TIM_ClearFlag), (6 bytes).
    Removing stm32f10x_tim.o(i.TIM_ClearOC1Ref), (18 bytes).
    Removing stm32f10x_tim.o(i.TIM_ClearOC2Ref), (24 bytes).
    Removing stm32f10x_tim.o(i.TIM_ClearOC3Ref), (18 bytes).
    Removing stm32f10x_tim.o(i.TIM_ClearOC4Ref), (24 bytes).
    Removing stm32f10x_tim.o(i.TIM_CounterModeConfig), (18 bytes).
    Removing stm32f10x_tim.o(i.TIM_CtrlPWMOutputs), (30 bytes).
    Removing stm32f10x_tim.o(i.TIM_DMACmd), (18 bytes).
    Removing stm32f10x_tim.o(i.TIM_DMAConfig), (10 bytes).
    Removing stm32f10x_tim.o(i.TIM_ETRClockMode1Config), (54 bytes).
    Removing stm32f10x_tim.o(i.TIM_ETRClockMode2Config), (32 bytes).
    Removing stm32f10x_tim.o(i.TIM_ETRConfig), (28 bytes).
    Removing stm32f10x_tim.o(i.TIM_EncoderInterfaceConfig), (66 bytes).
    Removing stm32f10x_tim.o(i.TIM_ForcedOC1Config), (18 bytes).
    Removing stm32f10x_tim.o(i.TIM_ForcedOC2Config), (26 bytes).
    Removing stm32f10x_tim.o(i.TIM_ForcedOC3Config), (18 bytes).
    Removing stm32f10x_tim.o(i.TIM_ForcedOC4Config), (26 bytes).
    Removing stm32f10x_tim.o(i.TIM_GenerateEvent), (4 bytes).
    Removing stm32f10x_tim.o(i.TIM_GetCapture1), (6 bytes).
    Removing stm32f10x_tim.o(i.TIM_GetCapture2), (6 bytes).
    Removing stm32f10x_tim.o(i.TIM_GetCapture3), (6 bytes).
    Removing stm32f10x_tim.o(i.TIM_GetCapture4), (8 bytes).
    Removing stm32f10x_tim.o(i.TIM_GetCounter), (6 bytes).
    Removing stm32f10x_tim.o(i.TIM_GetFlagStatus), (18 bytes).
    Removing stm32f10x_tim.o(i.TIM_GetPrescaler), (6 bytes).
    Removing stm32f10x_tim.o(i.TIM_ICInit), (172 bytes).
    Removing stm32f10x_tim.o(i.TIM_ICStructInit), (18 bytes).
    Removing stm32f10x_tim.o(i.TIM_ITRxExternalClockConfig), (24 bytes).
    Removing stm32f10x_tim.o(i.TIM_InternalClockConfig), (12 bytes).
    Removing stm32f10x_tim.o(i.TIM_OC1FastConfig), (18 bytes).
    Removing stm32f10x_tim.o(i.TIM_OC1Init), (152 bytes).
    Removing stm32f10x_tim.o(i.TIM_OC1NPolarityConfig), (18 bytes).
    Removing stm32f10x_tim.o(i.TIM_OC1PolarityConfig), (18 bytes).
    Removing stm32f10x_tim.o(i.TIM_OC1PreloadConfig), (18 bytes).
    Removing stm32f10x_tim.o(i.TIM_OC2FastConfig), (26 bytes).
    Removing stm32f10x_tim.o(i.TIM_OC2Init), (164 bytes).
    Removing stm32f10x_tim.o(i.TIM_OC2NPolarityConfig), (26 bytes).
    Removing stm32f10x_tim.o(i.TIM_OC2PolarityConfig), (26 bytes).
    Removing stm32f10x_tim.o(i.TIM_OC2PreloadConfig), (26 bytes).
    Removing stm32f10x_tim.o(i.TIM_OC3FastConfig), (18 bytes).
    Removing stm32f10x_tim.o(i.TIM_OC3Init), (160 bytes).
    Removing stm32f10x_tim.o(i.TIM_OC3NPolarityConfig), (26 bytes).
    Removing stm32f10x_tim.o(i.TIM_OC3PolarityConfig), (26 bytes).
    Removing stm32f10x_tim.o(i.TIM_OC3PreloadConfig), (18 bytes).
    Removing stm32f10x_tim.o(i.TIM_OC4FastConfig), (26 bytes).
    Removing stm32f10x_tim.o(i.TIM_OC4Init), (124 bytes).
    Removing stm32f10x_tim.o(i.TIM_OC4PolarityConfig), (26 bytes).
    Removing stm32f10x_tim.o(i.TIM_OC4PreloadConfig), (26 bytes).
    Removing stm32f10x_tim.o(i.TIM_OCStructInit), (20 bytes).
    Removing stm32f10x_tim.o(i.TIM_PWMIConfig), (124 bytes).
    Removing stm32f10x_tim.o(i.TIM_PrescalerConfig), (6 bytes).
    Removing stm32f10x_tim.o(i.TIM_SelectCCDMA), (24 bytes).
    Removing stm32f10x_tim.o(i.TIM_SelectCOM), (24 bytes).
    Removing stm32f10x_tim.o(i.TIM_SelectHallSensor), (24 bytes).
    Removing stm32f10x_tim.o(i.TIM_SelectInputTrigger), (18 bytes).
    Removing stm32f10x_tim.o(i.TIM_SelectMasterSlaveMode), (18 bytes).
    Removing stm32f10x_tim.o(i.TIM_SelectOCxM), (82 bytes).
    Removing stm32f10x_tim.o(i.TIM_SelectOnePulseMode), (18 bytes).
    Removing stm32f10x_tim.o(i.TIM_SelectSlaveMode), (18 bytes).
    Removing stm32f10x_tim.o(i.TIM_SetAutoreload), (4 bytes).
    Removing stm32f10x_tim.o(i.TIM_SetClockDivision), (18 bytes).
    Removing stm32f10x_tim.o(i.TIM_SetCompare1), (4 bytes).
    Removing stm32f10x_tim.o(i.TIM_SetCompare2), (4 bytes).
    Removing stm32f10x_tim.o(i.TIM_SetCompare3), (4 bytes).
    Removing stm32f10x_tim.o(i.TIM_SetCompare4), (6 bytes).
    Removing stm32f10x_tim.o(i.TIM_SetCounter), (4 bytes).
    Removing stm32f10x_tim.o(i.TIM_SetIC1Prescaler), (18 bytes).
    Removing stm32f10x_tim.o(i.TIM_SetIC2Prescaler), (26 bytes).
    Removing stm32f10x_tim.o(i.TIM_SetIC3Prescaler), (18 bytes).
    Removing stm32f10x_tim.o(i.TIM_SetIC4Prescaler), (26 bytes).
    Removing stm32f10x_tim.o(i.TIM_TIxExternalClockConfig), (62 bytes).
    Removing stm32f10x_tim.o(i.TIM_TimeBaseStructInit), (18 bytes).
    Removing stm32f10x_tim.o(i.TIM_UpdateDisableConfig), (24 bytes).
    Removing stm32f10x_tim.o(i.TIM_UpdateRequestConfig), (24 bytes).
    Removing stm32f10x_usart.o(i.USART_ClockInit), (34 bytes).
    Removing stm32f10x_usart.o(i.USART_ClockStructInit), (12 bytes).
    Removing stm32f10x_usart.o(i.USART_DMACmd), (18 bytes).
    Removing stm32f10x_usart.o(i.USART_DeInit), (156 bytes).
    Removing stm32f10x_usart.o(i.USART_HalfDuplexCmd), (24 bytes).
    Removing stm32f10x_usart.o(i.USART_IrDACmd), (24 bytes).
    Removing stm32f10x_usart.o(i.USART_IrDAConfig), (18 bytes).
    Removing stm32f10x_usart.o(i.USART_LINBreakDetectLengthConfig), (18 bytes).
    Removing stm32f10x_usart.o(i.USART_LINCmd), (24 bytes).
    Removing stm32f10x_usart.o(i.USART_OneBitMethodCmd), (24 bytes).
    Removing stm32f10x_usart.o(i.USART_OverSampling8Cmd), (22 bytes).
    Removing stm32f10x_usart.o(i.USART_ReceiverWakeUpCmd), (24 bytes).
    Removing stm32f10x_usart.o(i.USART_SendBreak), (10 bytes).
    Removing stm32f10x_usart.o(i.USART_SetAddress), (18 bytes).
    Removing stm32f10x_usart.o(i.USART_SetGuardTime), (16 bytes).
    Removing stm32f10x_usart.o(i.USART_SetPrescaler), (16 bytes).
    Removing stm32f10x_usart.o(i.USART_SmartCardCmd), (24 bytes).
    Removing stm32f10x_usart.o(i.USART_SmartCardNACKCmd), (24 bytes).
    Removing stm32f10x_usart.o(i.USART_WakeUpConfig), (18 bytes).
    Removing stm32f10x_adc.o(i.ADC_AnalogWatchdogCmd), (20 bytes).
    Removing stm32f10x_adc.o(i.ADC_AnalogWatchdogSingleChannelConfig), (16 bytes).
    Removing stm32f10x_adc.o(i.ADC_AnalogWatchdogThresholdsConfig), (6 bytes).
    Removing stm32f10x_adc.o(i.ADC_AutoInjectedConvCmd), (22 bytes).
    Removing stm32f10x_adc.o(i.ADC_ClearFlag), (6 bytes).
    Removing stm32f10x_adc.o(i.ADC_ClearITPendingBit), (10 bytes).
    Removing stm32f10x_adc.o(i.ADC_DeInit), (92 bytes).
    Removing stm32f10x_adc.o(i.ADC_DiscModeChannelCountConfig), (24 bytes).
    Removing stm32f10x_adc.o(i.ADC_DiscModeCmd), (22 bytes).
    Removing stm32f10x_adc.o(i.ADC_ExternalTrigInjectedConvCmd), (22 bytes).
    Removing stm32f10x_adc.o(i.ADC_ExternalTrigInjectedConvConfig), (16 bytes).
    Removing stm32f10x_adc.o(i.ADC_GetConversionValue), (8 bytes).
    Removing stm32f10x_adc.o(i.ADC_GetDualModeConversionValue), (12 bytes).
    Removing stm32f10x_adc.o(i.ADC_GetFlagStatus), (18 bytes).
    Removing stm32f10x_adc.o(i.ADC_GetITStatus), (36 bytes).
    Removing stm32f10x_adc.o(i.ADC_GetInjectedConversionValue), (28 bytes).
    Removing stm32f10x_adc.o(i.ADC_GetSoftwareStartConvStatus), (20 bytes).
    Removing stm32f10x_adc.o(i.ADC_GetSoftwareStartInjectedConvCmdStatus), (20 bytes).
    Removing stm32f10x_adc.o(i.ADC_ITConfig), (24 bytes).
    Removing stm32f10x_adc.o(i.ADC_InjectedChannelConfig), (130 bytes).
    Removing stm32f10x_adc.o(i.ADC_InjectedDiscModeCmd), (22 bytes).
    Removing stm32f10x_adc.o(i.ADC_InjectedSequencerLengthConfig), (24 bytes).
    Removing stm32f10x_adc.o(i.ADC_SetInjectedOffset), (20 bytes).
    Removing stm32f10x_adc.o(i.ADC_SoftwareStartConvCmd), (22 bytes).
    Removing stm32f10x_adc.o(i.ADC_SoftwareStartInjectedConvCmd), (22 bytes).
    Removing stm32f10x_adc.o(i.ADC_StructInit), (18 bytes).
    Removing stm32f10x_adc.o(i.ADC_TempSensorVrefintCmd), (36 bytes).
    Removing stm32f10x_dac.o(i.DAC_DeInit), (22 bytes).
    Removing stm32f10x_dac.o(i.DAC_DualSoftwareTriggerCmd), (36 bytes).
    Removing stm32f10x_dac.o(i.DAC_GetDataOutputValue), (36 bytes).
    Removing stm32f10x_dac.o(i.DAC_SetChannel2Data), (32 bytes).
    Removing stm32f10x_dac.o(i.DAC_SetDualChannelData), (36 bytes).
    Removing stm32f10x_dac.o(i.DAC_SoftwareTriggerCmd), (44 bytes).
    Removing stm32f10x_dac.o(i.DAC_StructInit), (12 bytes).
    Removing stm32f10x_dac.o(i.DAC_WaveGenerationCmd), (40 bytes).
    Removing stm32f10x_dma.o(i.DMA_ClearFlag), (28 bytes).
    Removing stm32f10x_dma.o(i.DMA_GetCurrDataCounter), (8 bytes).
    Removing stm32f10x_dma.o(i.DMA_GetFlagStatus), (44 bytes).
    Removing stm32f10x_dma.o(i.DMA_SetCurrDataCounter), (4 bytes).
    Removing stm32f10x_dma.o(i.DMA_StructInit), (26 bytes).
    Removing systick.o(i.DelayNms), (24 bytes).
    Removing systick.o(i.DelayNus), (26 bytes).
    Removing core_cm3.o(.emb_text), (32 bytes).
    Removing system_stm32f10x.o(i.SystemCoreClockUpdate), (164 bytes).
    Removing startup_stm32f10x_hd.o(HEAP), (512 bytes).

221 unused section(s) (total 8470 bytes) removed from the image.

==============================================================================

Image Symbol Table

    Local Symbols

    Symbol Name                              Value     Ov Type        Size  Object(Section)

    ../clib/microlib/division.c              0x00000000   Number         0  uldiv.o ABSOLUTE
    ../clib/microlib/division.c              0x00000000   Number         0  uidiv.o ABSOLUTE
    ../clib/microlib/init/entry.s            0x00000000   Number         0  entry7a.o ABSOLUTE
    ../clib/microlib/init/entry.s            0x00000000   Number         0  entry12a.o ABSOLUTE
    ../clib/microlib/init/entry.s            0x00000000   Number         0  entry11b.o ABSOLUTE
    ../clib/microlib/init/entry.s            0x00000000   Number         0  entry12b.o ABSOLUTE
    ../clib/microlib/init/entry.s            0x00000000   Number         0  entry7b.o ABSOLUTE
    ../clib/microlib/init/entry.s            0x00000000   Number         0  entry10a.o ABSOLUTE
    ../clib/microlib/init/entry.s            0x00000000   Number         0  entry8a.o ABSOLUTE
    ../clib/microlib/init/entry.s            0x00000000   Number         0  entry.o ABSOLUTE
    ../clib/microlib/init/entry.s            0x00000000   Number         0  entry8b.o ABSOLUTE
    ../clib/microlib/init/entry.s            0x00000000   Number         0  entry5.o ABSOLUTE
    ../clib/microlib/init/entry.s            0x00000000   Number         0  entry9a.o ABSOLUTE
    ../clib/microlib/init/entry.s            0x00000000   Number         0  entry2.o ABSOLUTE
    ../clib/microlib/init/entry.s            0x00000000   Number         0  entry9b.o ABSOLUTE
    ../clib/microlib/init/entry.s            0x00000000   Number         0  entry10b.o ABSOLUTE
    ../clib/microlib/init/entry.s            0x00000000   Number         0  entry11a.o ABSOLUTE
    ../clib/microlib/longlong.c              0x00000000   Number         0  llsshr.o ABSOLUTE
    ../clib/microlib/longlong.c              0x00000000   Number         0  llushr.o ABSOLUTE
    ../clib/microlib/longlong.c              0x00000000   Number         0  llshl.o ABSOLUTE
    ../clib/microlib/printf/printf.c         0x00000000   Number         0  printf5.o ABSOLUTE
    ../clib/microlib/printf/printf.c         0x00000000   Number         0  printf6.o ABSOLUTE
    ../clib/microlib/printf/printf.c         0x00000000   Number         0  printf8.o ABSOLUTE
    ../clib/microlib/printf/printf.c         0x00000000   Number         0  printf7.o ABSOLUTE
    ../clib/microlib/printf/printf.c         0x00000000   Number         0  printfa.o ABSOLUTE
    ../clib/microlib/printf/printf.c         0x00000000   Number         0  printf0.o ABSOLUTE
    ../clib/microlib/printf/printf.c         0x00000000   Number         0  printf1.o ABSOLUTE
    ../clib/microlib/printf/printf.c         0x00000000   Number         0  printf2.o ABSOLUTE
    ../clib/microlib/printf/printf.c         0x00000000   Number         0  printf3.o ABSOLUTE
    ../clib/microlib/printf/printf.c         0x00000000   Number         0  printf4.o ABSOLUTE
    ../clib/microlib/printf/printf.c         0x00000000   Number         0  printfb.o ABSOLUTE
    ../clib/microlib/printf/stubs.s          0x00000000   Number         0  stubs.o ABSOLUTE
    ../clib/microlib/stdio/streams.c         0x00000000   Number         0  stdout.o ABSOLUTE
    ../clib/microlib/stubs.s                 0x00000000   Number         0  iusefp.o ABSOLUTE
    ../fplib/microlib/d2f.c                  0x00000000   Number         0  d2f.o ABSOLUTE
    ../fplib/microlib/f2d.c                  0x00000000   Number         0  f2d.o ABSOLUTE
    ../fplib/microlib/fpadd.c                0x00000000   Number         0  dadd.o ABSOLUTE
    ../fplib/microlib/fpdiv.c                0x00000000   Number         0  ddiv.o ABSOLUTE
    ../fplib/microlib/fpepilogue.c           0x00000000   Number         0  depilogue.o ABSOLUTE
    ../fplib/microlib/fpepilogue.c           0x00000000   Number         0  fepilogue.o ABSOLUTE
    ../fplib/microlib/fpfix.c                0x00000000   Number         0  dfixul.o ABSOLUTE
    ../fplib/microlib/fpflt.c                0x00000000   Number         0  dfltui.o ABSOLUTE
    ../fplib/microlib/fpmul.c                0x00000000   Number         0  dmul.o ABSOLUTE
    ..\ARM\NVIC\NVIC.c                       0x00000000   Number         0  nvic.o ABSOLUTE
    ..\ARM\SysTick\SysTick.c                 0x00000000   Number         0  systick.o ABSOLUTE
    ..\ARM\System\core_cm3.c                 0x00000000   Number         0  core_cm3.o ABSOLUTE
    ..\ARM\System\startup_stm32f10x_hd.s     0x00000000   Number         0  startup_stm32f10x_hd.o ABSOLUTE
    ..\ARM\System\stm32f10x_it.c             0x00000000   Number         0  stm32f10x_it.o ABSOLUTE
    ..\ARM\System\system_stm32f10x.c         0x00000000   Number         0  system_stm32f10x.o ABSOLUTE
    ..\App\LED\LED.c                         0x00000000   Number         0  led.o ABSOLUTE
    ..\App\Main\Main.c                       0x00000000   Number         0  main.o ABSOLUTE
    ..\App\PackUnpack\PackUnpack.c           0x00000000   Number         0  packunpack.o ABSOLUTE
    ..\App\SendDataToHost\SendDataToHost.c   0x00000000   Number         0  senddatatohost.o ABSOLUTE
    ..\FW\src\misc.c                         0x00000000   Number         0  misc.o ABSOLUTE
    ..\FW\src\stm32f10x_adc.c                0x00000000   Number         0  stm32f10x_adc.o ABSOLUTE
    ..\FW\src\stm32f10x_dac.c                0x00000000   Number         0  stm32f10x_dac.o ABSOLUTE
    ..\FW\src\stm32f10x_dma.c                0x00000000   Number         0  stm32f10x_dma.o ABSOLUTE
    ..\FW\src\stm32f10x_flash.c              0x00000000   Number         0  stm32f10x_flash.o ABSOLUTE
    ..\FW\src\stm32f10x_gpio.c               0x00000000   Number         0  stm32f10x_gpio.o ABSOLUTE
    ..\FW\src\stm32f10x_rcc.c                0x00000000   Number         0  stm32f10x_rcc.o ABSOLUTE
    ..\FW\src\stm32f10x_tim.c                0x00000000   Number         0  stm32f10x_tim.o ABSOLUTE
    ..\FW\src\stm32f10x_usart.c              0x00000000   Number         0  stm32f10x_usart.o ABSOLUTE
    ..\HW\ADC\ADC.c                          0x00000000   Number         0  adc.o ABSOLUTE
    ..\HW\ADC\U16Queue.c                     0x00000000   Number         0  u16queue.o ABSOLUTE
    ..\HW\DAC\DAC.c                          0x00000000   Number         0  dac.o ABSOLUTE
    ..\HW\RCC\RCC.c                          0x00000000   Number         0  rcc.o ABSOLUTE
    ..\HW\Timer\Timer.c                      0x00000000   Number         0  timer.o ABSOLUTE
    ..\HW\UART1\Queue.c                      0x00000000   Number         0  queue.o ABSOLUTE
    ..\HW\UART1\UART1.c                      0x00000000   Number         0  uart1.o ABSOLUTE
    ..\\ARM\\System\\core_cm3.c              0x00000000   Number         0  core_cm3.o ABSOLUTE
    cdrcmple.s                               0x00000000   Number         0  cdrcmple.o ABSOLUTE
    dc.s                                     0x00000000   Number         0  dc.o ABSOLUTE
    handlers.s                               0x00000000   Number         0  handlers.o ABSOLUTE
    init.s                                   0x00000000   Number         0  init.o ABSOLUTE
    RESET                                    0x08000000   Section      304  startup_stm32f10x_hd.o(RESET)
    .ARM.Collect$$$$00000000                 0x08000130   Section        0  entry.o(.ARM.Collect$$$$00000000)
    .ARM.Collect$$$$00000001                 0x08000130   Section        4  entry2.o(.ARM.Collect$$$$00000001)
    .ARM.Collect$$$$00000004                 0x08000134   Section        4  entry5.o(.ARM.Collect$$$$00000004)
    .ARM.Collect$$$$00000008                 0x08000138   Section        0  entry7b.o(.ARM.Collect$$$$00000008)
    .ARM.Collect$$$$0000000A                 0x08000138   Section        0  entry8b.o(.ARM.Collect$$$$0000000A)
    .ARM.Collect$$$$0000000B                 0x08000138   Section        8  entry9a.o(.ARM.Collect$$$$0000000B)
    .ARM.Collect$$$$0000000E                 0x08000140   Section        4  entry12b.o(.ARM.Collect$$$$0000000E)
    .ARM.Collect$$$$0000000F                 0x08000144   Section        0  entry10a.o(.ARM.Collect$$$$0000000F)
    .ARM.Collect$$$$00000011                 0x08000144   Section        0  entry11a.o(.ARM.Collect$$$$00000011)
    .ARM.Collect$$$$00002712                 0x08000144   Section        4  entry2.o(.ARM.Collect$$$$00002712)
    __lit__00000000                          0x08000144   Data           4  entry2.o(.ARM.Collect$$$$00002712)
    .text                                    0x08000148   Section       36  startup_stm32f10x_hd.o(.text)
    .text                                    0x0800016c   Section        0  dmul.o(.text)
    .text                                    0x08000250   Section        0  ddiv.o(.text)
    .text                                    0x0800032e   Section        0  dfltui.o(.text)
    .text                                    0x08000348   Section        0  f2d.o(.text)
    .text                                    0x0800036e   Section        0  d2f.o(.text)
    .text                                    0x080003a6   Section        0  uidiv.o(.text)
    .text                                    0x080003d2   Section        0  uldiv.o(.text)
    .text                                    0x08000434   Section        0  fepilogue.o(.text)
    .text                                    0x08000434   Section        0  iusefp.o(.text)
    .text                                    0x080004a2   Section        0  depilogue.o(.text)
    .text                                    0x0800055c   Section        0  dadd.o(.text)
    .text                                    0x080006aa   Section        0  dfixul.o(.text)
    .text                                    0x080006dc   Section       48  cdrcmple.o(.text)
    .text                                    0x0800070c   Section       36  init.o(.text)
    .text                                    0x08000730   Section        0  llshl.o(.text)
    .text                                    0x0800074e   Section        0  llushr.o(.text)
    .text                                    0x0800076e   Section        0  llsshr.o(.text)
    i.ADC_Cmd                                0x08000792   Section        0  stm32f10x_adc.o(i.ADC_Cmd)
    i.ADC_DMACmd                             0x080007a8   Section        0  stm32f10x_adc.o(i.ADC_DMACmd)
    i.ADC_ExternalTrigConvCmd                0x080007be   Section        0  stm32f10x_adc.o(i.ADC_ExternalTrigConvCmd)
    i.ADC_GetCalibrationStatus               0x080007d4   Section        0  stm32f10x_adc.o(i.ADC_GetCalibrationStatus)
    i.ADC_GetResetCalibrationStatus          0x080007e8   Section        0  stm32f10x_adc.o(i.ADC_GetResetCalibrationStatus)
    i.ADC_Init                               0x080007fc   Section        0  stm32f10x_adc.o(i.ADC_Init)
    i.ADC_RegularChannelConfig               0x0800084c   Section        0  stm32f10x_adc.o(i.ADC_RegularChannelConfig)
    i.ADC_ResetCalibration                   0x08000904   Section        0  stm32f10x_adc.o(i.ADC_ResetCalibration)
    i.ADC_StartCalibration                   0x0800090e   Section        0  stm32f10x_adc.o(i.ADC_StartCalibration)
    i.BusFault_Handler                       0x08000918   Section        0  stm32f10x_it.o(i.BusFault_Handler)
    i.Clr1SecFlag                            0x0800091c   Section        0  timer.o(i.Clr1SecFlag)
    i.Clr2msFlag                             0x08000928   Section        0  timer.o(i.Clr2msFlag)
    i.ConfigADC1                             0x08000934   Section        0  adc.o(i.ConfigADC1)
    ConfigADC1                               0x08000935   Thumb Code   164  adc.o(i.ConfigADC1)
    i.ConfigDAC1                             0x080009e0   Section        0  dac.o(i.ConfigDAC1)
    ConfigDAC1                               0x080009e1   Thumb Code    92  dac.o(i.ConfigDAC1)
    i.ConfigDMA1Ch1                          0x08000a40   Section        0  adc.o(i.ConfigDMA1Ch1)
    ConfigDMA1Ch1                            0x08000a41   Thumb Code    82  adc.o(i.ConfigDMA1Ch1)
    i.ConfigDMA2Ch3ForDAC1                   0x08000aa0   Section        0  dac.o(i.ConfigDMA2Ch3ForDAC1)
    ConfigDMA2Ch3ForDAC1                     0x08000aa1   Thumb Code   112  dac.o(i.ConfigDMA2Ch3ForDAC1)
    i.ConfigLEDGPIO                          0x08000b18   Section        0  led.o(i.ConfigLEDGPIO)
    ConfigLEDGPIO                            0x08000b19   Thumb Code    84  led.o(i.ConfigLEDGPIO)
    i.ConfigNVIC                             0x08000b70   Section        0  nvic.o(i.ConfigNVIC)
    ConfigNVIC                               0x08000b71   Thumb Code    12  nvic.o(i.ConfigNVIC)
    i.ConfigRCC                              0x08000b7c   Section        0  rcc.o(i.ConfigRCC)
    ConfigRCC                                0x08000b7d   Thumb Code   100  rcc.o(i.ConfigRCC)
    i.ConfigTimer2                           0x08000be0   Section        0  timer.o(i.ConfigTimer2)
    ConfigTimer2                             0x08000be1   Thumb Code    92  timer.o(i.ConfigTimer2)
    i.ConfigTimer3                           0x08000c3c   Section        0  adc.o(i.ConfigTimer3)
    ConfigTimer3                             0x08000c3d   Thumb Code    94  adc.o(i.ConfigTimer3)
    i.ConfigTimer4                           0x08000ca0   Section        0  dac.o(i.ConfigTimer4)
    ConfigTimer4                             0x08000ca1   Thumb Code    64  dac.o(i.ConfigTimer4)
    i.ConfigTimer5                           0x08000ce4   Section        0  timer.o(i.ConfigTimer5)
    ConfigTimer5                             0x08000ce5   Thumb Code    90  timer.o(i.ConfigTimer5)
    i.ConfigUART                             0x08000d44   Section        0  uart1.o(i.ConfigUART)
    ConfigUART                               0x08000d45   Thumb Code   182  uart1.o(i.ConfigUART)
    i.DAC_Cmd                                0x08000e08   Section        0  stm32f10x_dac.o(i.DAC_Cmd)
    i.DAC_DMACmd                             0x08000e30   Section        0  stm32f10x_dac.o(i.DAC_DMACmd)
    i.DAC_Init                               0x08000e5c   Section        0  stm32f10x_dac.o(i.DAC_Init)
    i.DAC_SetChannel1Data                    0x08000e90   Section        0  stm32f10x_dac.o(i.DAC_SetChannel1Data)
    i.DMA2_Channel3_IRQHandler               0x08000eb0   Section        0  dac.o(i.DMA2_Channel3_IRQHandler)
    i.DMA_ClearITPendingBit                  0x08000ee8   Section        0  stm32f10x_dma.o(i.DMA_ClearITPendingBit)
    i.DMA_Cmd                                0x08000f04   Section        0  stm32f10x_dma.o(i.DMA_Cmd)
    i.DMA_DeInit                             0x08000f1c   Section        0  stm32f10x_dma.o(i.DMA_DeInit)
    i.DMA_GetITStatus                        0x08001068   Section        0  stm32f10x_dma.o(i.DMA_GetITStatus)
    i.DMA_ITConfig                           0x08001094   Section        0  stm32f10x_dma.o(i.DMA_ITConfig)
    i.DMA_Init                               0x080010a6   Section        0  stm32f10x_dma.o(i.DMA_Init)
    i.DeQueue                                0x080010e2   Section        0  queue.o(i.DeQueue)
    i.DeU16Queue                             0x08001126   Section        0  u16queue.o(i.DeU16Queue)
    i.DebugMon_Handler                       0x0800116e   Section        0  stm32f10x_it.o(i.DebugMon_Handler)
    i.EnQueue                                0x08001170   Section        0  queue.o(i.EnQueue)
    i.EnU16Queue                             0x080011b8   Section        0  u16queue.o(i.EnU16Queue)
    i.FLASH_PrefetchBufferCmd                0x08001204   Section        0  stm32f10x_flash.o(i.FLASH_PrefetchBufferCmd)
    i.FLASH_SetLatency                       0x08001220   Section        0  stm32f10x_flash.o(i.FLASH_SetLatency)
    i.GPIO_Init                              0x08001238   Section        0  stm32f10x_gpio.o(i.GPIO_Init)
    i.GPIO_ReadOutputDataBit                 0x0800134e   Section        0  stm32f10x_gpio.o(i.GPIO_ReadOutputDataBit)
    i.GPIO_WriteBit                          0x08001360   Section        0  stm32f10x_gpio.o(i.GPIO_WriteBit)
    i.Get1SecFlag                            0x0800136c   Section        0  timer.o(i.Get1SecFlag)
    i.Get2msFlag                             0x08001378   Section        0  timer.o(i.Get2msFlag)
    i.HardFault_Handler                      0x08001384   Section        0  stm32f10x_it.o(i.HardFault_Handler)
    i.InitADC                                0x08001388   Section        0  adc.o(i.InitADC)
    i.InitDAC                                0x080013b4   Section        0  dac.o(i.InitDAC)
    i.InitHardware                           0x080013cc   Section        0  main.o(i.InitHardware)
    InitHardware                             0x080013cd   Thumb Code    44  main.o(i.InitHardware)
    i.InitLED                                0x080013f8   Section        0  led.o(i.InitLED)
    i.InitNVIC                               0x08001400   Section        0  nvic.o(i.InitNVIC)
    i.InitPackUnpack                         0x08001408   Section        0  packunpack.o(i.InitPackUnpack)
    i.InitQueue                              0x0800144c   Section        0  queue.o(i.InitQueue)
    i.InitRCC                                0x08001470   Section        0  rcc.o(i.InitRCC)
    i.InitSendDataToHost                     0x08001478   Section        0  senddatatohost.o(i.InitSendDataToHost)
    i.InitSoftware                           0x0800147a   Section        0  main.o(i.InitSoftware)
    InitSoftware                             0x0800147b   Thumb Code    12  main.o(i.InitSoftware)
    i.InitSysTick                            0x08001488   Section        0  systick.o(i.InitSysTick)
    i.InitTimer                              0x080014f0   Section        0  timer.o(i.InitTimer)
    i.InitU16Queue                           0x08001508   Section        0  u16queue.o(i.InitU16Queue)
    i.InitUART1                              0x0800152e   Section        0  uart1.o(i.InitUART1)
    i.InitUARTBuf                            0x08001540   Section        0  uart1.o(i.InitUARTBuf)
    InitUARTBuf                              0x08001541   Thumb Code    46  uart1.o(i.InitUARTBuf)
    i.LEDFlicker                             0x08001580   Section        0  led.o(i.LEDFlicker)
    i.MemManage_Handler                      0x080015d4   Section        0  stm32f10x_it.o(i.MemManage_Handler)
    i.NMI_Handler                            0x080015d8   Section        0  stm32f10x_it.o(i.NMI_Handler)
    i.NVIC_ClearPendingIRQ                   0x080015dc   Section        0  uart1.o(i.NVIC_ClearPendingIRQ)
    NVIC_ClearPendingIRQ                     0x080015dd   Thumb Code    18  uart1.o(i.NVIC_ClearPendingIRQ)
    i.NVIC_Init                              0x080015f4   Section        0  misc.o(i.NVIC_Init)
    i.NVIC_PriorityGroupConfig               0x08001664   Section        0  misc.o(i.NVIC_PriorityGroupConfig)
    i.PendSV_Handler                         0x08001678   Section        0  stm32f10x_it.o(i.PendSV_Handler)
    i.Proc1SecTask                           0x0800167a   Section        0  main.o(i.Proc1SecTask)
    Proc1SecTask                             0x0800167b   Thumb Code    14  main.o(i.Proc1SecTask)
    i.Proc2msTask                            0x08001688   Section        0  main.o(i.Proc2msTask)
    Proc2msTask                              0x08001689   Thumb Code   122  main.o(i.Proc2msTask)
    i.QueueEmpty                             0x08001714   Section        0  queue.o(i.QueueEmpty)
    i.RCC_ADCCLKConfig                       0x08001724   Section        0  stm32f10x_rcc.o(i.RCC_ADCCLKConfig)
    i.RCC_AHBPeriphClockCmd                  0x0800173c   Section        0  stm32f10x_rcc.o(i.RCC_AHBPeriphClockCmd)
    i.RCC_APB1PeriphClockCmd                 0x0800175c   Section        0  stm32f10x_rcc.o(i.RCC_APB1PeriphClockCmd)
    i.RCC_APB1PeriphResetCmd                 0x0800177c   Section        0  stm32f10x_rcc.o(i.RCC_APB1PeriphResetCmd)
    i.RCC_APB2PeriphClockCmd                 0x0800179c   Section        0  stm32f10x_rcc.o(i.RCC_APB2PeriphClockCmd)
    i.RCC_APB2PeriphResetCmd                 0x080017bc   Section        0  stm32f10x_rcc.o(i.RCC_APB2PeriphResetCmd)
    i.RCC_DeInit                             0x080017dc   Section        0  stm32f10x_rcc.o(i.RCC_DeInit)
    i.RCC_GetClocksFreq                      0x08001828   Section        0  stm32f10x_rcc.o(i.RCC_GetClocksFreq)
    i.RCC_GetFlagStatus                      0x080018fc   Section        0  stm32f10x_rcc.o(i.RCC_GetFlagStatus)
    i.RCC_GetSYSCLKSource                    0x08001938   Section        0  stm32f10x_rcc.o(i.RCC_GetSYSCLKSource)
    i.RCC_HCLKConfig                         0x08001948   Section        0  stm32f10x_rcc.o(i.RCC_HCLKConfig)
    i.RCC_HSEConfig                          0x08001960   Section        0  stm32f10x_rcc.o(i.RCC_HSEConfig)
    i.RCC_PCLK1Config                        0x080019ac   Section        0  stm32f10x_rcc.o(i.RCC_PCLK1Config)
    i.RCC_PCLK2Config                        0x080019c4   Section        0  stm32f10x_rcc.o(i.RCC_PCLK2Config)
    i.RCC_PLLCmd                             0x080019dc   Section        0  stm32f10x_rcc.o(i.RCC_PLLCmd)
    i.RCC_PLLConfig                          0x080019e8   Section        0  stm32f10x_rcc.o(i.RCC_PLLConfig)
    i.RCC_SYSCLKConfig                       0x08001a04   Section        0  stm32f10x_rcc.o(i.RCC_SYSCLKConfig)
    i.RCC_WaitForHSEStartUp                  0x08001a1c   Section        0  stm32f10x_rcc.o(i.RCC_WaitForHSEStartUp)
    i.ReadADCBuf                             0x08001a54   Section        0  adc.o(i.ReadADCBuf)
    i.ReadSendBuf                            0x08001a70   Section        0  uart1.o(i.ReadSendBuf)
    ReadSendBuf                              0x08001a71   Thumb Code    22  uart1.o(i.ReadSendBuf)
    i.ReadUART1                              0x08001a8c   Section        0  uart1.o(i.ReadUART1)
    i.SVC_Handler                            0x08001aa8   Section        0  stm32f10x_it.o(i.SVC_Handler)
    i.SendCharUsedByFputc                    0x08001aac   Section        0  uart1.o(i.SendCharUsedByFputc)
    SendCharUsedByFputc                      0x08001aad   Thumb Code    28  uart1.o(i.SendCharUsedByFputc)
    i.SetSysClock                            0x08001acc   Section        0  system_stm32f10x.o(i.SetSysClock)
    SetSysClock                              0x08001acd   Thumb Code     8  system_stm32f10x.o(i.SetSysClock)
    i.SetSysClockTo72                        0x08001ad4   Section        0  system_stm32f10x.o(i.SetSysClockTo72)
    SetSysClockTo72                          0x08001ad5   Thumb Code   214  system_stm32f10x.o(i.SetSysClockTo72)
    i.SysTick_Handler                        0x08001bb4   Section        0  systick.o(i.SysTick_Handler)
    i.SystemInit                             0x08001bbc   Section        0  system_stm32f10x.o(i.SystemInit)
    i.TIM2_IRQHandler                        0x08001c1c   Section        0  timer.o(i.TIM2_IRQHandler)
    i.TIM3_IRQHandler                        0x08001c58   Section        0  adc.o(i.TIM3_IRQHandler)
    i.TIM5_IRQHandler                        0x08001c80   Section        0  timer.o(i.TIM5_IRQHandler)
    i.TIM_ClearITPendingBit                  0x08001cc8   Section        0  stm32f10x_tim.o(i.TIM_ClearITPendingBit)
    i.TIM_Cmd                                0x08001cce   Section        0  stm32f10x_tim.o(i.TIM_Cmd)
    i.TIM_DeInit                             0x08001ce8   Section        0  stm32f10x_tim.o(i.TIM_DeInit)
    i.TIM_GetITStatus                        0x08001ed0   Section        0  stm32f10x_tim.o(i.TIM_GetITStatus)
    i.TIM_ITConfig                           0x08001ef2   Section        0  stm32f10x_tim.o(i.TIM_ITConfig)
    i.TIM_SelectOutputTrigger                0x08001f04   Section        0  stm32f10x_tim.o(i.TIM_SelectOutputTrigger)
    i.TIM_TimeBaseInit                       0x08001f18   Section        0  stm32f10x_tim.o(i.TIM_TimeBaseInit)
    i.TimDelayDec                            0x08001fbc   Section        0  systick.o(i.TimDelayDec)
    TimDelayDec                              0x08001fbd   Thumb Code    18  systick.o(i.TimDelayDec)
    i.USART1_IRQHandler                      0x08001fd4   Section        0  uart1.o(i.USART1_IRQHandler)
    i.USART_ClearFlag                        0x0800206c   Section        0  stm32f10x_usart.o(i.USART_ClearFlag)
    i.USART_ClearITPendingBit                0x0800207e   Section        0  stm32f10x_usart.o(i.USART_ClearITPendingBit)
    i.USART_Cmd                              0x0800209c   Section        0  stm32f10x_usart.o(i.USART_Cmd)
    i.USART_GetFlagStatus                    0x080020b4   Section        0  stm32f10x_usart.o(i.USART_GetFlagStatus)
    i.USART_GetITStatus                      0x080020ce   Section        0  stm32f10x_usart.o(i.USART_GetITStatus)
    i.USART_ITConfig                         0x08002122   Section        0  stm32f10x_usart.o(i.USART_ITConfig)
    i.USART_Init                             0x0800216c   Section        0  stm32f10x_usart.o(i.USART_Init)
    i.USART_ReceiveData                      0x08002244   Section        0  stm32f10x_usart.o(i.USART_ReceiveData)
    i.USART_SendData                         0x0800224e   Section        0  stm32f10x_usart.o(i.USART_SendData)
    i.USART_StructInit                       0x08002256   Section        0  stm32f10x_usart.o(i.USART_StructInit)
    i.UsageFault_Handler                     0x0800226e   Section        0  stm32f10x_it.o(i.UsageFault_Handler)
    i.WriteADCBuf                            0x08002274   Section        0  adc.o(i.WriteADCBuf)
    i.WriteReceiveBuf                        0x0800228c   Section        0  uart1.o(i.WriteReceiveBuf)
    WriteReceiveBuf                          0x0800228d   Thumb Code    20  uart1.o(i.WriteReceiveBuf)
    i.__0printf                              0x080022a4   Section        0  printfa.o(i.__0printf)
    i.__scatterload_copy                     0x080022c4   Section       14  handlers.o(i.__scatterload_copy)
    i.__scatterload_null                     0x080022d2   Section        2  handlers.o(i.__scatterload_null)
    i.__scatterload_zeroinit                 0x080022d4   Section       14  handlers.o(i.__scatterload_zeroinit)
    i._fp_digits                             0x080022e4   Section        0  printfa.o(i._fp_digits)
    _fp_digits                               0x080022e5   Thumb Code   366  printfa.o(i._fp_digits)
    i._printf_core                           0x08002468   Section        0  printfa.o(i._printf_core)
    _printf_core                             0x08002469   Thumb Code  1704  printfa.o(i._printf_core)
    i._printf_post_padding                   0x08002b1c   Section        0  printfa.o(i._printf_post_padding)
    _printf_post_padding                     0x08002b1d   Thumb Code    36  printfa.o(i._printf_post_padding)
    i._printf_pre_padding                    0x08002b40   Section        0  printfa.o(i._printf_pre_padding)
    _printf_pre_padding                      0x08002b41   Thumb Code    46  printfa.o(i._printf_pre_padding)
    i.fputc                                  0x08002b6e   Section        0  uart1.o(i.fputc)
    i.main                                   0x08002b80   Section        0  main.o(i.main)
    .data                                    0x20000000   Section        7  main.o(.data)
    s_iCnt4                                  0x20000000   Data           1  main.o(.data)
    s_iPointCnt                              0x20000001   Data           1  main.o(.data)
    s_arrWaveData                            0x20000002   Data           5  main.o(.data)
    .data                                    0x20000008   Section        2  led.o(.data)
    s_iCnt                                   0x20000008   Data           2  led.o(.data)
    .data                                    0x2000000a   Section        3  packunpack.o(.data)
    s_iPackLen                               0x2000000a   Data           1  packunpack.o(.data)
    s_iGotPackId                             0x2000000b   Data           1  packunpack.o(.data)
    s_iRestByteNum                           0x2000000c   Data           1  packunpack.o(.data)
    .data                                    0x2000000e   Section        6  timer.o(.data)
    s_i2msFlag                               0x2000000e   Data           1  timer.o(.data)
    s_i1secFlag                              0x2000000f   Data           1  timer.o(.data)
    s_iCnt2                                  0x20000010   Data           2  timer.o(.data)
    s_iCnt1000                               0x20000012   Data           2  timer.o(.data)
    .data                                    0x20000014   Section        1  uart1.o(.data)
    s_iUARTTxSts                             0x20000014   Data           1  uart1.o(.data)
    .data                                    0x20000016   Section        2  adc.o(.data)
    s_arrADC1Data                            0x20000016   Data           2  adc.o(.data)
    .data                                    0x20000018   Section       20  stm32f10x_rcc.o(.data)
    APBAHBPrescTable                         0x20000018   Data          16  stm32f10x_rcc.o(.data)
    ADCPrescTable                            0x20000028   Data           4  stm32f10x_rcc.o(.data)
    .data                                    0x2000002c   Section        4  systick.o(.data)
    s_iTimDelayCnt                           0x2000002c   Data           4  systick.o(.data)
    .data                                    0x20000030   Section       20  system_stm32f10x.o(.data)
    .data                                    0x20000044   Section        4  stdout.o(.data)
    .bss                                     0x20000048   Section       10  packunpack.o(.bss)
    s_ptPack                                 0x20000048   Data          10  packunpack.o(.bss)
    .bss                                     0x20000054   Section      224  uart1.o(.bss)
    s_structUARTSendCirQue                   0x20000054   Data          12  uart1.o(.bss)
    s_structUARTRecCirQue                    0x20000060   Data          12  uart1.o(.bss)
    s_arrSendBuf                             0x2000006c   Data         100  uart1.o(.bss)
    s_arrRecBuf                              0x200000d0   Data         100  uart1.o(.bss)
    .bss                                     0x20000134   Section      212  adc.o(.bss)
    s_structADCCirQue                        0x20000134   Data          12  adc.o(.bss)
    s_arrADCBuf                              0x20000140   Data         200  adc.o(.bss)
    STACK                                    0x20000208   Section     1024  startup_stm32f10x_hd.o(STACK)

    Global Symbols

    Symbol Name                              Value     Ov Type        Size  Object(Section)

    BuildAttributes$$THM_ISAv4$P$D$K$B$S$PE$A:L22UL41UL21$X:L11$S22US41US21$IEEE1$IW$USESV6$~STKCKD$USESV7$~SHL$OTIME$ROPI$EBA8$MICROLIB$REQ8$PRES8$EABIv2 0x00000000   Number         0  anon$$obj.o ABSOLUTE
    __ARM_use_no_argv                        0x00000000   Number         0  main.o ABSOLUTE
    _printf_a                                0x00000000   Number         0  stubs.o ABSOLUTE
    _printf_c                                0x00000000   Number         0  stubs.o ABSOLUTE
    _printf_charcount                        0x00000000   Number         0  stubs.o ABSOLUTE
    _printf_d                                0x00000000   Number         0  stubs.o ABSOLUTE
    _printf_e                                0x00000000   Number         0  stubs.o ABSOLUTE
    _printf_f                                0x00000000   Number         0  stubs.o ABSOLUTE
    _printf_flags                            0x00000000   Number         0  stubs.o ABSOLUTE
    _printf_fp_dec                           0x00000000   Number         0  stubs.o ABSOLUTE
    _printf_fp_hex                           0x00000000   Number         0  stubs.o ABSOLUTE
    _printf_g                                0x00000000   Number         0  stubs.o ABSOLUTE
    _printf_i                                0x00000000   Number         0  stubs.o ABSOLUTE
    _printf_int_dec                          0x00000000   Number         0  stubs.o ABSOLUTE
    _printf_l                                0x00000000   Number         0  stubs.o ABSOLUTE
    _printf_lc                               0x00000000   Number         0  stubs.o ABSOLUTE
    _printf_ll                               0x00000000   Number         0  stubs.o ABSOLUTE
    _printf_lld                              0x00000000   Number         0  stubs.o ABSOLUTE
    _printf_lli                              0x00000000   Number         0  stubs.o ABSOLUTE
    _printf_llo                              0x00000000   Number         0  stubs.o ABSOLUTE
    _printf_llu                              0x00000000   Number         0  stubs.o ABSOLUTE
    _printf_llx                              0x00000000   Number         0  stubs.o ABSOLUTE
    _printf_longlong_dec                     0x00000000   Number         0  stubs.o ABSOLUTE
    _printf_longlong_hex                     0x00000000   Number         0  stubs.o ABSOLUTE
    _printf_longlong_oct                     0x00000000   Number         0  stubs.o ABSOLUTE
    _printf_ls                               0x00000000   Number         0  stubs.o ABSOLUTE
    _printf_mbtowc                           0x00000000   Number         0  stubs.o ABSOLUTE
    _printf_n                                0x00000000   Number         0  stubs.o ABSOLUTE
    _printf_o                                0x00000000   Number         0  stubs.o ABSOLUTE
    _printf_p                                0x00000000   Number         0  stubs.o ABSOLUTE
    _printf_percent                          0x00000000   Number         0  stubs.o ABSOLUTE
    _printf_pre_padding                      0x00000000   Number         0  stubs.o ABSOLUTE
    _printf_return_value                     0x00000000   Number         0  stubs.o ABSOLUTE
    _printf_s                                0x00000000   Number         0  stubs.o ABSOLUTE
    _printf_sizespec                         0x00000000   Number         0  stubs.o ABSOLUTE
    _printf_str                              0x00000000   Number         0  stubs.o ABSOLUTE
    _printf_truncate_signed                  0x00000000   Number         0  stubs.o ABSOLUTE
    _printf_truncate_unsigned                0x00000000   Number         0  stubs.o ABSOLUTE
    _printf_u                                0x00000000   Number         0  stubs.o ABSOLUTE
    _printf_wc                               0x00000000   Number         0  stubs.o ABSOLUTE
    _printf_wctomb                           0x00000000   Number         0  stubs.o ABSOLUTE
    _printf_widthprec                        0x00000000   Number         0  stubs.o ABSOLUTE
    _printf_x                                0x00000000   Number         0  stubs.o ABSOLUTE
    __arm_fini_                               - Undefined Weak Reference
    __cpp_initialize__aeabi_                  - Undefined Weak Reference
    __cxa_finalize                            - Undefined Weak Reference
    __decompress                              - Undefined Weak Reference
    _clock_init                               - Undefined Weak Reference
    _microlib_exit                            - Undefined Weak Reference
    __Vectors_Size                           0x00000130   Number         0  startup_stm32f10x_hd.o ABSOLUTE
    __Vectors                                0x08000000   Data           4  startup_stm32f10x_hd.o(RESET)
    __Vectors_End                            0x08000130   Data           0  startup_stm32f10x_hd.o(RESET)
    __main                                   0x08000131   Thumb Code     0  entry.o(.ARM.Collect$$$$00000000)
    _main_stk                                0x08000131   Thumb Code     0  entry2.o(.ARM.Collect$$$$00000001)
    _main_scatterload                        0x08000135   Thumb Code     0  entry5.o(.ARM.Collect$$$$00000004)
    __main_after_scatterload                 0x08000139   Thumb Code     0  entry5.o(.ARM.Collect$$$$00000004)
    _main_clock                              0x08000139   Thumb Code     0  entry7b.o(.ARM.Collect$$$$00000008)
    _main_cpp_init                           0x08000139   Thumb Code     0  entry8b.o(.ARM.Collect$$$$0000000A)
    _main_init                               0x08000139   Thumb Code     0  entry9a.o(.ARM.Collect$$$$0000000B)
    __rt_lib_shutdown_fini                   0x08000141   Thumb Code     0  entry12b.o(.ARM.Collect$$$$0000000E)
    __rt_final_cpp                           0x08000145   Thumb Code     0  entry10a.o(.ARM.Collect$$$$0000000F)
    __rt_final_exit                          0x08000145   Thumb Code     0  entry11a.o(.ARM.Collect$$$$00000011)
    Reset_Handler                            0x08000149   Thumb Code     8  startup_stm32f10x_hd.o(.text)
    ADC1_2_IRQHandler                        0x08000163   Thumb Code     0  startup_stm32f10x_hd.o(.text)
    ADC3_IRQHandler                          0x08000163   Thumb Code     0  startup_stm32f10x_hd.o(.text)
    CAN1_RX1_IRQHandler                      0x08000163   Thumb Code     0  startup_stm32f10x_hd.o(.text)
    CAN1_SCE_IRQHandler                      0x08000163   Thumb Code     0  startup_stm32f10x_hd.o(.text)
    DMA1_Channel1_IRQHandler                 0x08000163   Thumb Code     0  startup_stm32f10x_hd.o(.text)
    DMA1_Channel2_IRQHandler                 0x08000163   Thumb Code     0  startup_stm32f10x_hd.o(.text)
    DMA1_Channel3_IRQHandler                 0x08000163   Thumb Code     0  startup_stm32f10x_hd.o(.text)
    DMA1_Channel4_IRQHandler                 0x08000163   Thumb Code     0  startup_stm32f10x_hd.o(.text)
    DMA1_Channel5_IRQHandler                 0x08000163   Thumb Code     0  startup_stm32f10x_hd.o(.text)
    DMA1_Channel6_IRQHandler                 0x08000163   Thumb Code     0  startup_stm32f10x_hd.o(.text)
    DMA1_Channel7_IRQHandler                 0x08000163   Thumb Code     0  startup_stm32f10x_hd.o(.text)
    DMA2_Channel1_IRQHandler                 0x08000163   Thumb Code     0  startup_stm32f10x_hd.o(.text)
    DMA2_Channel2_IRQHandler                 0x08000163   Thumb Code     0  startup_stm32f10x_hd.o(.text)
    DMA2_Channel4_5_IRQHandler               0x08000163   Thumb Code     0  startup_stm32f10x_hd.o(.text)
    EXTI0_IRQHandler                         0x08000163   Thumb Code     0  startup_stm32f10x_hd.o(.text)
    EXTI15_10_IRQHandler                     0x08000163   Thumb Code     0  startup_stm32f10x_hd.o(.text)
    EXTI1_IRQHandler                         0x08000163   Thumb Code     0  startup_stm32f10x_hd.o(.text)
    EXTI2_IRQHandler                         0x08000163   Thumb Code     0  startup_stm32f10x_hd.o(.text)
    EXTI3_IRQHandler                         0x08000163   Thumb Code     0  startup_stm32f10x_hd.o(.text)
    EXTI4_IRQHandler                         0x08000163   Thumb Code     0  startup_stm32f10x_hd.o(.text)
    EXTI9_5_IRQHandler                       0x08000163   Thumb Code     0  startup_stm32f10x_hd.o(.text)
    FLASH_IRQHandler                         0x08000163   Thumb Code     0  startup_stm32f10x_hd.o(.text)
    FSMC_IRQHandler                          0x08000163   Thumb Code     0  startup_stm32f10x_hd.o(.text)
    I2C1_ER_IRQHandler                       0x08000163   Thumb Code     0  startup_stm32f10x_hd.o(.text)
    I2C1_EV_IRQHandler                       0x08000163   Thumb Code     0  startup_stm32f10x_hd.o(.text)
    I2C2_ER_IRQHandler                       0x08000163   Thumb Code     0  startup_stm32f10x_hd.o(.text)
    I2C2_EV_IRQHandler                       0x08000163   Thumb Code     0  startup_stm32f10x_hd.o(.text)
    PVD_IRQHandler                           0x08000163   Thumb Code     0  startup_stm32f10x_hd.o(.text)
    RCC_IRQHandler                           0x08000163   Thumb Code     0  startup_stm32f10x_hd.o(.text)
    RTCAlarm_IRQHandler                      0x08000163   Thumb Code     0  startup_stm32f10x_hd.o(.text)
    RTC_IRQHandler                           0x08000163   Thumb Code     0  startup_stm32f10x_hd.o(.text)
    SDIO_IRQHandler                          0x08000163   Thumb Code     0  startup_stm32f10x_hd.o(.text)
    SPI1_IRQHandler                          0x08000163   Thumb Code     0  startup_stm32f10x_hd.o(.text)
    SPI2_IRQHandler                          0x08000163   Thumb Code     0  startup_stm32f10x_hd.o(.text)
    SPI3_IRQHandler                          0x08000163   Thumb Code     0  startup_stm32f10x_hd.o(.text)
    TAMPER_IRQHandler                        0x08000163   Thumb Code     0  startup_stm32f10x_hd.o(.text)
    TIM1_BRK_IRQHandler                      0x08000163   Thumb Code     0  startup_stm32f10x_hd.o(.text)
    TIM1_CC_IRQHandler                       0x08000163   Thumb Code     0  startup_stm32f10x_hd.o(.text)
    TIM1_TRG_COM_IRQHandler                  0x08000163   Thumb Code     0  startup_stm32f10x_hd.o(.text)
    TIM1_UP_IRQHandler                       0x08000163   Thumb Code     0  startup_stm32f10x_hd.o(.text)
    TIM4_IRQHandler                          0x08000163   Thumb Code     0  startup_stm32f10x_hd.o(.text)
    TIM6_IRQHandler                          0x08000163   Thumb Code     0  startup_stm32f10x_hd.o(.text)
    TIM7_IRQHandler                          0x08000163   Thumb Code     0  startup_stm32f10x_hd.o(.text)
    TIM8_BRK_IRQHandler                      0x08000163   Thumb Code     0  startup_stm32f10x_hd.o(.text)
    TIM8_CC_IRQHandler                       0x08000163   Thumb Code     0  startup_stm32f10x_hd.o(.text)
    TIM8_TRG_COM_IRQHandler                  0x08000163   Thumb Code     0  startup_stm32f10x_hd.o(.text)
    TIM8_UP_IRQHandler                       0x08000163   Thumb Code     0  startup_stm32f10x_hd.o(.text)
    UART4_IRQHandler                         0x08000163   Thumb Code     0  startup_stm32f10x_hd.o(.text)
    UART5_IRQHandler                         0x08000163   Thumb Code     0  startup_stm32f10x_hd.o(.text)
    USART2_IRQHandler                        0x08000163   Thumb Code     0  startup_stm32f10x_hd.o(.text)
    USART3_IRQHandler                        0x08000163   Thumb Code     0  startup_stm32f10x_hd.o(.text)
    USBWakeUp_IRQHandler                     0x08000163   Thumb Code     0  startup_stm32f10x_hd.o(.text)
    USB_HP_CAN1_TX_IRQHandler                0x08000163   Thumb Code     0  startup_stm32f10x_hd.o(.text)
    USB_LP_CAN1_RX0_IRQHandler               0x08000163   Thumb Code     0  startup_stm32f10x_hd.o(.text)
    WWDG_IRQHandler                          0x08000163   Thumb Code     0  startup_stm32f10x_hd.o(.text)
    __aeabi_dmul                             0x0800016d   Thumb Code   228  dmul.o(.text)
    __aeabi_ddiv                             0x08000251   Thumb Code   222  ddiv.o(.text)
    __aeabi_ui2d                             0x0800032f   Thumb Code    26  dfltui.o(.text)
    __aeabi_f2d                              0x08000349   Thumb Code    38  f2d.o(.text)
    __aeabi_d2f                              0x0800036f   Thumb Code    56  d2f.o(.text)
    __aeabi_uidiv                            0x080003a7   Thumb Code     0  uidiv.o(.text)
    __aeabi_uidivmod                         0x080003a7   Thumb Code    44  uidiv.o(.text)
    __aeabi_uldivmod                         0x080003d3   Thumb Code    98  uldiv.o(.text)
    __I$use$fp                               0x08000435   Thumb Code     0  iusefp.o(.text)
    _float_round                             0x08000435   Thumb Code    18  fepilogue.o(.text)
    _float_epilogue                          0x08000447   Thumb Code    92  fepilogue.o(.text)
    _double_round                            0x080004a3   Thumb Code    30  depilogue.o(.text)
    _double_epilogue                         0x080004c1   Thumb Code   156  depilogue.o(.text)
    __aeabi_dadd                             0x0800055d   Thumb Code   322  dadd.o(.text)
    __aeabi_dsub                             0x0800069f   Thumb Code     6  dadd.o(.text)
    __aeabi_drsub                            0x080006a5   Thumb Code     6  dadd.o(.text)
    __aeabi_d2ulz                            0x080006ab   Thumb Code    48  dfixul.o(.text)
    __aeabi_cdrcmple                         0x080006dd   Thumb Code    48  cdrcmple.o(.text)
    __scatterload                            0x0800070d   Thumb Code    28  init.o(.text)
    __scatterload_rt2                        0x0800070d   Thumb Code     0  init.o(.text)
    __aeabi_llsl                             0x08000731   Thumb Code    30  llshl.o(.text)
    _ll_shift_l                              0x08000731   Thumb Code     0  llshl.o(.text)
    __aeabi_llsr                             0x0800074f   Thumb Code    32  llushr.o(.text)
    _ll_ushift_r                             0x0800074f   Thumb Code     0  llushr.o(.text)
    __aeabi_lasr                             0x0800076f   Thumb Code    36  llsshr.o(.text)
    _ll_sshift_r                             0x0800076f   Thumb Code     0  llsshr.o(.text)
    ADC_Cmd                                  0x08000793   Thumb Code    22  stm32f10x_adc.o(i.ADC_Cmd)
    ADC_DMACmd                               0x080007a9   Thumb Code    22  stm32f10x_adc.o(i.ADC_DMACmd)
    ADC_ExternalTrigConvCmd                  0x080007bf   Thumb Code    22  stm32f10x_adc.o(i.ADC_ExternalTrigConvCmd)
    ADC_GetCalibrationStatus                 0x080007d5   Thumb Code    20  stm32f10x_adc.o(i.ADC_GetCalibrationStatus)
    ADC_GetResetCalibrationStatus            0x080007e9   Thumb Code    20  stm32f10x_adc.o(i.ADC_GetResetCalibrationStatus)
    ADC_Init                                 0x080007fd   Thumb Code    70  stm32f10x_adc.o(i.ADC_Init)
    ADC_RegularChannelConfig                 0x0800084d   Thumb Code   184  stm32f10x_adc.o(i.ADC_RegularChannelConfig)
    ADC_ResetCalibration                     0x08000905   Thumb Code    10  stm32f10x_adc.o(i.ADC_ResetCalibration)
    ADC_StartCalibration                     0x0800090f   Thumb Code    10  stm32f10x_adc.o(i.ADC_StartCalibration)
    BusFault_Handler                         0x08000919   Thumb Code     4  stm32f10x_it.o(i.BusFault_Handler)
    Clr1SecFlag                              0x0800091d   Thumb Code     8  timer.o(i.Clr1SecFlag)
    Clr2msFlag                               0x08000929   Thumb Code     8  timer.o(i.Clr2msFlag)
    DAC_Cmd                                  0x08000e09   Thumb Code    34  stm32f10x_dac.o(i.DAC_Cmd)
    DAC_DMACmd                               0x08000e31   Thumb Code    38  stm32f10x_dac.o(i.DAC_DMACmd)
    DAC_Init                                 0x08000e5d   Thumb Code    46  stm32f10x_dac.o(i.DAC_Init)
    DAC_SetChannel1Data                      0x08000e91   Thumb Code    26  stm32f10x_dac.o(i.DAC_SetChannel1Data)
    DMA2_Channel3_IRQHandler                 0x08000eb1   Thumb Code    42  dac.o(i.DMA2_Channel3_IRQHandler)
    DMA_ClearITPendingBit                    0x08000ee9   Thumb Code    18  stm32f10x_dma.o(i.DMA_ClearITPendingBit)
    DMA_Cmd                                  0x08000f05   Thumb Code    24  stm32f10x_dma.o(i.DMA_Cmd)
    DMA_DeInit                               0x08000f1d   Thumb Code   324  stm32f10x_dma.o(i.DMA_DeInit)
    DMA_GetITStatus                          0x08001069   Thumb Code    36  stm32f10x_dma.o(i.DMA_GetITStatus)
    DMA_ITConfig                             0x08001095   Thumb Code    18  stm32f10x_dma.o(i.DMA_ITConfig)
    DMA_Init                                 0x080010a7   Thumb Code    60  stm32f10x_dma.o(i.DMA_Init)
    DeQueue                                  0x080010e3   Thumb Code    68  queue.o(i.DeQueue)
    DeU16Queue                               0x08001127   Thumb Code    72  u16queue.o(i.DeU16Queue)
    DebugMon_Handler                         0x0800116f   Thumb Code     2  stm32f10x_it.o(i.DebugMon_Handler)
    EnQueue                                  0x08001171   Thumb Code    72  queue.o(i.EnQueue)
    EnU16Queue                               0x080011b9   Thumb Code    76  u16queue.o(i.EnU16Queue)
    FLASH_PrefetchBufferCmd                  0x08001205   Thumb Code    22  stm32f10x_flash.o(i.FLASH_PrefetchBufferCmd)
    FLASH_SetLatency                         0x08001221   Thumb Code    18  stm32f10x_flash.o(i.FLASH_SetLatency)
    GPIO_Init                                0x08001239   Thumb Code   278  stm32f10x_gpio.o(i.GPIO_Init)
    GPIO_ReadOutputDataBit                   0x0800134f   Thumb Code    18  stm32f10x_gpio.o(i.GPIO_ReadOutputDataBit)
    GPIO_WriteBit                            0x08001361   Thumb Code    10  stm32f10x_gpio.o(i.GPIO_WriteBit)
    Get1SecFlag                              0x0800136d   Thumb Code     6  timer.o(i.Get1SecFlag)
    Get2msFlag                               0x08001379   Thumb Code     6  timer.o(i.Get2msFlag)
    HardFault_Handler                        0x08001385   Thumb Code     4  stm32f10x_it.o(i.HardFault_Handler)
    InitADC                                  0x08001389   Thumb Code    34  adc.o(i.InitADC)
    InitDAC                                  0x080013b5   Thumb Code    24  dac.o(i.InitDAC)
    InitLED                                  0x080013f9   Thumb Code     8  led.o(i.InitLED)
    InitNVIC                                 0x08001401   Thumb Code     8  nvic.o(i.InitNVIC)
    InitPackUnpack                           0x08001409   Thumb Code    50  packunpack.o(i.InitPackUnpack)
    InitQueue                                0x0800144d   Thumb Code    36  queue.o(i.InitQueue)
    InitRCC                                  0x08001471   Thumb Code     8  rcc.o(i.InitRCC)
    InitSendDataToHost                       0x08001479   Thumb Code     2  senddatatohost.o(i.InitSendDataToHost)
    InitSysTick                              0x08001489   Thumb Code    92  systick.o(i.InitSysTick)
    InitTimer                                0x080014f1   Thumb Code    24  timer.o(i.InitTimer)
    InitU16Queue                             0x08001509   Thumb Code    38  u16queue.o(i.InitU16Queue)
    InitUART1                                0x0800152f   Thumb Code    16  uart1.o(i.InitUART1)
    LEDFlicker                               0x08001581   Thumb Code    76  led.o(i.LEDFlicker)
    MemManage_Handler                        0x080015d5   Thumb Code     4  stm32f10x_it.o(i.MemManage_Handler)
    NMI_Handler                              0x080015d9   Thumb Code     2  stm32f10x_it.o(i.NMI_Handler)
    NVIC_Init                                0x080015f5   Thumb Code   100  misc.o(i.NVIC_Init)
    NVIC_PriorityGroupConfig                 0x08001665   Thumb Code    10  misc.o(i.NVIC_PriorityGroupConfig)
    PendSV_Handler                           0x08001679   Thumb Code     2  stm32f10x_it.o(i.PendSV_Handler)
    QueueEmpty                               0x08001715   Thumb Code    14  queue.o(i.QueueEmpty)
    RCC_ADCCLKConfig                         0x08001725   Thumb Code    18  stm32f10x_rcc.o(i.RCC_ADCCLKConfig)
    RCC_AHBPeriphClockCmd                    0x0800173d   Thumb Code    26  stm32f10x_rcc.o(i.RCC_AHBPeriphClockCmd)
    RCC_APB1PeriphClockCmd                   0x0800175d   Thumb Code    26  stm32f10x_rcc.o(i.RCC_APB1PeriphClockCmd)
    RCC_APB1PeriphResetCmd                   0x0800177d   Thumb Code    26  stm32f10x_rcc.o(i.RCC_APB1PeriphResetCmd)
    RCC_APB2PeriphClockCmd                   0x0800179d   Thumb Code    26  stm32f10x_rcc.o(i.RCC_APB2PeriphClockCmd)
    RCC_APB2PeriphResetCmd                   0x080017bd   Thumb Code    26  stm32f10x_rcc.o(i.RCC_APB2PeriphResetCmd)
    RCC_DeInit                               0x080017dd   Thumb Code    64  stm32f10x_rcc.o(i.RCC_DeInit)
    RCC_GetClocksFreq                        0x08001829   Thumb Code   192  stm32f10x_rcc.o(i.RCC_GetClocksFreq)
    RCC_GetFlagStatus                        0x080018fd   Thumb Code    56  stm32f10x_rcc.o(i.RCC_GetFlagStatus)
    RCC_GetSYSCLKSource                      0x08001939   Thumb Code    10  stm32f10x_rcc.o(i.RCC_GetSYSCLKSource)
    RCC_HCLKConfig                           0x08001949   Thumb Code    18  stm32f10x_rcc.o(i.RCC_HCLKConfig)
    RCC_HSEConfig                            0x08001961   Thumb Code    70  stm32f10x_rcc.o(i.RCC_HSEConfig)
    RCC_PCLK1Config                          0x080019ad   Thumb Code    18  stm32f10x_rcc.o(i.RCC_PCLK1Config)
    RCC_PCLK2Config                          0x080019c5   Thumb Code    20  stm32f10x_rcc.o(i.RCC_PCLK2Config)
    RCC_PLLCmd                               0x080019dd   Thumb Code     6  stm32f10x_rcc.o(i.RCC_PLLCmd)
    RCC_PLLConfig                            0x080019e9   Thumb Code    24  stm32f10x_rcc.o(i.RCC_PLLConfig)
    RCC_SYSCLKConfig                         0x08001a05   Thumb Code    18  stm32f10x_rcc.o(i.RCC_SYSCLKConfig)
    RCC_WaitForHSEStartUp                    0x08001a1d   Thumb Code    56  stm32f10x_rcc.o(i.RCC_WaitForHSEStartUp)
    ReadADCBuf                               0x08001a55   Thumb Code    22  adc.o(i.ReadADCBuf)
    ReadUART1                                0x08001a8d   Thumb Code    24  uart1.o(i.ReadUART1)
    SVC_Handler                              0x08001aa9   Thumb Code     2  stm32f10x_it.o(i.SVC_Handler)
    SysTick_Handler                          0x08001bb5   Thumb Code     8  systick.o(i.SysTick_Handler)
    SystemInit                               0x08001bbd   Thumb Code    78  system_stm32f10x.o(i.SystemInit)
    TIM2_IRQHandler                          0x08001c1d   Thumb Code    52  timer.o(i.TIM2_IRQHandler)
    TIM3_IRQHandler                          0x08001c59   Thumb Code    30  adc.o(i.TIM3_IRQHandler)
    TIM5_IRQHandler                          0x08001c81   Thumb Code    58  timer.o(i.TIM5_IRQHandler)
    TIM_ClearITPendingBit                    0x08001cc9   Thumb Code     6  stm32f10x_tim.o(i.TIM_ClearITPendingBit)
    TIM_Cmd                                  0x08001ccf   Thumb Code    24  stm32f10x_tim.o(i.TIM_Cmd)
    TIM_DeInit                               0x08001ce9   Thumb Code   424  stm32f10x_tim.o(i.TIM_DeInit)
    TIM_GetITStatus                          0x08001ed1   Thumb Code    34  stm32f10x_tim.o(i.TIM_GetITStatus)
    TIM_ITConfig                             0x08001ef3   Thumb Code    18  stm32f10x_tim.o(i.TIM_ITConfig)
    TIM_SelectOutputTrigger                  0x08001f05   Thumb Code    18  stm32f10x_tim.o(i.TIM_SelectOutputTrigger)
    TIM_TimeBaseInit                         0x08001f19   Thumb Code   122  stm32f10x_tim.o(i.TIM_TimeBaseInit)
    USART1_IRQHandler                        0x08001fd5   Thumb Code   140  uart1.o(i.USART1_IRQHandler)
    USART_ClearFlag                          0x0800206d   Thumb Code    18  stm32f10x_usart.o(i.USART_ClearFlag)
    USART_ClearITPendingBit                  0x0800207f   Thumb Code    30  stm32f10x_usart.o(i.USART_ClearITPendingBit)
    USART_Cmd                                0x0800209d   Thumb Code    24  stm32f10x_usart.o(i.USART_Cmd)
    USART_GetFlagStatus                      0x080020b5   Thumb Code    26  stm32f10x_usart.o(i.USART_GetFlagStatus)
    USART_GetITStatus                        0x080020cf   Thumb Code    84  stm32f10x_usart.o(i.USART_GetITStatus)
    USART_ITConfig                           0x08002123   Thumb Code    74  stm32f10x_usart.o(i.USART_ITConfig)
    USART_Init                               0x0800216d   Thumb Code   210  stm32f10x_usart.o(i.USART_Init)
    USART_ReceiveData                        0x08002245   Thumb Code    10  stm32f10x_usart.o(i.USART_ReceiveData)
    USART_SendData                           0x0800224f   Thumb Code     8  stm32f10x_usart.o(i.USART_SendData)
    USART_StructInit                         0x08002257   Thumb Code    24  stm32f10x_usart.o(i.USART_StructInit)
    UsageFault_Handler                       0x0800226f   Thumb Code     4  stm32f10x_it.o(i.UsageFault_Handler)
    WriteADCBuf                              0x08002275   Thumb Code    20  adc.o(i.WriteADCBuf)
    __0printf                                0x080022a5   Thumb Code    22  printfa.o(i.__0printf)
    __1printf                                0x080022a5   Thumb Code     0  printfa.o(i.__0printf)
    __2printf                                0x080022a5   Thumb Code     0  printfa.o(i.__0printf)
    __c89printf                              0x080022a5   Thumb Code     0  printfa.o(i.__0printf)
    printf                                   0x080022a5   Thumb Code     0  printfa.o(i.__0printf)
    __scatterload_copy                       0x080022c5   Thumb Code    14  handlers.o(i.__scatterload_copy)
    __scatterload_null                       0x080022d3   Thumb Code     2  handlers.o(i.__scatterload_null)
    __scatterload_zeroinit                   0x080022d5   Thumb Code    14  handlers.o(i.__scatterload_zeroinit)
    fputc                                    0x08002b6f   Thumb Code    16  uart1.o(i.fputc)
    main                                     0x08002b81   Thumb Code    26  main.o(i.main)
    Region$$Table$$Base                      0x08002bc0   Number         0  anon$$obj.o(Region$$Table)
    Region$$Table$$Limit                     0x08002be0   Number         0  anon$$obj.o(Region$$Table)
    SystemCoreClock                          0x20000030   Data           4  system_stm32f10x.o(.data)
    AHBPrescTable                            0x20000034   Data          16  system_stm32f10x.o(.data)
    __stdout                                 0x20000044   Data           4  stdout.o(.data)
    __initial_sp                             0x20000608   Data           0  startup_stm32f10x_hd.o(STACK)



==============================================================================

Memory Map of the image

  Image Entry point : 0x08000131

  Load Region LR_IROM1 (Base: 0x08000000, Size: 0x00002c28, Max: 0x00040000, ABSOLUTE)

    Execution Region ER_IROM1 (Exec base: 0x08000000, Load base: 0x08000000, Size: 0x00002be0, Max: 0x00040000, ABSOLUTE)

    Exec Addr    Load Addr    Size         Type   Attr      Idx    E Section Name        Object

    0x08000000   0x08000000   0x00000130   Data   RO         2365    RESET               startup_stm32f10x_hd.o
    0x08000130   0x08000130   0x00000000   Code   RO         2370  * .ARM.Collect$$$$00000000  mc_w.l(entry.o)
    0x08000130   0x08000130   0x00000004   Code   RO         2644    .ARM.Collect$$$$00000001  mc_w.l(entry2.o)
    0x08000134   0x08000134   0x00000004   Code   RO         2647    .ARM.Collect$$$$00000004  mc_w.l(entry5.o)
    0x08000138   0x08000138   0x00000000   Code   RO         2649    .ARM.Collect$$$$00000008  mc_w.l(entry7b.o)
    0x08000138   0x08000138   0x00000000   Code   RO         2651    .ARM.Collect$$$$0000000A  mc_w.l(entry8b.o)
    0x08000138   0x08000138   0x00000008   Code   RO         2652    .ARM.Collect$$$$0000000B  mc_w.l(entry9a.o)
    0x08000140   0x08000140   0x00000004   Code   RO         2659    .ARM.Collect$$$$0000000E  mc_w.l(entry12b.o)
    0x08000144   0x08000144   0x00000000   Code   RO         2654    .ARM.Collect$$$$0000000F  mc_w.l(entry10a.o)
    0x08000144   0x08000144   0x00000000   Code   RO         2656    .ARM.Collect$$$$00000011  mc_w.l(entry11a.o)
    0x08000144   0x08000144   0x00000004   Code   RO         2645    .ARM.Collect$$$$00002712  mc_w.l(entry2.o)
    0x08000148   0x08000148   0x00000024   Code   RO         2366    .text               startup_stm32f10x_hd.o
    0x0800016c   0x0800016c   0x000000e4   Code   RO         2634    .text               mf_w.l(dmul.o)
    0x08000250   0x08000250   0x000000de   Code   RO         2636    .text               mf_w.l(ddiv.o)
    0x0800032e   0x0800032e   0x0000001a   Code   RO         2638    .text               mf_w.l(dfltui.o)
    0x08000348   0x08000348   0x00000026   Code   RO         2640    .text               mf_w.l(f2d.o)
    0x0800036e   0x0800036e   0x00000038   Code   RO         2642    .text               mf_w.l(d2f.o)
    0x080003a6   0x080003a6   0x0000002c   Code   RO         2661    .text               mc_w.l(uidiv.o)
    0x080003d2   0x080003d2   0x00000062   Code   RO         2663    .text               mc_w.l(uldiv.o)
    0x08000434   0x08000434   0x00000000   Code   RO         2665    .text               mc_w.l(iusefp.o)
    0x08000434   0x08000434   0x0000006e   Code   RO         2666    .text               mf_w.l(fepilogue.o)
    0x080004a2   0x080004a2   0x000000ba   Code   RO         2668    .text               mf_w.l(depilogue.o)
    0x0800055c   0x0800055c   0x0000014e   Code   RO         2670    .text               mf_w.l(dadd.o)
    0x080006aa   0x080006aa   0x00000030   Code   RO         2672    .text               mf_w.l(dfixul.o)
    0x080006da   0x080006da   0x00000002   PAD
    0x080006dc   0x080006dc   0x00000030   Code   RO         2674    .text               mf_w.l(cdrcmple.o)
    0x0800070c   0x0800070c   0x00000024   Code   RO         2676    .text               mc_w.l(init.o)
    0x08000730   0x08000730   0x0000001e   Code   RO         2678    .text               mc_w.l(llshl.o)
    0x0800074e   0x0800074e   0x00000020   Code   RO         2680    .text               mc_w.l(llushr.o)
    0x0800076e   0x0800076e   0x00000024   Code   RO         2682    .text               mc_w.l(llsshr.o)
    0x08000792   0x08000792   0x00000016   Code   RO         1837    i.ADC_Cmd           stm32f10x_adc.o
    0x080007a8   0x080007a8   0x00000016   Code   RO         1838    i.ADC_DMACmd        stm32f10x_adc.o
    0x080007be   0x080007be   0x00000016   Code   RO         1842    i.ADC_ExternalTrigConvCmd  stm32f10x_adc.o
    0x080007d4   0x080007d4   0x00000014   Code   RO         1845    i.ADC_GetCalibrationStatus  stm32f10x_adc.o
    0x080007e8   0x080007e8   0x00000014   Code   RO         1851    i.ADC_GetResetCalibrationStatus  stm32f10x_adc.o
    0x080007fc   0x080007fc   0x00000050   Code   RO         1855    i.ADC_Init          stm32f10x_adc.o
    0x0800084c   0x0800084c   0x000000b8   Code   RO         1859    i.ADC_RegularChannelConfig  stm32f10x_adc.o
    0x08000904   0x08000904   0x0000000a   Code   RO         1860    i.ADC_ResetCalibration  stm32f10x_adc.o
    0x0800090e   0x0800090e   0x0000000a   Code   RO         1864    i.ADC_StartCalibration  stm32f10x_adc.o
    0x08000918   0x08000918   0x00000004   Code   RO         2272    i.BusFault_Handler  stm32f10x_it.o
    0x0800091c   0x0800091c   0x0000000c   Code   RO          267    i.Clr1SecFlag       timer.o
    0x08000928   0x08000928   0x0000000c   Code   RO          268    i.Clr2msFlag        timer.o
    0x08000934   0x08000934   0x000000ac   Code   RO          486    i.ConfigADC1        adc.o
    0x080009e0   0x080009e0   0x00000060   Code   RO          450    i.ConfigDAC1        dac.o
    0x08000a40   0x08000a40   0x00000060   Code   RO          487    i.ConfigDMA1Ch1     adc.o
    0x08000aa0   0x08000aa0   0x00000078   Code   RO          451    i.ConfigDMA2Ch3ForDAC1  dac.o
    0x08000b18   0x08000b18   0x00000058   Code   RO          129    i.ConfigLEDGPIO     led.o
    0x08000b70   0x08000b70   0x0000000c   Code   RO         2203    i.ConfigNVIC        nvic.o
    0x08000b7c   0x08000b7c   0x00000064   Code   RO          250    i.ConfigRCC         rcc.o
    0x08000be0   0x08000be0   0x0000005c   Code   RO          269    i.ConfigTimer2      timer.o
    0x08000c3c   0x08000c3c   0x00000064   Code   RO          488    i.ConfigTimer3      adc.o
    0x08000ca0   0x08000ca0   0x00000044   Code   RO          452    i.ConfigTimer4      dac.o
    0x08000ce4   0x08000ce4   0x00000060   Code   RO          270    i.ConfigTimer5      timer.o
    0x08000d44   0x08000d44   0x000000c4   Code   RO          372    i.ConfigUART        uart1.o
    0x08000e08   0x08000e08   0x00000028   Code   RO         2053    i.DAC_Cmd           stm32f10x_dac.o
    0x08000e30   0x08000e30   0x0000002c   Code   RO         2054    i.DAC_DMACmd        stm32f10x_dac.o
    0x08000e5c   0x08000e5c   0x00000034   Code   RO         2058    i.DAC_Init          stm32f10x_dac.o
    0x08000e90   0x08000e90   0x00000020   Code   RO         2059    i.DAC_SetChannel1Data  stm32f10x_dac.o
    0x08000eb0   0x08000eb0   0x00000038   Code   RO          453    i.DMA2_Channel3_IRQHandler  dac.o
    0x08000ee8   0x08000ee8   0x0000001c   Code   RO         2132    i.DMA_ClearITPendingBit  stm32f10x_dma.o
    0x08000f04   0x08000f04   0x00000018   Code   RO         2133    i.DMA_Cmd           stm32f10x_dma.o
    0x08000f1c   0x08000f1c   0x0000014c   Code   RO         2134    i.DMA_DeInit        stm32f10x_dma.o
    0x08001068   0x08001068   0x0000002c   Code   RO         2137    i.DMA_GetITStatus   stm32f10x_dma.o
    0x08001094   0x08001094   0x00000012   Code   RO         2138    i.DMA_ITConfig      stm32f10x_dma.o
    0x080010a6   0x080010a6   0x0000003c   Code   RO         2139    i.DMA_Init          stm32f10x_dma.o
    0x080010e2   0x080010e2   0x00000044   Code   RO          328    i.DeQueue           queue.o
    0x08001126   0x08001126   0x00000048   Code   RO          538    i.DeU16Queue        u16queue.o
    0x0800116e   0x0800116e   0x00000002   Code   RO         2273    i.DebugMon_Handler  stm32f10x_it.o
    0x08001170   0x08001170   0x00000048   Code   RO          329    i.EnQueue           queue.o
    0x080011b8   0x080011b8   0x0000004c   Code   RO          539    i.EnU16Queue        u16queue.o
    0x08001204   0x08001204   0x0000001c   Code   RO          632    i.FLASH_PrefetchBufferCmd  stm32f10x_flash.o
    0x08001220   0x08001220   0x00000018   Code   RO          637    i.FLASH_SetLatency  stm32f10x_flash.o
    0x08001238   0x08001238   0x00000116   Code   RO          795    i.GPIO_Init         stm32f10x_gpio.o
    0x0800134e   0x0800134e   0x00000012   Code   RO          801    i.GPIO_ReadOutputDataBit  stm32f10x_gpio.o
    0x08001360   0x08001360   0x0000000a   Code   RO          806    i.GPIO_WriteBit     stm32f10x_gpio.o
    0x0800136a   0x0800136a   0x00000002   PAD
    0x0800136c   0x0800136c   0x0000000c   Code   RO          271    i.Get1SecFlag       timer.o
    0x08001378   0x08001378   0x0000000c   Code   RO          272    i.Get2msFlag        timer.o
    0x08001384   0x08001384   0x00000004   Code   RO         2274    i.HardFault_Handler  stm32f10x_it.o
    0x08001388   0x08001388   0x0000002c   Code   RO          489    i.InitADC           adc.o
    0x080013b4   0x080013b4   0x00000018   Code   RO          454    i.InitDAC           dac.o
    0x080013cc   0x080013cc   0x0000002c   Code   RO            1    i.InitHardware      main.o
    0x080013f8   0x080013f8   0x00000008   Code   RO          130    i.InitLED           led.o
    0x08001400   0x08001400   0x00000008   Code   RO         2204    i.InitNVIC          nvic.o
    0x08001408   0x08001408   0x00000044   Code   RO          173    i.InitPackUnpack    packunpack.o
    0x0800144c   0x0800144c   0x00000024   Code   RO          330    i.InitQueue         queue.o
    0x08001470   0x08001470   0x00000008   Code   RO          251    i.InitRCC           rcc.o
    0x08001478   0x08001478   0x00000002   Code   RO          218    i.InitSendDataToHost  senddatatohost.o
    0x0800147a   0x0800147a   0x0000000c   Code   RO            2    i.InitSoftware      main.o
    0x08001486   0x08001486   0x00000002   PAD
    0x08001488   0x08001488   0x00000068   Code   RO         2222    i.InitSysTick       systick.o
    0x080014f0   0x080014f0   0x00000018   Code   RO          273    i.InitTimer         timer.o
    0x08001508   0x08001508   0x00000026   Code   RO          540    i.InitU16Queue      u16queue.o
    0x0800152e   0x0800152e   0x00000010   Code   RO          374    i.InitUART1         uart1.o
    0x0800153e   0x0800153e   0x00000002   PAD
    0x08001540   0x08001540   0x00000040   Code   RO          375    i.InitUARTBuf       uart1.o
    0x08001580   0x08001580   0x00000054   Code   RO          131    i.LEDFlicker        led.o
    0x080015d4   0x080015d4   0x00000004   Code   RO         2275    i.MemManage_Handler  stm32f10x_it.o
    0x080015d8   0x080015d8   0x00000002   Code   RO         2276    i.NMI_Handler       stm32f10x_it.o
    0x080015da   0x080015da   0x00000002   PAD
    0x080015dc   0x080015dc   0x00000018   Code   RO          376    i.NVIC_ClearPendingIRQ  uart1.o
    0x080015f4   0x080015f4   0x00000070   Code   RO          579    i.NVIC_Init         misc.o
    0x08001664   0x08001664   0x00000014   Code   RO          580    i.NVIC_PriorityGroupConfig  misc.o
    0x08001678   0x08001678   0x00000002   Code   RO         2277    i.PendSV_Handler    stm32f10x_it.o
    0x0800167a   0x0800167a   0x0000000e   Code   RO            3    i.Proc1SecTask      main.o
    0x08001688   0x08001688   0x0000008c   Code   RO            4    i.Proc2msTask       main.o
    0x08001714   0x08001714   0x0000000e   Code   RO          331    i.QueueEmpty        queue.o
    0x08001722   0x08001722   0x00000002   PAD
    0x08001724   0x08001724   0x00000018   Code   RO          903    i.RCC_ADCCLKConfig  stm32f10x_rcc.o
    0x0800173c   0x0800173c   0x00000020   Code   RO          904    i.RCC_AHBPeriphClockCmd  stm32f10x_rcc.o
    0x0800175c   0x0800175c   0x00000020   Code   RO          905    i.RCC_APB1PeriphClockCmd  stm32f10x_rcc.o
    0x0800177c   0x0800177c   0x00000020   Code   RO          906    i.RCC_APB1PeriphResetCmd  stm32f10x_rcc.o
    0x0800179c   0x0800179c   0x00000020   Code   RO          907    i.RCC_APB2PeriphClockCmd  stm32f10x_rcc.o
    0x080017bc   0x080017bc   0x00000020   Code   RO          908    i.RCC_APB2PeriphResetCmd  stm32f10x_rcc.o
    0x080017dc   0x080017dc   0x0000004c   Code   RO          914    i.RCC_DeInit        stm32f10x_rcc.o
    0x08001828   0x08001828   0x000000d4   Code   RO          915    i.RCC_GetClocksFreq  stm32f10x_rcc.o
    0x080018fc   0x080018fc   0x0000003c   Code   RO          916    i.RCC_GetFlagStatus  stm32f10x_rcc.o
    0x08001938   0x08001938   0x00000010   Code   RO          918    i.RCC_GetSYSCLKSource  stm32f10x_rcc.o
    0x08001948   0x08001948   0x00000018   Code   RO          919    i.RCC_HCLKConfig    stm32f10x_rcc.o
    0x08001960   0x08001960   0x0000004c   Code   RO          920    i.RCC_HSEConfig     stm32f10x_rcc.o
    0x080019ac   0x080019ac   0x00000018   Code   RO          926    i.RCC_PCLK1Config   stm32f10x_rcc.o
    0x080019c4   0x080019c4   0x00000018   Code   RO          927    i.RCC_PCLK2Config   stm32f10x_rcc.o
    0x080019dc   0x080019dc   0x0000000c   Code   RO          928    i.RCC_PLLCmd        stm32f10x_rcc.o
    0x080019e8   0x080019e8   0x0000001c   Code   RO          929    i.RCC_PLLConfig     stm32f10x_rcc.o
    0x08001a04   0x08001a04   0x00000018   Code   RO          932    i.RCC_SYSCLKConfig  stm32f10x_rcc.o
    0x08001a1c   0x08001a1c   0x00000038   Code   RO          934    i.RCC_WaitForHSEStartUp  stm32f10x_rcc.o
    0x08001a54   0x08001a54   0x0000001c   Code   RO          490    i.ReadADCBuf        adc.o
    0x08001a70   0x08001a70   0x0000001c   Code   RO          377    i.ReadSendBuf       uart1.o
    0x08001a8c   0x08001a8c   0x0000001c   Code   RO          378    i.ReadUART1         uart1.o
    0x08001aa8   0x08001aa8   0x00000002   Code   RO         2278    i.SVC_Handler       stm32f10x_it.o
    0x08001aaa   0x08001aaa   0x00000002   PAD
    0x08001aac   0x08001aac   0x00000020   Code   RO          379    i.SendCharUsedByFputc  uart1.o
    0x08001acc   0x08001acc   0x00000008   Code   RO         2329    i.SetSysClock       system_stm32f10x.o
    0x08001ad4   0x08001ad4   0x000000e0   Code   RO         2330    i.SetSysClockTo72   system_stm32f10x.o
    0x08001bb4   0x08001bb4   0x00000008   Code   RO         2223    i.SysTick_Handler   systick.o
    0x08001bbc   0x08001bbc   0x00000060   Code   RO         2332    i.SystemInit        system_stm32f10x.o
    0x08001c1c   0x08001c1c   0x0000003c   Code   RO          274    i.TIM2_IRQHandler   timer.o
    0x08001c58   0x08001c58   0x00000028   Code   RO          491    i.TIM3_IRQHandler   adc.o
    0x08001c80   0x08001c80   0x00000048   Code   RO          275    i.TIM5_IRQHandler   timer.o
    0x08001cc8   0x08001cc8   0x00000006   Code   RO         1114    i.TIM_ClearITPendingBit  stm32f10x_tim.o
    0x08001cce   0x08001cce   0x00000018   Code   RO         1119    i.TIM_Cmd           stm32f10x_tim.o
    0x08001ce6   0x08001ce6   0x00000002   PAD
    0x08001ce8   0x08001ce8   0x000001e8   Code   RO         1124    i.TIM_DeInit        stm32f10x_tim.o
    0x08001ed0   0x08001ed0   0x00000022   Code   RO         1140    i.TIM_GetITStatus   stm32f10x_tim.o
    0x08001ef2   0x08001ef2   0x00000012   Code   RO         1144    i.TIM_ITConfig      stm32f10x_tim.o
    0x08001f04   0x08001f04   0x00000012   Code   RO         1176    i.TIM_SelectOutputTrigger  stm32f10x_tim.o
    0x08001f16   0x08001f16   0x00000002   PAD
    0x08001f18   0x08001f18   0x000000a4   Code   RO         1190    i.TIM_TimeBaseInit  stm32f10x_tim.o
    0x08001fbc   0x08001fbc   0x00000018   Code   RO         2224    i.TimDelayDec       systick.o
    0x08001fd4   0x08001fd4   0x00000098   Code   RO          380    i.USART1_IRQHandler  uart1.o
    0x0800206c   0x0800206c   0x00000012   Code   RO         1651    i.USART_ClearFlag   stm32f10x_usart.o
    0x0800207e   0x0800207e   0x0000001e   Code   RO         1652    i.USART_ClearITPendingBit  stm32f10x_usart.o
    0x0800209c   0x0800209c   0x00000018   Code   RO         1655    i.USART_Cmd         stm32f10x_usart.o
    0x080020b4   0x080020b4   0x0000001a   Code   RO         1658    i.USART_GetFlagStatus  stm32f10x_usart.o
    0x080020ce   0x080020ce   0x00000054   Code   RO         1659    i.USART_GetITStatus  stm32f10x_usart.o
    0x08002122   0x08002122   0x0000004a   Code   RO         1661    i.USART_ITConfig    stm32f10x_usart.o
    0x0800216c   0x0800216c   0x000000d8   Code   RO         1662    i.USART_Init        stm32f10x_usart.o
    0x08002244   0x08002244   0x0000000a   Code   RO         1669    i.USART_ReceiveData  stm32f10x_usart.o
    0x0800224e   0x0800224e   0x00000008   Code   RO         1672    i.USART_SendData    stm32f10x_usart.o
    0x08002256   0x08002256   0x00000018   Code   RO         1678    i.USART_StructInit  stm32f10x_usart.o
    0x0800226e   0x0800226e   0x00000004   Code   RO         2279    i.UsageFault_Handler  stm32f10x_it.o
    0x08002272   0x08002272   0x00000002   PAD
    0x08002274   0x08002274   0x00000018   Code   RO          492    i.WriteADCBuf       adc.o
    0x0800228c   0x0800228c   0x00000018   Code   RO          381    i.WriteReceiveBuf   uart1.o
    0x080022a4   0x080022a4   0x00000020   Code   RO         2606    i.__0printf         mc_w.l(printfa.o)
    0x080022c4   0x080022c4   0x0000000e   Code   RO         2686    i.__scatterload_copy  mc_w.l(handlers.o)
    0x080022d2   0x080022d2   0x00000002   Code   RO         2687    i.__scatterload_null  mc_w.l(handlers.o)
    0x080022d4   0x080022d4   0x0000000e   Code   RO         2688    i.__scatterload_zeroinit  mc_w.l(handlers.o)
    0x080022e2   0x080022e2   0x00000002   PAD
    0x080022e4   0x080022e4   0x00000184   Code   RO         2613    i._fp_digits        mc_w.l(printfa.o)
    0x08002468   0x08002468   0x000006b4   Code   RO         2614    i._printf_core      mc_w.l(printfa.o)
    0x08002b1c   0x08002b1c   0x00000024   Code   RO         2615    i._printf_post_padding  mc_w.l(printfa.o)
    0x08002b40   0x08002b40   0x0000002e   Code   RO         2616    i._printf_pre_padding  mc_w.l(printfa.o)
    0x08002b6e   0x08002b6e   0x00000010   Code   RO          383    i.fputc             uart1.o
    0x08002b7e   0x08002b7e   0x00000002   PAD
    0x08002b80   0x08002b80   0x00000040   Code   RO            5    i.main              main.o
    0x08002bc0   0x08002bc0   0x00000020   Data   RO         2684    Region$$Table       anon$$obj.o


    Execution Region RW_IRAM1 (Exec base: 0x20000000, Load base: 0x08002be0, Size: 0x00000608, Max: 0x0000c000, ABSOLUTE)

    Exec Addr    Load Addr    Size         Type   Attr      Idx    E Section Name        Object

    0x20000000   0x08002be0   0x00000007   Data   RW            6    .data               main.o
    0x20000007   0x08002be7   0x00000001   PAD
    0x20000008   0x08002be8   0x00000002   Data   RW          132    .data               led.o
    0x2000000a   0x08002bea   0x00000003   Data   RW          179    .data               packunpack.o
    0x2000000d   0x08002bed   0x00000001   PAD
    0x2000000e   0x08002bee   0x00000006   Data   RW          276    .data               timer.o
    0x20000014   0x08002bf4   0x00000001   Data   RW          385    .data               uart1.o
    0x20000015   0x08002bf5   0x00000001   PAD
    0x20000016   0x08002bf6   0x00000002   Data   RW          494    .data               adc.o
    0x20000018   0x08002bf8   0x00000014   Data   RW          935    .data               stm32f10x_rcc.o
    0x2000002c   0x08002c0c   0x00000004   Data   RW         2225    .data               systick.o
    0x20000030   0x08002c10   0x00000014   Data   RW         2333    .data               system_stm32f10x.o
    0x20000044   0x08002c24   0x00000004   Data   RW         2660    .data               mc_w.l(stdout.o)
    0x20000048        -       0x0000000a   Zero   RW          178    .bss                packunpack.o
    0x20000052   0x08002c28   0x00000002   PAD
    0x20000054        -       0x000000e0   Zero   RW          384    .bss                uart1.o
    0x20000134        -       0x000000d4   Zero   RW          493    .bss                adc.o
    0x20000208        -       0x00000400   Zero   RW         2363    STACK               startup_stm32f10x_hd.o


==============================================================================

Image component sizes


      Code (inc. data)   RO Data    RW Data    ZI Data      Debug   Object Name

       504         58          0          2        212       4679   adc.o
         0          0          0          0          0         32   core_cm3.o
       364         30          0          0          0       2701   dac.o
       180         12          0          2          0     216187   led.o
       274         56          0          7          0     279911   main.o
       132         22          0          0          0       1467   misc.o
        20          0          0          0          0        851   nvic.o
        68         18          0          3         10       2453   packunpack.o
       190          0          0          0          0       3145   queue.o
       108          0          0          0          0        954   rcc.o
         2          0          0          0          0        473   senddatatohost.o
        36          8        304          0       1024        812   startup_stm32f10x_hd.o
       390         10          0          0          0       7196   stm32f10x_adc.o
       168         24          0          0          0       2840   stm32f10x_dac.o
       506         26          0          0          0       5003   stm32f10x_dma.o
        52         12          0          0          0       1061   stm32f10x_flash.o
       306          0          0          0          0       3077   stm32f10x_gpio.o
        24          0          0          0          0       3584   stm32f10x_it.o
       816        116          0         20          0      12411   stm32f10x_rcc.o
       752        106          0          0          0       4749   stm32f10x_tim.o
       514          6          0          0          0       7668   stm32f10x_usart.o
       328         28          0         20          0       2265   system_stm32f10x.o
       136         18          0          4          0      17203   systick.o
       392         48          0          6          0       4678   timer.o
       186          0          0          0          0       2225   u16queue.o
       580         68          0          1        224      21083   uart1.o

    ----------------------------------------------------------------------
      7048        666        336         68       1472     608708   Object Totals
         0          0         32          0          0          0   (incl. Generated)
        20          0          0          3          2          0   (incl. Padding)

    ----------------------------------------------------------------------

      Code (inc. data)   RO Data    RW Data    ZI Data      Debug   Library Member Name

         0          0          0          0          0          0   entry.o
         0          0          0          0          0          0   entry10a.o
         0          0          0          0          0          0   entry11a.o
         4          0          0          0          0          0   entry12b.o
         8          4          0          0          0          0   entry2.o
         4          0          0          0          0          0   entry5.o
         0          0          0          0          0          0   entry7b.o
         0          0          0          0          0          0   entry8b.o
         8          4          0          0          0          0   entry9a.o
        30          0          0          0          0          0   handlers.o
        36          8          0          0          0         68   init.o
         0          0          0          0          0          0   iusefp.o
        30          0          0          0          0         68   llshl.o
        36          0          0          0          0         68   llsshr.o
        32          0          0          0          0         68   llushr.o
      2218         90          0          0          0        464   printfa.o
         0          0          0          4          0          0   stdout.o
        44          0          0          0          0         80   uidiv.o
        98          0          0          0          0         92   uldiv.o
        48          0          0          0          0         68   cdrcmple.o
        56          0          0          0          0         88   d2f.o
       334          0          0          0          0        148   dadd.o
       222          0          0          0          0        100   ddiv.o
       186          0          0          0          0        176   depilogue.o
        48          0          0          0          0         68   dfixul.o
        26          0          0          0          0         76   dfltui.o
       228          0          0          0          0         96   dmul.o
        38          0          0          0          0         68   f2d.o
       110          0          0          0          0        168   fepilogue.o

    ----------------------------------------------------------------------
      3848        106          0          4          0       1964   Library Totals
         4          0          0          0          0          0   (incl. Padding)

    ----------------------------------------------------------------------

      Code (inc. data)   RO Data    RW Data    ZI Data      Debug   Library Name

      2548        106          0          4          0        908   mc_w.l
      1296          0          0          0          0       1056   mf_w.l

    ----------------------------------------------------------------------
      3848        106          0          4          0       1964   Library Totals

    ----------------------------------------------------------------------

==============================================================================


      Code (inc. data)   RO Data    RW Data    ZI Data      Debug   

     10896        772        336         72       1472     603492   Grand Totals
     10896        772        336         72       1472     603492   ELF Image Totals
     10896        772        336         72          0          0   ROM Totals

==============================================================================

    Total RO  Size (Code + RO Data)                11232 (  10.97kB)
    Total RW  Size (RW Data + ZI Data)              1544 (   1.51kB)
    Total ROM Size (Code + RO Data + RW Data)      11304 (  11.04kB)

==============================================================================

