Component: ARM Compiler 5.06 update 7 (build 960) Tool: armlink [4d3601]

==============================================================================

Section Cross References

    main.o(i.InitHardware) refers to system_stm32f10x.o(i.SystemInit) for SystemInit
    main.o(i.InitHardware) refers to rcc.o(i.InitRCC) for InitRCC
    main.o(i.InitHardware) refers to nvic.o(i.InitNVIC) for InitNVIC
    main.o(i.InitHardware) refers to uart1.o(i.InitUART1) for InitUART1
    main.o(i.InitHardware) refers to timer.o(i.InitTimer) for InitTimer
    main.o(i.InitHardware) refers to led.o(i.InitLED) for InitLED
    main.o(i.InitHardware) refers to systick.o(i.InitSysTick) for InitSysTick
    main.o(i.InitHardware) refers to dac.o(i.InitDAC) for InitDAC
    main.o(i.InitHardware) refers to adc.o(i.InitADC) for InitADC
    main.o(i.InitSoftware) refers to packunpack.o(i.InitPackUnpack) for InitPackUnpack
    main.o(i.InitSoftware) refers to prochostcmd.o(i.InitProcHostCmd) for InitProcHostCmd
    main.o(i.InitSoftware) refers to senddatatohost.o(i.InitSendDataToHost) for InitSendDataToHost
    main.o(i.InitSoftware) refers to ecg.o(i.ECG_Init) for ECG_Init
    main.o(i.Proc1SecTask) refers to timer.o(i.Get1SecFlag) for Get1SecFlag
    main.o(i.Proc1SecTask) refers to timer.o(i.Clr1SecFlag) for Clr1SecFlag
    main.o(i.Proc2msTask) refers to timer.o(i.Get2msFlag) for Get2msFlag
    main.o(i.Proc2msTask) refers to uart1.o(i.ReadUART1) for ReadUART1
    main.o(i.Proc2msTask) refers to printfa.o(i.__0printf) for __2printf
    main.o(i.Proc2msTask) refers to ecg.o(i.ECG_StartInfo_Get) for ECG_StartInfo_Get
    main.o(i.Proc2msTask) refers to ecg.o(i.ECG_StartInfo_Change) for ECG_StartInfo_Change
    main.o(i.Proc2msTask) refers to ecg_heartrate_calculate.o(i.ECG_HR_Send) for ECG_HR_Send
    main.o(i.Proc2msTask) refers to prochostcmd.o(i.ProcHostCmd) for ProcHostCmd
    main.o(i.Proc2msTask) refers to ecg.o(i.ECG_Task) for ECG_Task
    main.o(i.Proc2msTask) refers to led.o(i.LEDFlicker) for LEDFlicker
    main.o(i.Proc2msTask) refers to timer.o(i.Clr2msFlag) for Clr2msFlag
    main.o(i.Proc2msTask) refers to filter.o(.data) for ECG_Filter_Flag
    main.o(i.main) refers to main.o(i.InitSoftware) for InitSoftware
    main.o(i.main) refers to main.o(i.InitHardware) for InitHardware
    main.o(i.main) refers to printfa.o(i.__0printf) for __2printf
    main.o(i.main) refers to main.o(i.Proc2msTask) for Proc2msTask
    main.o(i.main) refers to main.o(i.Proc1SecTask) for Proc1SecTask
    led.o(i.ConfigLEDGPIO) refers to stm32f10x_rcc.o(i.RCC_APB2PeriphClockCmd) for RCC_APB2PeriphClockCmd
    led.o(i.ConfigLEDGPIO) refers to stm32f10x_gpio.o(i.GPIO_Init) for GPIO_Init
    led.o(i.ConfigLEDGPIO) refers to stm32f10x_gpio.o(i.GPIO_WriteBit) for GPIO_WriteBit
    led.o(i.InitLED) refers to led.o(i.ConfigLEDGPIO) for ConfigLEDGPIO
    led.o(i.LEDFlicker) refers to stm32f10x_gpio.o(i.GPIO_ReadOutputDataBit) for GPIO_ReadOutputDataBit
    led.o(i.LEDFlicker) refers to stm32f10x_gpio.o(i.GPIO_WriteBit) for GPIO_WriteBit
    led.o(i.LEDFlicker) refers to led.o(.data) for s_iCnt
    packunpack.o(i.GetUnPackRslt) refers to packunpack.o(.bss) for s_ptPack
    packunpack.o(i.InitPackUnpack) refers to packunpack.o(.bss) for s_ptPack
    packunpack.o(i.InitPackUnpack) refers to packunpack.o(.data) for s_iPackLen
    packunpack.o(i.PackData) refers to packunpack.o(i.PackWithCheckSum) for PackWithCheckSum
    packunpack.o(i.UnPackData) refers to packunpack.o(i.UnpackWithCheckSum) for UnpackWithCheckSum
    packunpack.o(i.UnPackData) refers to packunpack.o(.bss) for s_ptPack
    packunpack.o(i.UnPackData) refers to packunpack.o(.data) for s_iGotPackId
    prochostcmd.o(i.OnGenWave) refers to wave.o(i.GetSineWave100PointAddr) for GetSineWave100PointAddr
    prochostcmd.o(i.OnGenWave) refers to wave.o(i.GetTriWave100PointAddr) for GetTriWave100PointAddr
    prochostcmd.o(i.OnGenWave) refers to wave.o(i.GetRectWave100PointAddr) for GetRectWave100PointAddr
    prochostcmd.o(i.OnGenWave) refers to dac.o(i.SetDACWave) for SetDACWave
    prochostcmd.o(i.ProcHostCmd) refers to packunpack.o(i.GetUnPackRslt) for GetUnPackRslt
    prochostcmd.o(i.ProcHostCmd) refers to prochostcmd.o(i.OnGenWave) for OnGenWave
    prochostcmd.o(i.ProcHostCmd) refers to senddatatohost.o(i.SendAckPack) for SendAckPack
    prochostcmd.o(i.ProcHostCmd) refers to packunpack.o(i.UnPackData) for UnPackData
    senddatatohost.o(i.SendAckPack) refers to senddatatohost.o(i.SendPackToHost) for SendPackToHost
    senddatatohost.o(i.SendPackToHost) refers to packunpack.o(i.PackData) for PackData
    senddatatohost.o(i.SendPackToHost) refers to uart1.o(i.WriteUART1) for WriteUART1
    senddatatohost.o(i.SendWaveToHost) refers to senddatatohost.o(i.SendPackToHost) for SendPackToHost
    ecg.o(i.ConfigECGGPIO) refers to stm32f10x_rcc.o(i.RCC_APB2PeriphClockCmd) for RCC_APB2PeriphClockCmd
    ecg.o(i.ConfigECGGPIO) refers to stm32f10x_gpio.o(i.GPIO_Init) for GPIO_Init
[...]
    .text                                    0x0800016c   Section        0  fadd.o(.text)
    .text                                    0x0800021c   Section        0  fmul.o(.text)
    .text                                    0x08000280   Section        0  dadd.o(.text)
    .text                                    0x080003ce   Section        0  dmul.o(.text)
    .text                                    0x080004b2   Section        0  ddiv.o(.text)
    .text                                    0x08000590   Section        0  dflti.o(.text)
    .text                                    0x080005b2   Section        0  dfltui.o(.text)
    .text                                    0x080005cc   Section        0  dfixi.o(.text)
    .text                                    0x0800060c   Section       48  cdcmple.o(.text)
    .text                                    0x0800063c   Section       48  cdrcmple.o(.text)
    .text                                    0x0800066c   Section        0  uidiv.o(.text)
    .text                                    0x08000698   Section        0  uldiv.o(.text)
    .text                                    0x080006fa   Section        0  llshl.o(.text)
    .text                                    0x08000718   Section        0  llushr.o(.text)
    .text                                    0x08000738   Section        0  llsshr.o(.text)
    .text                                    0x0800075c   Section        0  iusefp.o(.text)
    .text                                    0x0800075c   Section        0  fepilogue.o(.text)
    .text                                    0x080007ca   Section        0  depilogue.o(.text)
    .text                                    0x08000884   Section        0  dfixul.o(.text)
    .text                                    0x080008b4   Section       36  init.o(.text)
    .text                                    0x080008d8   Section        0  __dczerorl2.o(.text)
    i.ADC_Cmd                                0x0800092e   Section        0  stm32f10x_adc.o(i.ADC_Cmd)
    i.ADC_DMACmd                             0x08000944   Section        0  stm32f10x_adc.o(i.ADC_DMACmd)
    i.ADC_ExternalTrigConvCmd                0x0800095a   Section        0  stm32f10x_adc.o(i.ADC_ExternalTrigConvCmd)
    i.ADC_GetCalibrationStatus               0x08000970   Section        0  stm32f10x_adc.o(i.ADC_GetCalibrationStatus)
    i.ADC_GetResetCalibrationStatus          0x08000984   Section        0  stm32f10x_adc.o(i.ADC_GetResetCalibrationStatus)
    i.ADC_Init                               0x08000998   Section        0  stm32f10x_adc.o(i.ADC_Init)
    i.ADC_RegularChannelConfig               0x080009e8   Section        0  stm32f10x_adc.o(i.ADC_RegularChannelConfig)
    i.ADC_ResetCalibration                   0x08000aa0   Section        0  stm32f10x_adc.o(i.ADC_ResetCalibration)
    i.ADC_StartCalibration                   0x08000aaa   Section        0  stm32f10x_adc.o(i.ADC_StartCalibration)
    i.BaselineFilterTask                     0x08000ab4   Section        0  filter.o(i.BaselineFilterTask)
    i.BusFault_Handler                       0x08000bfc   Section        0  stm32f10x_it.o(i.BusFault_Handler)
    i.Clr1SecFlag                            0x08000c00   Section        0  timer.o(i.Clr1SecFlag)
    i.Clr2msFlag                             0x08000c0c   Section        0  timer.o(i.Clr2msFlag)
    i.ConfigADC1                             0x08000c18   Section        0  adc.o(i.ConfigADC1)
    ConfigADC1                               0x08000c19   Thumb Code   164  adc.o(i.ConfigADC1)
    i.ConfigDAC1                             0x08000cc4   Section        0  dac.o(i.ConfigDAC1)
    ConfigDAC1                               0x08000cc5   Thumb Code    92  dac.o(i.ConfigDAC1)
    i.ConfigDMA1Ch1                          0x08000d24   Section        0  adc.o(i.ConfigDMA1Ch1)
    ConfigDMA1Ch1                            0x08000d25   Thumb Code    82  adc.o(i.ConfigDMA1Ch1)
    i.ConfigDMA2Ch3ForDAC1                   0x08000d84   Section        0  dac.o(i.ConfigDMA2Ch3ForDAC1)
    ConfigDMA2Ch3ForDAC1                     0x08000d85   Thumb Code   120  dac.o(i.ConfigDMA2Ch3ForDAC1)
    i.ConfigECGGPIO                          0x08000e04   Section        0  ecg.o(i.ConfigECGGPIO)
    ConfigECGGPIO                            0x08000e05   Thumb Code    74  ecg.o(i.ConfigECGGPIO)
    i.ConfigLEDGPIO                          0x08000e58   Section        0  led.o(i.ConfigLEDGPIO)
    ConfigLEDGPIO                            0x08000e59   Thumb Code    48  led.o(i.ConfigLEDGPIO)
    i.ConfigNVIC                             0x08000e8c   Section        0  nvic.o(i.ConfigNVIC)
    ConfigNVIC                               0x08000e8d   Thumb Code    12  nvic.o(i.ConfigNVIC)
    i.ConfigRCC                              0x08000e98   Section        0  rcc.o(i.ConfigRCC)
    ConfigRCC                                0x08000e99   Thumb Code   100  rcc.o(i.ConfigRCC)
    i.ConfigTimer2                           0x08000efc   Section        0  timer.o(i.ConfigTimer2)
    ConfigTimer2                             0x08000efd   Thumb Code    92  timer.o(i.ConfigTimer2)
    i.ConfigTimer3                           0x08000f58   Section        0  adc.o(i.ConfigTimer3)
    ConfigTimer3                             0x08000f59   Thumb Code    94  adc.o(i.ConfigTimer3)
    i.ConfigTimer4                           0x08000fbc   Section        0  dac.o(i.ConfigTimer4)
    ConfigTimer4                             0x08000fbd   Thumb Code    64  dac.o(i.ConfigTimer4)
    i.ConfigTimer5                           0x08001000   Section        0  timer.o(i.ConfigTimer5)
    ConfigTimer5                             0x08001001   Thumb Code    90  timer.o(i.ConfigTimer5)
    i.ConfigUART                             0x08001060   Section        0  uart1.o(i.ConfigUART)
    ConfigUART                               0x08001061   Thumb Code   182  uart1.o(i.ConfigUART)
    i.DAC_Cmd                                0x08001124   Section        0  stm32f10x_dac.o(i.DAC_Cmd)
    i.DAC_DMACmd                             0x0800114c   Section        0  stm32f10x_dac.o(i.DAC_DMACmd)
    i.DAC_Init                               0x08001178   Section        0  stm32f10x_dac.o(i.DAC_Init)
    i.DAC_SetChannel1Data                    0x080011ac   Section        0  stm32f10x_dac.o(i.DAC_SetChannel1Data)
    i.DMA2_Channel3_IRQHandler               0x080011cc   Section        0  dac.o(i.DMA2_Channel3_IRQHandler)
    i.DMA_ClearITPendingBit                  0x0800120c   Section        0  stm32f10x_dma.o(i.DMA_ClearITPendingBit)
    i.DMA_Cmd                                0x08001228   Section        0  stm32f10x_dma.o(i.DMA_Cmd)
    i.DMA_DeInit                             0x08001240   Section        0  stm32f10x_dma.o(i.DMA_DeInit)
    i.DMA_GetITStatus                        0x0800138c   Section        0  stm32f10x_dma.o(i.DMA_GetITStatus)
    i.DMA_ITConfig                           0x080013b8   Section        0  stm32f10x_dma.o(i.DMA_ITConfig)
    i.DMA_Init                               0x080013ca   Section        0  stm32f10x_dma.o(i.DMA_Init)
    i.DeQueue                                0x08001406   Section        0  queue.o(i.DeQueue)
    i.DeU16Queue                             0x0800144a   Section        0  u16queue.o(i.DeU16Queue)
    i.DebugMon_Handler                       0x08001492   Section        0  stm32f10x_it.o(i.DebugMon_Handler)
    i.ECG_ADC_Read                           0x08001494   Section        0  ecg.o(i.ECG_ADC_Read)
    ECG_ADC_Read                             0x08001495   Thumb Code    80  ecg.o(i.ECG_ADC_Read)
    i.ECG_Filter                             0x080014f4   Section        0  filter.o(i.ECG_Filter)
    i.ECG_Filter_IIR                         0x08001538   Section        0  filter.o(i.ECG_Filter_IIR)
    i.ECG_HR_AverageTime                     0x08001634   Section        0  ecg_heartrate_calculate.o(i.ECG_HR_AverageTime)
    i.ECG_HR_Cal                             0x08001680   Section        0  ecg_heartrate_calculate.o(i.ECG_HR_Cal)
    i.ECG_HR_FindPeak                        0x08001724   Section        0  ecg_heartrate_calculate.o(i.ECG_HR_FindPeak)
    i.ECG_HR_FindReference                   0x080017c4   Section        0  ecg_heartrate_calculate.o(i.ECG_HR_FindReference)
    i.ECG_HR_Send                            0x08001824   Section        0  ecg_heartrate_calculate.o(i.ECG_HR_Send)
    i.ECG_HeartRate_Calculate                0x08001844   Section        0  ecg_heartrate_calculate.o(i.ECG_HeartRate_Calculate)
    i.ECG_Init                               0x08001878   Section        0  ecg.o(i.ECG_Init)
    i.ECG_LEADOFF_Check                      0x0800188c   Section        0  ecg.o(i.ECG_LEADOFF_Check)
    ECG_LEADOFF_Check                        0x0800188d   Thumb Code    80  ecg.o(i.ECG_LEADOFF_Check)
    i.ECG_StartInfo_Change                   0x08001934   Section        0  ecg.o(i.ECG_StartInfo_Change)
    i.ECG_StartInfo_Get                      0x08001958   Section        0  ecg.o(i.ECG_StartInfo_Get)
    i.ECG_Start_Check                        0x08001964   Section        0  ecg.o(i.ECG_Start_Check)
    ECG_Start_Check                          0x08001965   Thumb Code    84  ecg.o(i.ECG_Start_Check)
    i.ECG_Task                               0x080019f4   Section        0  ecg.o(i.ECG_Task)
    i.ECG_Wave_Send                          0x08001a90   Section        0  ecg.o(i.ECG_Wave_Send)
    ECG_Wave_Send                            0x08001a91   Thumb Code    52  ecg.o(i.ECG_Wave_Send)
    i.EnQueue                                0x08001ad8   Section        0  queue.o(i.EnQueue)
    i.EnU16Queue                             0x08001b20   Section        0  u16queue.o(i.EnU16Queue)
    i.EnableUARTTx                           0x08001b6c   Section        0  uart1.o(i.EnableUARTTx)
    EnableUARTTx                             0x08001b6d   Thumb Code    22  uart1.o(i.EnableUARTTx)
    i.FLASH_PrefetchBufferCmd                0x08001b8c   Section        0  stm32f10x_flash.o(i.FLASH_PrefetchBufferCmd)
    i.FLASH_SetLatency                       0x08001ba8   Section        0  stm32f10x_flash.o(i.FLASH_SetLatency)
    i.GPIO_Init                              0x08001bc0   Section        0  stm32f10x_gpio.o(i.GPIO_Init)
    i.GPIO_ReadInputDataBit                  0x08001cd6   Section        0  stm32f10x_gpio.o(i.GPIO_ReadInputDataBit)
    i.GPIO_ReadOutputDataBit                 0x08001ce8   Section        0  stm32f10x_gpio.o(i.GPIO_ReadOutputDataBit)
    i.GPIO_WriteBit                          0x08001cfa   Section        0  stm32f10x_gpio.o(i.GPIO_WriteBit)
    i.Get1SecFlag                            0x08001d04   Section        0  timer.o(i.Get1SecFlag)
    i.Get2msFlag                             0x08001d10   Section        0  timer.o(i.Get2msFlag)
    i.GetRectWave100PointAddr                0x08001d1c   Section        0  wave.o(i.GetRectWave100PointAddr)
    i.GetSineWave100PointAddr                0x08001d24   Section        0  wave.o(i.GetSineWave100PointAddr)
    i.GetTriWave100PointAddr                 0x08001d2c   Section        0  wave.o(i.GetTriWave100PointAddr)
    i.GetUnPackRslt                          0x08001d34   Section        0  packunpack.o(i.GetUnPackRslt)
    i.HardFault_Handler                      0x08001d48   Section        0  stm32f10x_it.o(i.HardFault_Handler)
    i.IIRFilterc                             0x08001d4c   Section        0  filter.o(i.IIRFilterc)
    i.InitADC                                0x08001e80   Section        0  adc.o(i.InitADC)
    i.InitDAC                                0x08001ea8   Section        0  dac.o(i.InitDAC)
    i.InitHardware                           0x08001ed4   Section        0  main.o(i.InitHardware)
    InitHardware                             0x08001ed5   Thumb Code    44  main.o(i.InitHardware)
    i.InitLED                                0x08001f00   Section        0  led.o(i.InitLED)
    i.InitNVIC                               0x08001f08   Section        0  nvic.o(i.InitNVIC)
    i.InitPackUnpack                         0x08001f10   Section        0  packunpack.o(i.InitPackUnpack)
    i.InitProcHostCmd                        0x08001f54   Section        0  prochostcmd.o(i.InitProcHostCmd)
    i.InitQueue                              0x08001f56   Section        0  queue.o(i.InitQueue)
    i.InitRCC                                0x08001f7a   Section        0  rcc.o(i.InitRCC)
    i.InitSendDataToHost                     0x08001f82   Section        0  senddatatohost.o(i.InitSendDataToHost)
    i.InitSoftware                           0x08001f84   Section        0  main.o(i.InitSoftware)
    InitSoftware                             0x08001f85   Thumb Code    20  main.o(i.InitSoftware)
    i.InitSysTick                            0x08001f98   Section        0  systick.o(i.InitSysTick)
    i.InitTimer                              0x08002000   Section        0  timer.o(i.InitTimer)
    i.InitU16Queue                           0x08002018   Section        0  u16queue.o(i.InitU16Queue)
    i.InitUART1                              0x0800203e   Section        0  uart1.o(i.InitUART1)
    i.InitUARTBuf                            0x08002050   Section        0  uart1.o(i.InitUARTBuf)
    InitUARTBuf                              0x08002051   Thumb Code    46  uart1.o(i.InitUARTBuf)
    i.LEDFlicker                             0x08002090   Section        0  led.o(i.LEDFlicker)
    i.MemManage_Handler                      0x080020cc   Section        0  stm32f10x_it.o(i.MemManage_Handler)
    i.NMI_Handler                            0x080020d0   Section        0  stm32f10x_it.o(i.NMI_Handler)
    i.NVIC_ClearPendingIRQ                   0x080020d4   Section        0  uart1.o(i.NVIC_ClearPendingIRQ)
    NVIC_ClearPendingIRQ                     0x080020d5   Thumb Code    18  uart1.o(i.NVIC_ClearPendingIRQ)
    i.NVIC_Init                              0x080020ec   Section        0  misc.o(i.NVIC_Init)
    i.NVIC_PriorityGroupConfig               0x0800215c   Section        0  misc.o(i.NVIC_PriorityGroupConfig)
    i.OnGenWave                              0x08002170   Section        0  prochostcmd.o(i.OnGenWave)
    OnGenWave                                0x08002171   Thumb Code    58  prochostcmd.o(i.OnGenWave)
    i.PackData                               0x080021aa   Section        0  packunpack.o(i.PackData)
    i.PackWithCheckSum                       0x080021c2   Section        0  packunpack.o(i.PackWithCheckSum)
    PackWithCheckSum                         0x080021c3   Thumb Code    62  packunpack.o(i.PackWithCheckSum)
    i.PendSV_Handler                         0x08002200   Section        0  stm32f10x_it.o(i.PendSV_Handler)
    i.Proc1SecTask                           0x08002202   Section        0  main.o(i.Proc1SecTask)
    Proc1SecTask                             0x08002203   Thumb Code    14  main.o(i.Proc1SecTask)
    i.Proc2msTask                            0x08002210   Section        0  main.o(i.Proc2msTask)
    Proc2msTask                              0x08002211   Thumb Code   130  main.o(i.Proc2msTask)
    i.ProcHostCmd                            0x080022d0   Section        0  prochostcmd.o(i.ProcHostCmd)
    i.QueueEmpty                             0x08002316   Section        0  queue.o(i.QueueEmpty)
    i.RCC_ADCCLKConfig                       0x08002324   Section        0  stm32f10x_rcc.o(i.RCC_ADCCLKConfig)
    i.RCC_AHBPeriphClockCmd                  0x0800233c   Section        0  stm32f10x_rcc.o(i.RCC_AHBPeriphClockCmd)
    i.RCC_APB1PeriphClockCmd                 0x0800235c   Section        0  stm32f10x_rcc.o(i.RCC_APB1PeriphClockCmd)
    i.RCC_APB1PeriphResetCmd                 0x0800237c   Section        0  stm32f10x_rcc.o(i.RCC_APB1PeriphResetCmd)
    i.RCC_APB2PeriphClockCmd                 0x0800239c   Section        0  stm32f10x_rcc.o(i.RCC_APB2PeriphClockCmd)
    i.RCC_APB2PeriphResetCmd                 0x080023bc   Section        0  stm32f10x_rcc.o(i.RCC_APB2PeriphResetCmd)
    i.RCC_DeInit                             0x080023dc   Section        0  stm32f10x_rcc.o(i.RCC_DeInit)
    i.RCC_GetClocksFreq                      0x08002428   Section        0  stm32f10x_rcc.o(i.RCC_GetClocksFreq)
    i.RCC_GetFlagStatus                      0x080024fc   Section        0  stm32f10x_rcc.o(i.RCC_GetFlagStatus)
    i.RCC_GetSYSCLKSource                    0x08002538   Section        0  stm32f10x_rcc.o(i.RCC_GetSYSCLKSource)
    i.RCC_HCLKConfig                         0x08002548   Section        0  stm32f10x_rcc.o(i.RCC_HCLKConfig)
    i.RCC_HSEConfig                          0x08002560   Section        0  stm32f10x_rcc.o(i.RCC_HSEConfig)
    i.RCC_PCLK1Config                        0x080025ac   Section        0  stm32f10x_rcc.o(i.RCC_PCLK1Config)
    i.RCC_PCLK2Config                        0x080025c4   Section        0  stm32f10x_rcc.o(i.RCC_PCLK2Config)
    i.RCC_PLLCmd                             0x080025dc   Section        0  stm32f10x_rcc.o(i.RCC_PLLCmd)
    i.RCC_PLLConfig                          0x080025e8   Section        0  stm32f10x_rcc.o(i.RCC_PLLConfig)
    i.RCC_SYSCLKConfig                       0x08002604   Section        0  stm32f10x_rcc.o(i.RCC_SYSCLKConfig)
    i.RCC_WaitForHSEStartUp                  0x0800261c   Section        0  stm32f10x_rcc.o(i.RCC_WaitForHSEStartUp)
    i.ReadADCBuf                             0x08002654   Section        0  adc.o(i.ReadADCBuf)
    i.ReadSendBuf                            0x08002670   Section        0  uart1.o(i.ReadSendBuf)
    ReadSendBuf                              0x08002671   Thumb Code    22  uart1.o(i.ReadSendBuf)
    i.ReadUART1                              0x0800268c   Section        0  uart1.o(i.ReadUART1)
    i.SVC_Handler                            0x080026a8   Section        0  stm32f10x_it.o(i.SVC_Handler)
    i.SendAckPack                            0x080026aa   Section        0  senddatatohost.o(i.SendAckPack)
    i.SendCharUsedByFputc                    0x080026e0   Section        0  uart1.o(i.SendCharUsedByFputc)
    SendCharUsedByFputc                      0x080026e1   Thumb Code    28  uart1.o(i.SendCharUsedByFputc)
    i.SendPackToHost                         0x08002700   Section        0  senddatatohost.o(i.SendPackToHost)
    SendPackToHost                           0x08002701   Thumb Code    28  senddatatohost.o(i.SendPackToHost)
    i.SetDACWave                             0x0800271c   Section        0  dac.o(i.SetDACWave)
    i.SetSysClock                            0x0800272c   Section        0  system_stm32f10x.o(i.SetSysClock)
    SetSysClock                              0x0800272d   Thumb Code     8  system_stm32f10x.o(i.SetSysClock)
    i.SetSysClockTo72                        0x08002734   Section        0  system_stm32f10x.o(i.SetSysClockTo72)
    SetSysClockTo72                          0x08002735   Thumb Code   214  system_stm32f10x.o(i.SetSysClockTo72)
    i.SysTick_Handler                        0x08002814   Section        0  systick.o(i.SysTick_Handler)
    i.SystemInit                             0x0800281c   Section        0  system_stm32f10x.o(i.SystemInit)
    i.TIM2_IRQHandler                        0x0800287c   Section        0  timer.o(i.TIM2_IRQHandler)
    i.TIM3_IRQHandler                        0x080028b8   Section        0  adc.o(i.TIM3_IRQHandler)
    i.TIM5_IRQHandler                        0x080028e0   Section        0  timer.o(i.TIM5_IRQHandler)
    i.TIM_ClearITPendingBit                  0x08002928   Section        0  stm32f10x_tim.o(i.TIM_ClearITPendingBit)
    i.TIM_Cmd                                0x0800292e   Section        0  stm32f10x_tim.o(i.TIM_Cmd)
    i.TIM_DeInit                             0x08002948   Section        0  stm32f10x_tim.o(i.TIM_DeInit)
    i.TIM_GetITStatus                        0x08002b30   Section        0  stm32f10x_tim.o(i.TIM_GetITStatus)
    i.TIM_ITConfig                           0x08002b52   Section        0  stm32f10x_tim.o(i.TIM_ITConfig)
    i.TIM_SelectOutputTrigger                0x08002b64   Section        0  stm32f10x_tim.o(i.TIM_SelectOutputTrigger)
    i.TIM_TimeBaseInit                       0x08002b78   Section        0  stm32f10x_tim.o(i.TIM_TimeBaseInit)
    i.TimDelayDec                            0x08002c1c   Section        0  systick.o(i.TimDelayDec)
    TimDelayDec                              0x08002c1d   Thumb Code    18  systick.o(i.TimDelayDec)
    i.USART1_IRQHandler                      0x08002c34   Section        0  uart1.o(i.USART1_IRQHandler)
    i.USART_ClearFlag                        0x08002ccc   Section        0  stm32f10x_usart.o(i.USART_ClearFlag)
    i.USART_ClearITPendingBit                0x08002cde   Section        0  stm32f10x_usart.o(i.USART_ClearITPendingBit)
    i.USART_Cmd                              0x08002cfc   Section        0  stm32f10x_usart.o(i.USART_Cmd)
    i.USART_GetFlagStatus                    0x08002d14   Section        0  stm32f10x_usart.o(i.USART_GetFlagStatus)
    i.USART_GetITStatus                      0x08002d2e   Section        0  stm32f10x_usart.o(i.USART_GetITStatus)
    i.USART_ITConfig                         0x08002d82   Section        0  stm32f10x_usart.o(i.USART_ITConfig)
    i.USART_Init                             0x08002dcc   Section        0  stm32f10x_usart.o(i.USART_Init)
    i.USART_ReceiveData                      0x08002ea4   Section        0  stm32f10x_usart.o(i.USART_ReceiveData)
    i.USART_SendData                         0x08002eae   Section        0  stm32f10x_usart.o(i.USART_SendData)
    i.USART_StructInit                       0x08002eb6   Section        0  stm32f10x_usart.o(i.USART_StructInit)
    i.UnPackData                             0x08002ed0   Section        0  packunpack.o(i.UnPackData)
    i.UnpackWithCheckSum                     0x08002f54   Section        0  packunpack.o(i.UnpackWithCheckSum)
    UnpackWithCheckSum                       0x08002f55   Thumb Code    66  packunpack.o(i.UnpackWithCheckSum)
    i.UsageFault_Handler                     0x08002f96   Section        0  stm32f10x_it.o(i.UsageFault_Handler)
    i.WriteADCBuf                            0x08002f9c   Section        0  adc.o(i.WriteADCBuf)
    i.WriteReceiveBuf                        0x08002fb4   Section        0  uart1.o(i.WriteReceiveBuf)
    WriteReceiveBuf                          0x08002fb5   Thumb Code    20  uart1.o(i.WriteReceiveBuf)
    i.WriteUART1                             0x08002fcc   Section        0  uart1.o(i.WriteUART1)
    i.__0printf                              0x08002ffc   Section        0  printfa.o(i.__0printf)
    i.__scatterload_copy                     0x0800301c   Section       14  handlers.o(i.__scatterload_copy)
    i.__scatterload_null                     0x0800302a   Section        2  handlers.o(i.__scatterload_null)
    i.__scatterload_zeroinit                 0x0800302c   Section       14  handlers.o(i.__scatterload_zeroinit)
    i._fp_digits                             0x0800303c   Section        0  printfa.o(i._fp_digits)
    _fp_digits                               0x0800303d   Thumb Code   366  printfa.o(i._fp_digits)
    i._printf_core                           0x080031c0   Section        0  printfa.o(i._printf_core)
    _printf_core                             0x080031c1   Thumb Code  1704  printfa.o(i._printf_core)
    i._printf_post_padding                   0x08003874   Section        0  printfa.o(i._printf_post_padding)
    _printf_post_padding                     0x08003875   Thumb Code    36  printfa.o(i._printf_post_padding)
    i._printf_pre_padding                    0x08003898   Section        0  printfa.o(i._printf_pre_padding)
    _printf_pre_padding                      0x08003899   Thumb Code    46  printfa.o(i._printf_pre_padding)
    i.fputc                                  0x080038c6   Section        0  uart1.o(i.fputc)
    i.main                                   0x080038d8   Section        0  main.o(i.main)
    .constdata                               0x08003918   Section      368  filter.o(.constdata)
    .data                                    0x20000000   Section        2  led.o(.data)
    s_iCnt                                   0x20000000   Data           2  led.o(.data)
    .data                                    0x20000002   Section        3  packunpack.o(.data)
    s_iPackLen                               0x20000002   Data           1  packunpack.o(.data)
    s_iGotPackId                             0x20000003   Data           1  packunpack.o(.data)
    s_iRestByteNum                           0x20000004   Data           1  packunpack.o(.data)
    .data                                    0x20000008   Section       12  ecg.o(.data)
    ECG_START_INFO                           0x2000000a   Data           1  ecg.o(.data)
    ECG_LEAD_ERROR_FLAG                      0x2000000b   Data           1  ecg.o(.data)
    ECG_START_FLAG                           0x2000000c   Data           1  ecg.o(.data)
    ECG_TM_counter                           0x2000000d   Data           1  ecg.o(.data)
    ECG_TM_counter                           0x2000000e   Data           1  ecg.o(.data)
    test_point                               0x20000010   Data           4  ecg.o(.data)
    .data                                    0x20000014   Section        4  filter.o(.data)
    .data                                    0x20000018   Section        8  ecg_heartrate_calculate.o(.data)
    ECG_HeartRate                            0x20000018   Data           8  ecg_heartrate_calculate.o(.data)
    .data                                    0x20000020   Section        6  timer.o(.data)
    s_i2msFlag                               0x20000020   Data           1  timer.o(.data)
    s_i1secFlag                              0x20000021   Data           1  timer.o(.data)
    s_iCnt2                                  0x20000022   Data           2  timer.o(.data)
    s_iCnt1000                               0x20000024   Data           2  timer.o(.data)
    .data                                    0x20000026   Section        1  uart1.o(.data)
    s_iUARTTxSts                             0x20000026   Data           1  uart1.o(.data)
    .data                                    0x20000028   Section        8  dac.o(.data)
    s_strDAC1WaveBuf                         0x20000028   Data           8  dac.o(.data)
    .data                                    0x20000030   Section      600  wave.o(.data)
    s_arrSineWave100Point                    0x20000030   Data         200  wave.o(.data)
    s_arrRectWave100Point                    0x200000f8   Data         200  wave.o(.data)
    s_arrTriWave100Point                     0x200001c0   Data         200  wave.o(.data)
    .data                                    0x20000288   Section        2  adc.o(.data)
    s_arrADC1Data                            0x20000288   Data           2  adc.o(.data)
    .data                                    0x2000028a   Section       20  stm32f10x_rcc.o(.data)
    APBAHBPrescTable                         0x2000028a   Data          16  stm32f10x_rcc.o(.data)
    ADCPrescTable                            0x2000029a   Data           4  stm32f10x_rcc.o(.data)
    .data                                    0x200002a0   Section        4  systick.o(.data)
    s_iTimDelayCnt                           0x200002a0   Data           4  systick.o(.data)
    .data                                    0x200002a4   Section       20  system_stm32f10x.o(.data)
    .data                                    0x200002b8   Section        4  stdout.o(.data)
    .bss                                     0x200002bc   Section       10  packunpack.o(.bss)
    s_ptPack                                 0x200002bc   Data          10  packunpack.o(.bss)
    .bss                                     0x200002c8   Section    16000  ecg.o(.bss)
    .bss                                     0x20004148   Section     2248  filter.o(.bss)
    s_ECG_50Hz_arrPx                         0x20004148   Data          96  filter.o(.bss)
    s_ECG_50Hz_arrPy                         0x200041a8   Data          96  filter.o(.bss)
    s_ECG_100Hz_arrPx                        0x20004208   Data          96  filter.o(.bss)
    s_ECG_100Hz_arrPy                        0x20004268   Data          96  filter.o(.bss)
    s_ECG_200Hz_arrPx                        0x200042c8   Data          96  filter.o(.bss)
    s_ECG_200Hz_arrPy                        0x20004328   Data          96  filter.o(.bss)
    s_ECG_Lower_arrPx                        0x20004388   Data         800  filter.o(.bss)
    s_ECG_Lower_arrPy                        0x200046a8   Data         800  filter.o(.bss)
    b1                                       0x200049c8   Data          12  filter.o(.bss)
    a1                                       0x200049d4   Data          12  filter.o(.bss)
    b2                                       0x200049e0   Data          12  filter.o(.bss)
    a2                                       0x200049ec   Data          12  filter.o(.bss)
    bufX                                     0x200049f8   Data          12  filter.o(.bss)
    bufY                                     0x20004a04   Data          12  filter.o(.bss)
    .bss                                     0x20004a10   Section     3840  ecg_heartrate_calculate.o(.bss)
    ECG_Peak_Index                           0x20004a10   Data        1920  ecg_heartrate_calculate.o(.bss)
    ECG_Peak_TM_DIffer                       0x20005190   Data        1920  ecg_heartrate_calculate.o(.bss)
    .bss                                     0x20005910   Section      224  uart1.o(.bss)
    s_structUARTSendCirQue                   0x20005910   Data          12  uart1.o(.bss)
    s_structUARTRecCirQue                    0x2000591c   Data          12  uart1.o(.bss)
    s_arrSendBuf                             0x20005928   Data         100  uart1.o(.bss)
    s_arrRecBuf                              0x2000598c   Data         100  uart1.o(.bss)
    .bss                                     0x200059f0   Section      212  adc.o(.bss)
    s_structADCCirQue                        0x200059f0   Data          12  adc.o(.bss)
    s_arrADCBuf                              0x200059fc   Data         200  adc.o(.bss)
    STACK                                    0x20005ac8   Section     1024  startup_stm32f10x_hd.o(STACK)

    Global Symbols

    Symbol Name                              Value     Ov Type        Size  Object(Section)

    BuildAttributes$$THM_ISAv4$P$D$K$B$S$PE$A:L22UL41UL21$X:L11$S22US41US21$IEEE1$IW$USESV6$~STKCKD$USESV7$~SHL$OTIME$ROPI$EBA8$MICROLIB$REQ8$PRES8$EABIv2 0x00000000   Number         0  anon$$obj.o ABSOLUTE
    __ARM_use_no_argv                        0x00000000   Number         0  main.o ABSOLUTE
    _printf_a                                0x00000000   Number         0  stubs.o ABSOLUTE
    _printf_c                                0x00000000   Number         0  stubs.o ABSOLUTE
    _printf_charcount                        0x00000000   Number         0  stubs.o ABSOLUTE
    _printf_d                                0x00000000   Number         0  stubs.o ABSOLUTE
    _printf_e                                0x00000000   Number         0  stubs.o ABSOLUTE
    _printf_f                                0x00000000   Number         0  stubs.o ABSOLUTE
    _printf_flags                            0x00000000   Number         0  stubs.o ABSOLUTE
    _printf_fp_dec                           0x00000000   Number         0  stubs.o ABSOLUTE
    _printf_fp_hex                           0x00000000   Number         0  stubs.o ABSOLUTE
    _printf_g                                0x00000000   Number         0  stubs.o ABSOLUTE
    _printf_i                                0x00000000   Number         0  stubs.o ABSOLUTE
    _printf_int_dec                          0x00000000   Number         0  stubs.o ABSOLUTE
    _printf_l                                0x00000000   Number         0  stubs.o ABSOLUTE
    _printf_lc                               0x00000000   Number         0  stubs.o ABSOLUTE
    _printf_ll                               0x00000000   Number         0  stubs.o ABSOLUTE
    _printf_lld                              0x00000000   Number         0  stubs.o ABSOLUTE
    _printf_lli                              0x00000000   Number         0  stubs.o ABSOLUTE
    _printf_llo                              0x00000000   Number         0  stubs.o ABSOLUTE
    _printf_llu                              0x00000000   Number         0  stubs.o ABSOLUTE
    _printf_llx                              0x00000000   Number         0  stubs.o ABSOLUTE
    _printf_longlong_dec                     0x00000000   Number         0  stubs.o ABSOLUTE
    _printf_longlong_hex                     0x00000000   Number         0  stubs.o ABSOLUTE
    _printf_longlong_oct                     0x00000000   Number         0  stubs.o ABSOLUTE
    _printf_ls                               0x00000000   Number         0  stubs.o ABSOLUTE
    _printf_mbtowc                           0x00000000   Number         0  stubs.o ABSOLUTE
    _printf_n                                0x00000000   Number         0  stubs.o ABSOLUTE
    _printf_o                                0x00000000   Number         0  stubs.o ABSOLUTE
    _printf_p                                0x00000000   Number         0  stubs.o ABSOLUTE
    _printf_percent                          0x00000000   Number         0  stubs.o ABSOLUTE
    _printf_pre_padding                      0x00000000   Number         0  stubs.o ABSOLUTE
    _printf_return_value                     0x00000000   Number         0  stubs.o ABSOLUTE
    _printf_s                                0x00000000   Number         0  stubs.o ABSOLUTE
    _printf_sizespec                         0x00000000   Number         0  stubs.o ABSOLUTE
    _printf_str                              0x00000000   Number         0  stubs.o ABSOLUTE
    _printf_truncate_signed                  0x00000000   Number         0  stubs.o ABSOLUTE
    _printf_truncate_unsigned                0x00000000   Number         0  stubs.o ABSOLUTE
    _printf_u                                0x00000000   Number         0  stubs.o ABSOLUTE
    _printf_wc                               0x00000000   Number         0  stubs.o ABSOLUTE
    _printf_wctomb                           0x00000000   Number         0  stubs.o ABSOLUTE
    _printf_widthprec                        0x00000000   Number         0  stubs.o ABSOLUTE
    _printf_x                                0x00000000   Number         0  stubs.o ABSOLUTE
    __arm_fini_                               - Undefined Weak Reference
    __cpp_initialize__aeabi_                  - Undefined Weak Reference
    __cxa_finalize                            - Undefined Weak Reference
    _clock_init                               - Undefined Weak Reference
    _microlib_exit                            - Undefined Weak Reference
    __Vectors_Size                           0x00000130   Number         0  startup_stm32f10x_hd.o ABSOLUTE
    __Vectors                                0x08000000   Data           4  startup_stm32f10x_hd.o(RESET)
    __Vectors_End                            0x08000130   Data           0  startup_stm32f10x_hd.o(RESET)
    __main                                   0x08000131   Thumb Code     0  entry.o(.ARM.Collect$$$$00000000)
    _main_stk                                0x08000131   Thumb Code     0  entry2.o(.ARM.Collect$$$$00000001)
    _main_scatterload                        0x08000135   Thumb Code     0  entry5.o(.ARM.Collect$$$$00000004)
    __main_after_scatterload                 0x08000139   Thumb Code     0  entry5.o(.ARM.Collect$$$$00000004)
    _main_clock                              0x08000139   Thumb Code     0  entry7b.o(.ARM.Collect$$$$00000008)
    _main_cpp_init                           0x08000139   Thumb Code     0  entry8b.o(.ARM.Collect$$$$0000000A)
    _main_init                               0x08000139   Thumb Code     0  entry9a.o(.ARM.Collect$$$$0000000B)
    __rt_lib_shutdown_fini                   0x08000141   Thumb Code     0  entry12b.o(.ARM.Collect$$$$0000000E)
    __rt_final_cpp                           0x08000145   Thumb Code     0  entry10a.o(.ARM.Collect$$$$0000000F)
    __rt_final_exit                          0x08000145   Thumb Code     0  entry11a.o(.ARM.Collect$$$$00000011)
    Reset_Handler                            0x08000149   Thumb Code     8  startup_stm32f10x_hd.o(.text)
    ADC1_2_IRQHandler                        0x08000163   Thumb Code     0  startup_stm32f10x_hd.o(.text)
    ADC3_IRQHandler                          0x08000163   Thumb Code     0  startup_stm32f10x_hd.o(.text)
    CAN1_RX1_IRQHandler                      0x08000163   Thumb Code     0  startup_stm32f10x_hd.o(.text)
    CAN1_SCE_IRQHandler                      0x08000163   Thumb Code     0  startup_stm32f10x_hd.o(.text)
    DMA1_Channel1_IRQHandler                 0x08000163   Thumb Code     0  startup_stm32f10x_hd.o(.text)
    DMA1_Channel2_IRQHandler                 0x08000163   Thumb Code     0  startup_stm32f10x_hd.o(.text)
    DMA1_Channel3_IRQHandler                 0x08000163   Thumb Code     0  startup_stm32f10x_hd.o(.text)
    DMA1_Channel4_IRQHandler                 0x08000163   Thumb Code     0  startup_stm32f10x_hd.o(.text)
    DMA1_Channel5_IRQHandler                 0x08000163   Thumb Code     0  startup_stm32f10x_hd.o(.text)
    DMA1_Channel6_IRQHandler                 0x08000163   Thumb Code     0  startup_stm32f10x_hd.o(.text)
    DMA1_Channel7_IRQHandler                 0x08000163   Thumb Code     0  startup_stm32f10x_hd.o(.text)
    DMA2_Channel1_IRQHandler                 0x08000163   Thumb Code     0  startup_stm32f10x_hd.o(.text)
    DMA2_Channel2_IRQHandler                 0x08000163   Thumb Code     0  startup_stm32f10x_hd.o(.text)
    DMA2_Channel4_5_IRQHandler               0x08000163   Thumb Code     0  startup_stm32f10x_hd.o(.text)
    EXTI0_IRQHandler                         0x08000163   Thumb Code     0  startup_stm32f10x_hd.o(.text)
    EXTI15_10_IRQHandler                     0x08000163   Thumb Code     0  startup_stm32f10x_hd.o(.text)
    EXTI1_IRQHandler                         0x08000163   Thumb Code     0  startup_stm32f10x_hd.o(.text)
    EXTI2_IRQHandler                         0x08000163   Thumb Code     0  startup_stm32f10x_hd.o(.text)
    EXTI3_IRQHandler                         0x08000163   Thumb Code     0  startup_stm32f10x_hd.o(.text)
    EXTI4_IRQHandler                         0x08000163   Thumb Code     0  startup_stm32f10x_hd.o(.text)
    EXTI9_5_IRQHandler                       0x08000163   Thumb Code     0  startup_stm32f10x_hd.o(.text)
    FLASH_IRQHandler                         0x08000163   Thumb Code     0  startup_stm32f10x_hd.o(.text)
    FSMC_IRQHandler                          0x08000163   Thumb Code     0  startup_stm32f10x_hd.o(.text)
    I2C1_ER_IRQHandler                       0x08000163   Thumb Code     0  startup_stm32f10x_hd.o(.text)
    I2C1_EV_IRQHandler                       0x08000163   Thumb Code     0  startup_stm32f10x_hd.o(.text)
    I2C2_ER_IRQHandler                       0x08000163   Thumb Code     0  startup_stm32f10x_hd.o(.text)
    I2C2_EV_IRQHandler                       0x08000163   Thumb Code     0  startup_stm32f10x_hd.o(.text)
    PVD_IRQHandler                           0x08000163   Thumb Code     0  startup_stm32f10x_hd.o(.text)
    RCC_IRQHandler                           0x08000163   Thumb Code     0  startup_stm32f10x_hd.o(.text)
    RTCAlarm_IRQHandler                      0x08000163   Thumb Code     0  startup_stm32f10x_hd.o(.text)
    RTC_IRQHandler                           0x08000163   Thumb Code     0  startup_stm32f10x_hd.o(.text)
    SDIO_IRQHandler                          0x08000163   Thumb Code     0  startup_stm32f10x_hd.o(.text)
    SPI1_IRQHandler                          0x08000163   Thumb Code     0  startup_stm32f10x_hd.o(.text)
    SPI2_IRQHandler                          0x08000163   Thumb Code     0  startup_stm32f10x_hd.o(.text)
    SPI3_IRQHandler                          0x08000163   Thumb Code     0  startup_stm32f10x_hd.o(.text)
    TAMPER_IRQHandler                        0x08000163   Thumb Code     0  startup_stm32f10x_hd.o(.text)
    TIM1_BRK_IRQHandler                      0x08000163   Thumb Code     0  startup_stm32f10x_hd.o(.text)
    TIM1_CC_IRQHandler                       0x08000163   Thumb Code     0  startup_stm32f10x_hd.o(.text)
    TIM1_TRG_COM_IRQHandler                  0x08000163   Thumb Code     0  startup_stm32f10x_hd.o(.text)
    TIM1_UP_IRQHandler                       0x08000163   Thumb Code     0  startup_stm32f10x_hd.o(.text)
    TIM4_IRQHandler                          0x08000163   Thumb Code     0  startup_stm32f10x_hd.o(.text)
    TIM6_IRQHandler                          0x08000163   Thumb Code     0  startup_stm32f10x_hd.o(.text)
    TIM7_IRQHandler                          0x08000163   Thumb Code     0  startup_stm32f10x_hd.o(.text)
    TIM8_BRK_IRQHandler                      0x08000163   Thumb Code     0  startup_stm32f10x_hd.o(.text)
    TIM8_CC_IRQHandler                       0x08000163   Thumb Code     0  startup_stm32f10x_hd.o(.text)
    TIM8_TRG_COM_IRQHandler                  0x08000163   Thumb Code     0  startup_stm32f10x_hd.o(.text)
    TIM8_UP_IRQHandler                       0x08000163   Thumb Code     0  startup_stm32f10x_hd.o(.text)
    UART4_IRQHandler                         0x08000163   Thumb Code     0  startup_stm32f10x_hd.o(.text)
    UART5_IRQHandler                         0x08000163   Thumb Code     0  startup_stm32f10x_hd.o(.text)
    USART2_IRQHandler                        0x08000163   Thumb Code     0  startup_stm32f10x_hd.o(.text)
    USART3_IRQHandler                        0x08000163   Thumb Code     0  startup_stm32f10x_hd.o(.text)
    USBWakeUp_IRQHandler                     0x08000163   Thumb Code     0  startup_stm32f10x_hd.o(.text)
    USB_HP_CAN1_TX_IRQHandler                0x08000163   Thumb Code     0  startup_stm32f10x_hd.o(.text)
    USB_LP_CAN1_RX0_IRQHandler               0x08000163   Thumb Code     0  startup_stm32f10x_hd.o(.text)
    WWDG_IRQHandler                          0x08000163   Thumb Code     0  startup_stm32f10x_hd.o(.text)
    __aeabi_fadd                             0x0800016d   Thumb Code   164  fadd.o(.text)
    __aeabi_fsub                             0x08000211   Thumb Code     6  fadd.o(.text)
    __aeabi_frsub                            0x08000217   Thumb Code     6  fadd.o(.text)
    __aeabi_fmul                             0x0800021d   Thumb Code   100  fmul.o(.text)
    __aeabi_dadd                             0x08000281   Thumb Code   322  dadd.o(.text)
    __aeabi_dsub                             0x080003c3   Thumb Code     6  dadd.o(.text)
    __aeabi_drsub                            0x080003c9   Thumb Code     6  dadd.o(.text)
    __aeabi_dmul                             0x080003cf   Thumb Code   228  dmul.o(.text)
    __aeabi_ddiv                             0x080004b3   Thumb Code   222  ddiv.o(.text)
    __aeabi_i2d                              0x08000591   Thumb Code    34  dflti.o(.text)
    __aeabi_ui2d                             0x080005b3   Thumb Code    26  dfltui.o(.text)
    __aeabi_d2iz                             0x080005cd   Thumb Code    62  dfixi.o(.text)
    __aeabi_cdcmpeq                          0x0800060d   Thumb Code     0  cdcmple.o(.text)
    __aeabi_cdcmple                          0x0800060d   Thumb Code    48  cdcmple.o(.text)
    __aeabi_cdrcmple                         0x0800063d   Thumb Code    48  cdrcmple.o(.text)
    __aeabi_uidiv                            0x0800066d   Thumb Code     0  uidiv.o(.text)
    __aeabi_uidivmod                         0x0800066d   Thumb Code    44  uidiv.o(.text)
    __aeabi_uldivmod                         0x08000699   Thumb Code    98  uldiv.o(.text)
    __aeabi_llsl                             0x080006fb   Thumb Code    30  llshl.o(.text)
    _ll_shift_l                              0x080006fb   Thumb Code     0  llshl.o(.text)
    __aeabi_llsr                             0x08000719   Thumb Code    32  llushr.o(.text)
    _ll_ushift_r                             0x08000719   Thumb Code     0  llushr.o(.text)
    __aeabi_lasr                             0x08000739   Thumb Code    36  llsshr.o(.text)
    _ll_sshift_r                             0x08000739   Thumb Code     0  llsshr.o(.text)
    __I$use$fp                               0x0800075d   Thumb Code     0  iusefp.o(.text)
    _float_round                             0x0800075d   Thumb Code    18  fepilogue.o(.text)
    _float_epilogue                          0x0800076f   Thumb Code    92  fepilogue.o(.text)
    _double_round                            0x080007cb   Thumb Code    30  depilogue.o(.text)
    _double_epilogue                         0x080007e9   Thumb Code   156  depilogue.o(.text)
    __aeabi_d2ulz                            0x08000885   Thumb Code    48  dfixul.o(.text)
    __scatterload                            0x080008b5   Thumb Code    28  init.o(.text)
    __scatterload_rt2                        0x080008b5   Thumb Code     0  init.o(.text)
    __decompress                             0x080008d9   Thumb Code     0  __dczerorl2.o(.text)
    __decompress1                            0x080008d9   Thumb Code    86  __dczerorl2.o(.text)
    ADC_Cmd                                  0x0800092f   Thumb Code    22  stm32f10x_adc.o(i.ADC_Cmd)
    ADC_DMACmd                               0x08000945   Thumb Code    22  stm32f10x_adc.o(i.ADC_DMACmd)
    ADC_ExternalTrigConvCmd                  0x0800095b   Thumb Code    22  stm32f10x_adc.o(i.ADC_ExternalTrigConvCmd)
    ADC_GetCalibrationStatus                 0x08000971   Thumb Code    20  stm32f10x_adc.o(i.ADC_GetCalibrationStatus)
    ADC_GetResetCalibrationStatus            0x08000985   Thumb Code    20  stm32f10x_adc.o(i.ADC_GetResetCalibrationStatus)
    ADC_Init                                 0x08000999   Thumb Code    70  stm32f10x_adc.o(i.ADC_Init)
    ADC_RegularChannelConfig                 0x080009e9   Thumb Code   184  stm32f10x_adc.o(i.ADC_RegularChannelConfig)
    ADC_ResetCalibration                     0x08000aa1   Thumb Code    10  stm32f10x_adc.o(i.ADC_ResetCalibration)
    ADC_StartCalibration                     0x08000aab   Thumb Code    10  stm32f10x_adc.o(i.ADC_StartCalibration)
    BaselineFilterTask                       0x08000ab5   Thumb Code   288  filter.o(i.BaselineFilterTask)
    BusFault_Handler                         0x08000bfd   Thumb Code     4  stm32f10x_it.o(i.BusFault_Handler)
    Clr1SecFlag                              0x08000c01   Thumb Code     8  timer.o(i.Clr1SecFlag)
    Clr2msFlag                               0x08000c0d   Thumb Code     8  timer.o(i.Clr2msFlag)
    DAC_Cmd                                  0x08001125   Thumb Code    34  stm32f10x_dac.o(i.DAC_Cmd)
    DAC_DMACmd                               0x0800114d   Thumb Code    38  stm32f10x_dac.o(i.DAC_DMACmd)
    DAC_Init                                 0x08001179   Thumb Code    46  stm32f10x_dac.o(i.DAC_Init)
    DAC_SetChannel1Data                      0x080011ad   Thumb Code    26  stm32f10x_dac.o(i.DAC_SetChannel1Data)
    DMA2_Channel3_IRQHandler                 0x080011cd   Thumb Code    46  dac.o(i.DMA2_Channel3_IRQHandler)
    DMA_ClearITPendingBit                    0x0800120d   Thumb Code    18  stm32f10x_dma.o(i.DMA_ClearITPendingBit)
    DMA_Cmd                                  0x08001229   Thumb Code    24  stm32f10x_dma.o(i.DMA_Cmd)
    DMA_DeInit                               0x08001241   Thumb Code   324  stm32f10x_dma.o(i.DMA_DeInit)
    DMA_GetITStatus                          0x0800138d   Thumb Code    36  stm32f10x_dma.o(i.DMA_GetITStatus)
    DMA_ITConfig                             0x080013b9   Thumb Code    18  stm32f10x_dma.o(i.DMA_ITConfig)
    DMA_Init                                 0x080013cb   Thumb Code    60  stm32f10x_dma.o(i.DMA_Init)
    DeQueue                                  0x08001407   Thumb Code    68  queue.o(i.DeQueue)
    DeU16Queue                               0x0800144b   Thumb Code    72  u16queue.o(i.DeU16Queue)
    DebugMon_Handler                         0x08001493   Thumb Code     2  stm32f10x_it.o(i.DebugMon_Handler)
    ECG_Filter                               0x080014f5   Thumb Code    38  filter.o(i.ECG_Filter)
    ECG_Filter_IIR                           0x08001539   Thumb Code   186  filter.o(i.ECG_Filter_IIR)
    ECG_HR_AverageTime                       0x08001635   Thumb Code    68  ecg_heartrate_calculate.o(i.ECG_HR_AverageTime)
    ECG_HR_Cal                               0x08001681   Thumb Code   138  ecg_heartrate_calculate.o(i.ECG_HR_Cal)
    ECG_HR_FindPeak                          0x08001725   Thumb Code   150  ecg_heartrate_calculate.o(i.ECG_HR_FindPeak)
    ECG_HR_FindReference                     0x080017c5   Thumb Code    82  ecg_heartrate_calculate.o(i.ECG_HR_FindReference)
    ECG_HR_Send                              0x08001825   Thumb Code    14  ecg_heartrate_calculate.o(i.ECG_HR_Send)
    ECG_HeartRate_Calculate                  0x08001845   Thumb Code    50  ecg_heartrate_calculate.o(i.ECG_HeartRate_Calculate)
    ECG_Init                                 0x08001879   Thumb Code    14  ecg.o(i.ECG_Init)
    ECG_StartInfo_Change                     0x08001935   Thumb Code    30  ecg.o(i.ECG_StartInfo_Change)
    ECG_StartInfo_Get                        0x08001959   Thumb Code     6  ecg.o(i.ECG_StartInfo_Get)
    ECG_Task                                 0x080019f5   Thumb Code   132  ecg.o(i.ECG_Task)
    EnQueue                                  0x08001ad9   Thumb Code    72  queue.o(i.EnQueue)
    EnU16Queue                               0x08001b21   Thumb Code    76  u16queue.o(i.EnU16Queue)
    FLASH_PrefetchBufferCmd                  0x08001b8d   Thumb Code    22  stm32f10x_flash.o(i.FLASH_PrefetchBufferCmd)
    FLASH_SetLatency                         0x08001ba9   Thumb Code    18  stm32f10x_flash.o(i.FLASH_SetLatency)
    GPIO_Init                                0x08001bc1   Thumb Code   278  stm32f10x_gpio.o(i.GPIO_Init)
    GPIO_ReadInputDataBit                    0x08001cd7   Thumb Code    18  stm32f10x_gpio.o(i.GPIO_ReadInputDataBit)
    GPIO_ReadOutputDataBit                   0x08001ce9   Thumb Code    18  stm32f10x_gpio.o(i.GPIO_ReadOutputDataBit)
    GPIO_WriteBit                            0x08001cfb   Thumb Code    10  stm32f10x_gpio.o(i.GPIO_WriteBit)
    Get1SecFlag                              0x08001d05   Thumb Code     6  timer.o(i.Get1SecFlag)
    Get2msFlag                               0x08001d11   Thumb Code     6  timer.o(i.Get2msFlag)
    GetRectWave100PointAddr                  0x08001d1d   Thumb Code     4  wave.o(i.GetRectWave100PointAddr)
    GetSineWave100PointAddr                  0x08001d25   Thumb Code     4  wave.o(i.GetSineWave100PointAddr)
    GetTriWave100PointAddr                   0x08001d2d   Thumb Code     4  wave.o(i.GetTriWave100PointAddr)
    GetUnPackRslt                            0x08001d35   Thumb Code    16  packunpack.o(i.GetUnPackRslt)
    HardFault_Handler                        0x08001d49   Thumb Code     4  stm32f10x_it.o(i.HardFault_Handler)
    IIRFilterc                               0x08001d4d   Thumb Code   306  filter.o(i.IIRFilterc)
    InitADC                                  0x08001e81   Thumb Code    32  adc.o(i.InitADC)
    InitDAC                                  0x08001ea9   Thumb Code    40  dac.o(i.InitDAC)
    InitLED                                  0x08001f01   Thumb Code     8  led.o(i.InitLED)
    InitNVIC                                 0x08001f09   Thumb Code     8  nvic.o(i.InitNVIC)
    InitPackUnpack                           0x08001f11   Thumb Code    50  packunpack.o(i.InitPackUnpack)
    InitProcHostCmd                          0x08001f55   Thumb Code     2  prochostcmd.o(i.InitProcHostCmd)
    InitQueue                                0x08001f57   Thumb Code    36  queue.o(i.InitQueue)
    InitRCC                                  0x08001f7b   Thumb Code     8  rcc.o(i.InitRCC)
    InitSendDataToHost                       0x08001f83   Thumb Code     2  senddatatohost.o(i.InitSendDataToHost)
    InitSysTick                              0x08001f99   Thumb Code    92  systick.o(i.InitSysTick)
    InitTimer                                0x08002001   Thumb Code    24  timer.o(i.InitTimer)
    InitU16Queue                             0x08002019   Thumb Code    38  u16queue.o(i.InitU16Queue)
    InitUART1                                0x0800203f   Thumb Code    16  uart1.o(i.InitUART1)
    LEDFlicker                               0x08002091   Thumb Code    52  led.o(i.LEDFlicker)
    MemManage_Handler                        0x080020cd   Thumb Code     4  stm32f10x_it.o(i.MemManage_Handler)
    NMI_Handler                              0x080020d1   Thumb Code     2  stm32f10x_it.o(i.NMI_Handler)
    NVIC_Init                                0x080020ed   Thumb Code   100  misc.o(i.NVIC_Init)
    NVIC_PriorityGroupConfig                 0x0800215d   Thumb Code    10  misc.o(i.NVIC_PriorityGroupConfig)
    PackData                                 0x080021ab   Thumb Code    24  packunpack.o(i.PackData)
    PendSV_Handler                           0x08002201   Thumb Code     2  stm32f10x_it.o(i.PendSV_Handler)
    ProcHostCmd                              0x080022d1   Thumb Code    70  prochostcmd.o(i.ProcHostCmd)
    QueueEmpty                               0x08002317   Thumb Code    14  queue.o(i.QueueEmpty)
    RCC_ADCCLKConfig                         0x08002325   Thumb Code    18  stm32f10x_rcc.o(i.RCC_ADCCLKConfig)
    RCC_AHBPeriphClockCmd                    0x0800233d   Thumb Code    26  stm32f10x_rcc.o(i.RCC_AHBPeriphClockCmd)
    RCC_APB1PeriphClockCmd                   0x0800235d   Thumb Code    26  stm32f10x_rcc.o(i.RCC_APB1PeriphClockCmd)
    RCC_APB1PeriphResetCmd                   0x0800237d   Thumb Code    26  stm32f10x_rcc.o(i.RCC_APB1PeriphResetCmd)
    RCC_APB2PeriphClockCmd                   0x0800239d   Thumb Code    26  stm32f10x_rcc.o(i.RCC_APB2PeriphClockCmd)
    RCC_APB2PeriphResetCmd                   0x080023bd   Thumb Code    26  stm32f10x_rcc.o(i.RCC_APB2PeriphResetCmd)
    RCC_DeInit                               0x080023dd   Thumb Code    64  stm32f10x_rcc.o(i.RCC_DeInit)
    RCC_GetClocksFreq                        0x08002429   Thumb Code   192  stm32f10x_rcc.o(i.RCC_GetClocksFreq)
    RCC_GetFlagStatus                        0x080024fd   Thumb Code    56  stm32f10x_rcc.o(i.RCC_GetFlagStatus)
    RCC_GetSYSCLKSource                      0x08002539   Thumb Code    10  stm32f10x_rcc.o(i.RCC_GetSYSCLKSource)
    RCC_HCLKConfig                           0x08002549   Thumb Code    18  stm32f10x_rcc.o(i.RCC_HCLKConfig)
    RCC_HSEConfig                            0x08002561   Thumb Code    70  stm32f10x_rcc.o(i.RCC_HSEConfig)
    RCC_PCLK1Config                          0x080025ad   Thumb Code    18  stm32f10x_rcc.o(i.RCC_PCLK1Config)
    RCC_PCLK2Config                          0x080025c5   Thumb Code    20  stm32f10x_rcc.o(i.RCC_PCLK2Config)
    RCC_PLLCmd                               0x080025dd   Thumb Code     6  stm32f10x_rcc.o(i.RCC_PLLCmd)
    RCC_PLLConfig                            0x080025e9   Thumb Code    24  stm32f10x_rcc.o(i.RCC_PLLConfig)
    RCC_SYSCLKConfig                         0x08002605   Thumb Code    18  stm32f10x_rcc.o(i.RCC_SYSCLKConfig)
    RCC_WaitForHSEStartUp                    0x0800261d   Thumb Code    56  stm32f10x_rcc.o(i.RCC_WaitForHSEStartUp)
    ReadADCBuf                               0x08002655   Thumb Code    22  adc.o(i.ReadADCBuf)
    ReadUART1                                0x0800268d   Thumb Code    24  uart1.o(i.ReadUART1)
    SVC_Handler                              0x080026a9   Thumb Code     2  stm32f10x_it.o(i.SVC_Handler)
    SendAckPack                              0x080026ab   Thumb Code    54  senddatatohost.o(i.SendAckPack)
    SetDACWave                               0x0800271d   Thumb Code    12  dac.o(i.SetDACWave)
    SysTick_Handler                          0x08002815   Thumb Code     8  systick.o(i.SysTick_Handler)
    SystemInit                               0x0800281d   Thumb Code    78  system_stm32f10x.o(i.SystemInit)
    TIM2_IRQHandler                          0x0800287d   Thumb Code    52  timer.o(i.TIM2_IRQHandler)
    TIM3_IRQHandler                          0x080028b9   Thumb Code    30  adc.o(i.TIM3_IRQHandler)
    TIM5_IRQHandler                          0x080028e1   Thumb Code    58  timer.o(i.TIM5_IRQHandler)
    TIM_ClearITPendingBit                    0x08002929   Thumb Code     6  stm32f10x_tim.o(i.TIM_ClearITPendingBit)
    TIM_Cmd                                  0x0800292f   Thumb Code    24  stm32f10x_tim.o(i.TIM_Cmd)
    TIM_DeInit                               0x08002949   Thumb Code   424  stm32f10x_tim.o(i.TIM_DeInit)
    TIM_GetITStatus                          0x08002b31   Thumb Code    34  stm32f10x_tim.o(i.TIM_GetITStatus)
    TIM_ITConfig                             0x08002b53   Thumb Code    18  stm32f10x_tim.o(i.TIM_ITConfig)
    TIM_SelectOutputTrigger                  0x08002b65   Thumb Code    18  stm32f10x_tim.o(i.TIM_SelectOutputTrigger)
    TIM_TimeBaseInit                         0x08002b79   Thumb Code   122  stm32f10x_tim.o(i.TIM_TimeBaseInit)
    USART1_IRQHandler                        0x08002c35   Thumb Code   140  uart1.o(i.USART1_IRQHandler)
    USART_ClearFlag                          0x08002ccd   Thumb Code    18  stm32f10x_usart.o(i.USART_ClearFlag)
    USART_ClearITPendingBit                  0x08002cdf   Thumb Code    30  stm32f10x_usart.o(i.USART_ClearITPendingBit)
    USART_Cmd                                0x08002cfd   Thumb Code    24  stm32f10x_usart.o(i.USART_Cmd)
    USART_GetFlagStatus                      0x08002d15   Thumb Code    26  stm32f10x_usart.o(i.USART_GetFlagStatus)
    USART_GetITStatus                        0x08002d2f   Thumb Code    84  stm32f10x_usart.o(i.USART_GetITStatus)
    USART_ITConfig                           0x08002d83   Thumb Code    74  stm32f10x_usart.o(i.USART_ITConfig)
    USART_Init                               0x08002dcd   Thumb Code   210  stm32f10x_usart.o(i.USART_Init)
    USART_ReceiveData                        0x08002ea5   Thumb Code    10  stm32f10x_usart.o(i.USART_ReceiveData)
    USART_SendData                           0x08002eaf   Thumb Code     8  stm32f10x_usart.o(i.USART_SendData)
    USART_StructInit                         0x08002eb7   Thumb Code    24  stm32f10x_usart.o(i.USART_StructInit)
    UnPackData                               0x08002ed1   Thumb Code   114  packunpack.o(i.UnPackData)
    UsageFault_Handler                       0x08002f97   Thumb Code     4  stm32f10x_it.o(i.UsageFault_Handler)
    WriteADCBuf                              0x08002f9d   Thumb Code    20  adc.o(i.WriteADCBuf)
    WriteUART1                               0x08002fcd   Thumb Code    38  uart1.o(i.WriteUART1)
    __0printf                                0x08002ffd   Thumb Code    22  printfa.o(i.__0printf)
    __1printf                                0x08002ffd   Thumb Code     0  printfa.o(i.__0printf)
    __2printf                                0x08002ffd   Thumb Code     0  printfa.o(i.__0printf)
    __c89printf                              0x08002ffd   Thumb Code     0  printfa.o(i.__0printf)
    printf                                   0x08002ffd   Thumb Code     0  printfa.o(i.__0printf)
    __scatterload_copy                       0x0800301d   Thumb Code    14  handlers.o(i.__scatterload_copy)
    __scatterload_null                       0x0800302b   Thumb Code     2  handlers.o(i.__scatterload_null)
    __scatterload_zeroinit                   0x0800302d   Thumb Code    14  handlers.o(i.__scatterload_zeroinit)
    fputc                                    0x080038c7   Thumb Code    16  uart1.o(i.fputc)
    main                                     0x080038d9   Thumb Code    26  main.o(i.main)
    ECG_50Hz_NL                              0x08003918   Data           4  filter.o(.constdata)
    ECG_50Hz_NUM                             0x08003920   Data          24  filter.o(.constdata)
    ECG_50Hz_DL                              0x08003938   Data           4  filter.o(.constdata)
    ECG_50Hz_DEN                             0x08003940   Data          24  filter.o(.constdata)
    ECG_100Hz_NL                             0x08003958   Data           4  filter.o(.constdata)
    ECG_100Hz_NUM                            0x08003960   Data          24  filter.o(.constdata)
    ECG_100Hz_DL                             0x08003978   Data           4  filter.o(.constdata)
    ECG_100Hz_DEN                            0x08003980   Data          24  filter.o(.constdata)
    ECG_200Hz_NL                             0x08003998   Data           4  filter.o(.constdata)
    ECG_200Hz_NUM                            0x080039a0   Data          24  filter.o(.constdata)
    ECG_200Hz_DL                             0x080039b8   Data           4  filter.o(.constdata)
    ECG_200Hz_DEN                            0x080039c0   Data          24  filter.o(.constdata)
    ECG_Lower_NL                             0x080039d8   Data          12  filter.o(.constdata)
    ECG_Lower_NUM                            0x080039e8   Data          72  filter.o(.constdata)
    ECG_Lower_DL                             0x08003a30   Data          12  filter.o(.constdata)
    ECG_Lower_DEN                            0x08003a40   Data          72  filter.o(.constdata)
    Region$$Table$$Base                      0x08003a88   Number         0  anon$$obj.o(Region$$Table)
    Region$$Table$$Limit                     0x08003aa8   Number         0  anon$$obj.o(Region$$Table)
    WAVE_NUM                                 0x20000008   Data           2  ecg.o(.data)
    ECG_Filter_Flag                          0x20000014   Data           4  filter.o(.data)
    SystemCoreClock                          0x200002a4   Data           4  system_stm32f10x.o(.data)
    AHBPrescTable                            0x200002a8   Data          16  system_stm32f10x.o(.data)
    __stdout                                 0x200002b8   Data           4  stdout.o(.data)
    ECG_WaveData                             0x200002c8   Data       16000  ecg.o(.bss)
    __initial_sp                             0x20005ec8   Data           0  startup_stm32f10x_hd.o(STACK)



==============================================================================

Memory Map of the image

  Image Entry point : 0x08000131

  Load Region LR_IROM1 (Base: 0x08000000, Size: 0x00003d64, Max: 0x00040000, ABSOLUTE, COMPRESSED[0x00003c44])

    Execution Region ER_IROM1 (Exec base: 0x08000000, Load base: 0x08000000, Size: 0x00003aa8, Max: 0x00040000, ABSOLUTE)

    Exec Addr    Load Addr    Size         Type   Attr      Idx    E Section Name        Object

    0x08000000   0x08000000   0x00000130   Data   RO         2605    RESET               startup_stm32f10x_hd.o
    0x08000130   0x08000130   0x00000000   Code   RO         2610  * .ARM.Collect$$$$00000000  mc_w.l(entry.o)
    0x08000130   0x08000130   0x00000004   Code   RO         2894    .ARM.Collect$$$$00000001  mc_w.l(entry2.o)
    0x08000134   0x08000134   0x00000004   Code   RO         2897    .ARM.Collect$$$$00000004  mc_w.l(entry5.o)
    0x08000138   0x08000138   0x00000000   Code   RO         2899    .ARM.Collect$$$$00000008  mc_w.l(entry7b.o)
    0x08000138   0x08000138   0x00000000   Code   RO         2901    .ARM.Collect$$$$0000000A  mc_w.l(entry8b.o)
    0x08000138   0x08000138   0x00000008   Code   RO         2902    .ARM.Collect$$$$0000000B  mc_w.l(entry9a.o)
    0x08000140   0x08000140   0x00000004   Code   RO         2909    .ARM.Collect$$$$0000000E  mc_w.l(entry12b.o)
    0x08000144   0x08000144   0x00000000   Code   RO         2904    .ARM.Collect$$$$0000000F  mc_w.l(entry10a.o)
    0x08000144   0x08000144   0x00000000   Code   RO         2906    .ARM.Collect$$$$00000011  mc_w.l(entry11a.o)
    0x08000144   0x08000144   0x00000004   Code   RO         2895    .ARM.Collect$$$$00002712  mc_w.l(entry2.o)
    0x08000148   0x08000148   0x00000024   Code   RO         2606    .text               startup_stm32f10x_hd.o
    0x0800016c   0x0800016c   0x000000b0   Code   RO         2874    .text               mf_w.l(fadd.o)
    0x0800021c   0x0800021c   0x00000064   Code   RO         2876    .text               mf_w.l(fmul.o)
    0x08000280   0x08000280   0x0000014e   Code   RO         2878    .text               mf_w.l(dadd.o)
    0x080003ce   0x080003ce   0x000000e4   Code   RO         2880    .text               mf_w.l(dmul.o)
    0x080004b2   0x080004b2   0x000000de   Code   RO         2882    .text               mf_w.l(ddiv.o)
    0x08000590   0x08000590   0x00000022   Code   RO         2884    .text               mf_w.l(dflti.o)
    0x080005b2   0x080005b2   0x0000001a   Code   RO         2886    .text               mf_w.l(dfltui.o)
    0x080005cc   0x080005cc   0x0000003e   Code   RO         2888    .text               mf_w.l(dfixi.o)
    0x0800060a   0x0800060a   0x00000002   PAD
    0x0800060c   0x0800060c   0x00000030   Code   RO         2890    .text               mf_w.l(cdcmple.o)
    0x0800063c   0x0800063c   0x00000030   Code   RO         2892    .text               mf_w.l(cdrcmple.o)
    0x0800066c   0x0800066c   0x0000002c   Code   RO         2911    .text               mc_w.l(uidiv.o)
    0x08000698   0x08000698   0x00000062   Code   RO         2913    .text               mc_w.l(uldiv.o)
    0x080006fa   0x080006fa   0x0000001e   Code   RO         2915    .text               mc_w.l(llshl.o)
    0x08000718   0x08000718   0x00000020   Code   RO         2917    .text               mc_w.l(llushr.o)
    0x08000738   0x08000738   0x00000024   Code   RO         2919    .text               mc_w.l(llsshr.o)
    0x0800075c   0x0800075c   0x00000000   Code   RO         2921    .text               mc_w.l(iusefp.o)
    0x0800075c   0x0800075c   0x0000006e   Code   RO         2922    .text               mf_w.l(fepilogue.o)
    0x080007ca   0x080007ca   0x000000ba   Code   RO         2924    .text               mf_w.l(depilogue.o)
    0x08000884   0x08000884   0x00000030   Code   RO         2926    .text               mf_w.l(dfixul.o)
    0x080008b4   0x080008b4   0x00000024   Code   RO         2928    .text               mc_w.l(init.o)
    0x080008d8   0x080008d8   0x00000056   Code   RO         2938    .text               mc_w.l(__dczerorl2.o)
    0x0800092e   0x0800092e   0x00000016   Code   RO         2077    i.ADC_Cmd           stm32f10x_adc.o
    0x08000944   0x08000944   0x00000016   Code   RO         2078    i.ADC_DMACmd        stm32f10x_adc.o
    0x0800095a   0x0800095a   0x00000016   Code   RO         2082    i.ADC_ExternalTrigConvCmd  stm32f10x_adc.o
    0x08000970   0x08000970   0x00000014   Code   RO         2085    i.ADC_GetCalibrationStatus  stm32f10x_adc.o
    0x08000984   0x08000984   0x00000014   Code   RO         2091    i.ADC_GetResetCalibrationStatus  stm32f10x_adc.o
    0x08000998   0x08000998   0x00000050   Code   RO         2095    i.ADC_Init          stm32f10x_adc.o
    0x080009e8   0x080009e8   0x000000b8   Code   RO         2099    i.ADC_RegularChannelConfig  stm32f10x_adc.o
    0x08000aa0   0x08000aa0   0x0000000a   Code   RO         2100    i.ADC_ResetCalibration  stm32f10x_adc.o
    0x08000aaa   0x08000aaa   0x0000000a   Code   RO         2104    i.ADC_StartCalibration  stm32f10x_adc.o
    0x08000ab4   0x08000ab4   0x00000148   Code   RO          357    i.BaselineFilterTask  filter.o
    0x08000bfc   0x08000bfc   0x00000004   Code   RO         2512    i.BusFault_Handler  stm32f10x_it.o
    0x08000c00   0x08000c00   0x0000000c   Code   RO          470    i.Clr1SecFlag       timer.o
    0x08000c0c   0x08000c0c   0x0000000c   Code   RO          471    i.Clr2msFlag        timer.o
    0x08000c18   0x08000c18   0x000000ac   Code   RO          726    i.ConfigADC1        adc.o
    0x08000cc4   0x08000cc4   0x00000060   Code   RO          653    i.ConfigDAC1        dac.o
    0x08000d24   0x08000d24   0x00000060   Code   RO          727    i.ConfigDMA1Ch1     adc.o
    0x08000d84   0x08000d84   0x00000080   Code   RO          654    i.ConfigDMA2Ch3ForDAC1  dac.o
    0x08000e04   0x08000e04   0x00000054   Code   RO          295    i.ConfigECGGPIO     ecg.o
    0x08000e58   0x08000e58   0x00000034   Code   RO          145    i.ConfigLEDGPIO     led.o
    0x08000e8c   0x08000e8c   0x0000000c   Code   RO         2443    i.ConfigNVIC        nvic.o
    0x08000e98   0x08000e98   0x00000064   Code   RO          453    i.ConfigRCC         rcc.o
    0x08000efc   0x08000efc   0x0000005c   Code   RO          472    i.ConfigTimer2      timer.o
    0x08000f58   0x08000f58   0x00000064   Code   RO          728    i.ConfigTimer3      adc.o
    0x08000fbc   0x08000fbc   0x00000044   Code   RO          655    i.ConfigTimer4      dac.o
    0x08001000   0x08001000   0x00000060   Code   RO          473    i.ConfigTimer5      timer.o
    0x08001060   0x08001060   0x000000c4   Code   RO          575    i.ConfigUART        uart1.o
    0x08001124   0x08001124   0x00000028   Code   RO         2293    i.DAC_Cmd           stm32f10x_dac.o
    0x0800114c   0x0800114c   0x0000002c   Code   RO         2294    i.DAC_DMACmd        stm32f10x_dac.o
    0x08001178   0x08001178   0x00000034   Code   RO         2298    i.DAC_Init          stm32f10x_dac.o
    0x080011ac   0x080011ac   0x00000020   Code   RO         2299    i.DAC_SetChannel1Data  stm32f10x_dac.o
    0x080011cc   0x080011cc   0x00000040   Code   RO          656    i.DMA2_Channel3_IRQHandler  dac.o
    0x0800120c   0x0800120c   0x0000001c   Code   RO         2372    i.DMA_ClearITPendingBit  stm32f10x_dma.o
    0x08001228   0x08001228   0x00000018   Code   RO         2373    i.DMA_Cmd           stm32f10x_dma.o
    0x08001240   0x08001240   0x0000014c   Code   RO         2374    i.DMA_DeInit        stm32f10x_dma.o
    0x0800138c   0x0800138c   0x0000002c   Code   RO         2377    i.DMA_GetITStatus   stm32f10x_dma.o
    0x080013b8   0x080013b8   0x00000012   Code   RO         2378    i.DMA_ITConfig      stm32f10x_dma.o
    0x080013ca   0x080013ca   0x0000003c   Code   RO         2379    i.DMA_Init          stm32f10x_dma.o
    0x08001406   0x08001406   0x00000044   Code   RO          531    i.DeQueue           queue.o
    0x0800144a   0x0800144a   0x00000048   Code   RO          778    i.DeU16Queue        u16queue.o
    0x08001492   0x08001492   0x00000002   Code   RO         2513    i.DebugMon_Handler  stm32f10x_it.o
    0x08001494   0x08001494   0x00000060   Code   RO          296    i.ECG_ADC_Read      ecg.o
    0x080014f4   0x080014f4   0x00000044   Code   RO          358    i.ECG_Filter        filter.o
    0x08001538   0x08001538   0x000000fc   Code   RO          359    i.ECG_Filter_IIR    filter.o
    0x08001634   0x08001634   0x0000004c   Code   RO          408    i.ECG_HR_AverageTime  ecg_heartrate_calculate.o
    0x08001680   0x08001680   0x000000a4   Code   RO          409    i.ECG_HR_Cal        ecg_heartrate_calculate.o
    0x08001724   0x08001724   0x000000a0   Code   RO          410    i.ECG_HR_FindPeak   ecg_heartrate_calculate.o
    0x080017c4   0x080017c4   0x00000060   Code   RO          411    i.ECG_HR_FindReference  ecg_heartrate_calculate.o
    0x08001824   0x08001824   0x00000020   Code   RO          412    i.ECG_HR_Send       ecg_heartrate_calculate.o
    0x08001844   0x08001844   0x00000032   Code   RO          413    i.ECG_HeartRate_Calculate  ecg_heartrate_calculate.o
    0x08001876   0x08001876   0x00000002   PAD
    0x08001878   0x08001878   0x00000014   Code   RO          297    i.ECG_Init          ecg.o
    0x0800188c   0x0800188c   0x000000a8   Code   RO          298    i.ECG_LEADOFF_Check  ecg.o
    0x08001934   0x08001934   0x00000024   Code   RO          299    i.ECG_StartInfo_Change  ecg.o
    0x08001958   0x08001958   0x0000000c   Code   RO          300    i.ECG_StartInfo_Get  ecg.o
    0x08001964   0x08001964   0x00000090   Code   RO          301    i.ECG_Start_Check   ecg.o
    0x080019f4   0x080019f4   0x0000009c   Code   RO          302    i.ECG_Task          ecg.o
    0x08001a90   0x08001a90   0x00000048   Code   RO          303    i.ECG_Wave_Send     ecg.o
    0x08001ad8   0x08001ad8   0x00000048   Code   RO          532    i.EnQueue           queue.o
    0x08001b20   0x08001b20   0x0000004c   Code   RO          779    i.EnU16Queue        u16queue.o
    0x08001b6c   0x08001b6c   0x00000020   Code   RO          576    i.EnableUARTTx      uart1.o
    0x08001b8c   0x08001b8c   0x0000001c   Code   RO          872    i.FLASH_PrefetchBufferCmd  stm32f10x_flash.o
    0x08001ba8   0x08001ba8   0x00000018   Code   RO          877    i.FLASH_SetLatency  stm32f10x_flash.o
    0x08001bc0   0x08001bc0   0x00000116   Code   RO         1035    i.GPIO_Init         stm32f10x_gpio.o
    0x08001cd6   0x08001cd6   0x00000012   Code   RO         1039    i.GPIO_ReadInputDataBit  stm32f10x_gpio.o
    0x08001ce8   0x08001ce8   0x00000012   Code   RO         1041    i.GPIO_ReadOutputDataBit  stm32f10x_gpio.o
    0x08001cfa   0x08001cfa   0x0000000a   Code   RO         1046    i.GPIO_WriteBit     stm32f10x_gpio.o
    0x08001d04   0x08001d04   0x0000000c   Code   RO          474    i.Get1SecFlag       timer.o
    0x08001d10   0x08001d10   0x0000000c   Code   RO          475    i.Get2msFlag        timer.o
    0x08001d1c   0x08001d1c   0x00000008   Code   RO          694    i.GetRectWave100PointAddr  wave.o
    0x08001d24   0x08001d24   0x00000008   Code   RO          695    i.GetSineWave100PointAddr  wave.o
    0x08001d2c   0x08001d2c   0x00000008   Code   RO          696    i.GetTriWave100PointAddr  wave.o
    0x08001d34   0x08001d34   0x00000014   Code   RO          188    i.GetUnPackRslt     packunpack.o
    0x08001d48   0x08001d48   0x00000004   Code   RO         2514    i.HardFault_Handler  stm32f10x_it.o
    0x08001d4c   0x08001d4c   0x00000132   Code   RO          360    i.IIRFilterc        filter.o
    0x08001e7e   0x08001e7e   0x00000002   PAD
    0x08001e80   0x08001e80   0x00000028   Code   RO          729    i.InitADC           adc.o
    0x08001ea8   0x08001ea8   0x0000002c   Code   RO          657    i.InitDAC           dac.o
    0x08001ed4   0x08001ed4   0x0000002c   Code   RO            1    i.InitHardware      main.o
    0x08001f00   0x08001f00   0x00000008   Code   RO          146    i.InitLED           led.o
    0x08001f08   0x08001f08   0x00000008   Code   RO         2444    i.InitNVIC          nvic.o
    0x08001f10   0x08001f10   0x00000044   Code   RO          189    i.InitPackUnpack    packunpack.o
    0x08001f54   0x08001f54   0x00000002   Code   RO          234    i.InitProcHostCmd   prochostcmd.o
    0x08001f56   0x08001f56   0x00000024   Code   RO          533    i.InitQueue         queue.o
    0x08001f7a   0x08001f7a   0x00000008   Code   RO          454    i.InitRCC           rcc.o
    0x08001f82   0x08001f82   0x00000002   Code   RO          266    i.InitSendDataToHost  senddatatohost.o
    0x08001f84   0x08001f84   0x00000014   Code   RO            2    i.InitSoftware      main.o
    0x08001f98   0x08001f98   0x00000068   Code   RO         2462    i.InitSysTick       systick.o
    0x08002000   0x08002000   0x00000018   Code   RO          476    i.InitTimer         timer.o
    0x08002018   0x08002018   0x00000026   Code   RO          780    i.InitU16Queue      u16queue.o
    0x0800203e   0x0800203e   0x00000010   Code   RO          577    i.InitUART1         uart1.o
    0x0800204e   0x0800204e   0x00000002   PAD
    0x08002050   0x08002050   0x00000040   Code   RO          578    i.InitUARTBuf       uart1.o
    0x08002090   0x08002090   0x0000003c   Code   RO          147    i.LEDFlicker        led.o
    0x080020cc   0x080020cc   0x00000004   Code   RO         2515    i.MemManage_Handler  stm32f10x_it.o
    0x080020d0   0x080020d0   0x00000002   Code   RO         2516    i.NMI_Handler       stm32f10x_it.o
    0x080020d2   0x080020d2   0x00000002   PAD
    0x080020d4   0x080020d4   0x00000018   Code   RO          579    i.NVIC_ClearPendingIRQ  uart1.o
    0x080020ec   0x080020ec   0x00000070   Code   RO          819    i.NVIC_Init         misc.o
    0x0800215c   0x0800215c   0x00000014   Code   RO          820    i.NVIC_PriorityGroupConfig  misc.o
    0x08002170   0x08002170   0x0000003a   Code   RO          235    i.OnGenWave         prochostcmd.o
    0x080021aa   0x080021aa   0x00000018   Code   RO          190    i.PackData          packunpack.o
    0x080021c2   0x080021c2   0x0000003e   Code   RO          191    i.PackWithCheckSum  packunpack.o
    0x08002200   0x08002200   0x00000002   Code   RO         2517    i.PendSV_Handler    stm32f10x_it.o
    0x08002202   0x08002202   0x0000000e   Code   RO            3    i.Proc1SecTask      main.o
    0x08002210   0x08002210   0x000000c0   Code   RO            4    i.Proc2msTask       main.o
    0x080022d0   0x080022d0   0x00000046   Code   RO          236    i.ProcHostCmd       prochostcmd.o
    0x08002316   0x08002316   0x0000000e   Code   RO          534    i.QueueEmpty        queue.o
    0x08002324   0x08002324   0x00000018   Code   RO         1143    i.RCC_ADCCLKConfig  stm32f10x_rcc.o
    0x0800233c   0x0800233c   0x00000020   Code   RO         1144    i.RCC_AHBPeriphClockCmd  stm32f10x_rcc.o
    0x0800235c   0x0800235c   0x00000020   Code   RO         1145    i.RCC_APB1PeriphClockCmd  stm32f10x_rcc.o
    0x0800237c   0x0800237c   0x00000020   Code   RO         1146    i.RCC_APB1PeriphResetCmd  stm32f10x_rcc.o
    0x0800239c   0x0800239c   0x00000020   Code   RO         1147    i.RCC_APB2PeriphClockCmd  stm32f10x_rcc.o
    0x080023bc   0x080023bc   0x00000020   Code   RO         1148    i.RCC_APB2PeriphResetCmd  stm32f10x_rcc.o
    0x080023dc   0x080023dc   0x0000004c   Code   RO         1154    i.RCC_DeInit        stm32f10x_rcc.o
    0x08002428   0x08002428   0x000000d4   Code   RO         1155    i.RCC_GetClocksFreq  stm32f10x_rcc.o
    0x080024fc   0x080024fc   0x0000003c   Code   RO         1156    i.RCC_GetFlagStatus  stm32f10x_rcc.o
    0x08002538   0x08002538   0x00000010   Code   RO         1158    i.RCC_GetSYSCLKSource  stm32f10x_rcc.o
    0x08002548   0x08002548   0x00000018   Code   RO         1159    i.RCC_HCLKConfig    stm32f10x_rcc.o
    0x08002560   0x08002560   0x0000004c   Code   RO         1160    i.RCC_HSEConfig     stm32f10x_rcc.o
    0x080025ac   0x080025ac   0x00000018   Code   RO         1166    i.RCC_PCLK1Config   stm32f10x_rcc.o
    0x080025c4   0x080025c4   0x00000018   Code   RO         1167    i.RCC_PCLK2Config   stm32f10x_rcc.o
    0x080025dc   0x080025dc   0x0000000c   Code   RO         1168    i.RCC_PLLCmd        stm32f10x_rcc.o
    0x080025e8   0x080025e8   0x0000001c   Code   RO         1169    i.RCC_PLLConfig     stm32f10x_rcc.o
    0x08002604   0x08002604   0x00000018   Code   RO         1172    i.RCC_SYSCLKConfig  stm32f10x_rcc.o
    0x0800261c   0x0800261c   0x00000038   Code   RO         1174    i.RCC_WaitForHSEStartUp  stm32f10x_rcc.o
    0x08002654   0x08002654   0x0000001c   Code   RO          730    i.ReadADCBuf        adc.o
    0x08002670   0x08002670   0x0000001c   Code   RO          580    i.ReadSendBuf       uart1.o
    0x0800268c   0x0800268c   0x0000001c   Code   RO          581    i.ReadUART1         uart1.o
    0x080026a8   0x080026a8   0x00000002   Code   RO         2518    i.SVC_Handler       stm32f10x_it.o
    0x080026aa   0x080026aa   0x00000036   Code   RO          267    i.SendAckPack       senddatatohost.o
    0x080026e0   0x080026e0   0x00000020   Code   RO          582    i.SendCharUsedByFputc  uart1.o
    0x08002700   0x08002700   0x0000001c   Code   RO          268    i.SendPackToHost    senddatatohost.o
    0x0800271c   0x0800271c   0x00000010   Code   RO          658    i.SetDACWave        dac.o
    0x0800272c   0x0800272c   0x00000008   Code   RO         2569    i.SetSysClock       system_stm32f10x.o
    0x08002734   0x08002734   0x000000e0   Code   RO         2570    i.SetSysClockTo72   system_stm32f10x.o
    0x08002814   0x08002814   0x00000008   Code   RO         2463    i.SysTick_Handler   systick.o
    0x0800281c   0x0800281c   0x00000060   Code   RO         2572    i.SystemInit        system_stm32f10x.o
    0x0800287c   0x0800287c   0x0000003c   Code   RO          477    i.TIM2_IRQHandler   timer.o
    0x080028b8   0x080028b8   0x00000028   Code   RO          731    i.TIM3_IRQHandler   adc.o
    0x080028e0   0x080028e0   0x00000048   Code   RO          478    i.TIM5_IRQHandler   timer.o
    0x08002928   0x08002928   0x00000006   Code   RO         1354    i.TIM_ClearITPendingBit  stm32f10x_tim.o
    0x0800292e   0x0800292e   0x00000018   Code   RO         1359    i.TIM_Cmd           stm32f10x_tim.o
    0x08002946   0x08002946   0x00000002   PAD
    0x08002948   0x08002948   0x000001e8   Code   RO         1364    i.TIM_DeInit        stm32f10x_tim.o
    0x08002b30   0x08002b30   0x00000022   Code   RO         1380    i.TIM_GetITStatus   stm32f10x_tim.o
    0x08002b52   0x08002b52   0x00000012   Code   RO         1384    i.TIM_ITConfig      stm32f10x_tim.o
    0x08002b64   0x08002b64   0x00000012   Code   RO         1416    i.TIM_SelectOutputTrigger  stm32f10x_tim.o
    0x08002b76   0x08002b76   0x00000002   PAD
    0x08002b78   0x08002b78   0x000000a4   Code   RO         1430    i.TIM_TimeBaseInit  stm32f10x_tim.o
    0x08002c1c   0x08002c1c   0x00000018   Code   RO         2464    i.TimDelayDec       systick.o
    0x08002c34   0x08002c34   0x00000098   Code   RO          583    i.USART1_IRQHandler  uart1.o
    0x08002ccc   0x08002ccc   0x00000012   Code   RO         1891    i.USART_ClearFlag   stm32f10x_usart.o
    0x08002cde   0x08002cde   0x0000001e   Code   RO         1892    i.USART_ClearITPendingBit  stm32f10x_usart.o
    0x08002cfc   0x08002cfc   0x00000018   Code   RO         1895    i.USART_Cmd         stm32f10x_usart.o
    0x08002d14   0x08002d14   0x0000001a   Code   RO         1898    i.USART_GetFlagStatus  stm32f10x_usart.o
    0x08002d2e   0x08002d2e   0x00000054   Code   RO         1899    i.USART_GetITStatus  stm32f10x_usart.o
    0x08002d82   0x08002d82   0x0000004a   Code   RO         1901    i.USART_ITConfig    stm32f10x_usart.o
    0x08002dcc   0x08002dcc   0x000000d8   Code   RO         1902    i.USART_Init        stm32f10x_usart.o
    0x08002ea4   0x08002ea4   0x0000000a   Code   RO         1909    i.USART_ReceiveData  stm32f10x_usart.o
    0x08002eae   0x08002eae   0x00000008   Code   RO         1912    i.USART_SendData    stm32f10x_usart.o
    0x08002eb6   0x08002eb6   0x00000018   Code   RO         1918    i.USART_StructInit  stm32f10x_usart.o
    0x08002ece   0x08002ece   0x00000002   PAD
    0x08002ed0   0x08002ed0   0x00000084   Code   RO          192    i.UnPackData        packunpack.o
    0x08002f54   0x08002f54   0x00000042   Code   RO          193    i.UnpackWithCheckSum  packunpack.o
    0x08002f96   0x08002f96   0x00000004   Code   RO         2519    i.UsageFault_Handler  stm32f10x_it.o
    0x08002f9a   0x08002f9a   0x00000002   PAD
    0x08002f9c   0x08002f9c   0x00000018   Code   RO          732    i.WriteADCBuf       adc.o
    0x08002fb4   0x08002fb4   0x00000018   Code   RO          584    i.WriteReceiveBuf   uart1.o
    0x08002fcc   0x08002fcc   0x00000030   Code   RO          585    i.WriteUART1        uart1.o
    0x08002ffc   0x08002ffc   0x00000020   Code   RO         2846    i.__0printf         mc_w.l(printfa.o)
    0x0800301c   0x0800301c   0x0000000e   Code   RO         2932    i.__scatterload_copy  mc_w.l(handlers.o)
    0x0800302a   0x0800302a   0x00000002   Code   RO         2933    i.__scatterload_null  mc_w.l(handlers.o)
    0x0800302c   0x0800302c   0x0000000e   Code   RO         2934    i.__scatterload_zeroinit  mc_w.l(handlers.o)
    0x0800303a   0x0800303a   0x00000002   PAD
    0x0800303c   0x0800303c   0x00000184   Code   RO         2853    i._fp_digits        mc_w.l(printfa.o)
    0x080031c0   0x080031c0   0x000006b4   Code   RO         2854    i._printf_core      mc_w.l(printfa.o)
    0x08003874   0x08003874   0x00000024   Code   RO         2855    i._printf_post_padding  mc_w.l(printfa.o)
    0x08003898   0x08003898   0x0000002e   Code   RO         2856    i._printf_pre_padding  mc_w.l(printfa.o)
    0x080038c6   0x080038c6   0x00000010   Code   RO          586    i.fputc             uart1.o
    0x080038d6   0x080038d6   0x00000002   PAD
    0x080038d8   0x080038d8   0x00000040   Code   RO            5    i.main              main.o
    0x08003918   0x08003918   0x00000170   Data   RO          362    .constdata          filter.o
    0x08003a88   0x08003a88   0x00000020   Data   RO         2930    Region$$Table       anon$$obj.o


    Execution Region RW_IRAM1 (Exec base: 0x20000000, Load base: 0x08003aa8, Size: 0x00005ec8, Max: 0x0000c000, ABSOLUTE, COMPRESSED[0x0000019c])

    Exec Addr    Load Addr    Size         Type   Attr      Idx    E Section Name        Object

    0x20000000   COMPRESSED   0x00000002   Data   RW          148    .data               led.o
    0x20000002   COMPRESSED   0x00000003   Data   RW          195    .data               packunpack.o
    0x20000005   COMPRESSED   0x00000003   PAD
    0x20000008   COMPRESSED   0x0000000c   Data   RW          305    .data               ecg.o
    0x20000014   COMPRESSED   0x00000004   Data   RW          363    .data               filter.o
    0x20000018   COMPRESSED   0x00000008   Data   RW          415    .data               ecg_heartrate_calculate.o
    0x20000020   COMPRESSED   0x00000006   Data   RW          479    .data               timer.o
    0x20000026   COMPRESSED   0x00000001   Data   RW          588    .data               uart1.o
    0x20000027   COMPRESSED   0x00000001   PAD
    0x20000028   COMPRESSED   0x00000008   Data   RW          659    .data               dac.o
    0x20000030   COMPRESSED   0x00000258   Data   RW          698    .data               wave.o
    0x20000288   COMPRESSED   0x00000002   Data   RW          734    .data               adc.o
    0x2000028a   COMPRESSED   0x00000014   Data   RW         1175    .data               stm32f10x_rcc.o
    0x2000029e   COMPRESSED   0x00000002   PAD
    0x200002a0   COMPRESSED   0x00000004   Data   RW         2465    .data               systick.o
    0x200002a4   COMPRESSED   0x00000014   Data   RW         2573    .data               system_stm32f10x.o
    0x200002b8   COMPRESSED   0x00000004   Data   RW         2910    .data               mc_w.l(stdout.o)
    0x200002bc        -       0x0000000a   Zero   RW          194    .bss                packunpack.o
    0x200002c6   COMPRESSED   0x00000002   PAD
    0x200002c8        -       0x00003e80   Zero   RW          304    .bss                ecg.o
    0x20004148        -       0x000008c8   Zero   RW          361    .bss                filter.o
    0x20004a10        -       0x00000f00   Zero   RW          414    .bss                ecg_heartrate_calculate.o
    0x20005910        -       0x000000e0   Zero   RW          587    .bss                uart1.o
    0x200059f0        -       0x000000d4   Zero   RW          733    .bss                adc.o
    0x20005ac4   COMPRESSED   0x00000004   PAD
    0x20005ac8        -       0x00000400   Zero   RW         2603    STACK               startup_stm32f10x_hd.o


==============================================================================

Image component sizes


      Code (inc. data)   RO Data    RW Data    ZI Data      Debug   Object Name

       500         56          0          2        212       4679   adc.o
         0          0          0          0          0         32   core_cm3.o
       416         42          0          8          0       3402   dac.o
       788        236          0         12      16000       5661   ecg.o
       578         76          0          8       3840       4915   ecg_heartrate_calculate.o
       954        136        368          4       2248       5382   filter.o
       120         12          0          2          0     216167   led.o
       334        100          0          0          0     279783   main.o
       132         22          0          0          0       1467   misc.o
        20          0          0          0          0        851   nvic.o
       372         40          0          3         10       5793   packunpack.o
       130          0          0          0          0       4108   prochostcmd.o
       190          0          0          0          0       3145   queue.o
       108          0          0          0          0        954   rcc.o
        84          0          0          0          0       2147   senddatatohost.o
        36          8        304          0       1024        812   startup_stm32f10x_hd.o
       390         10          0          0          0       7196   stm32f10x_adc.o
       168         24          0          0          0       2840   stm32f10x_dac.o
       506         26          0          0          0       5003   stm32f10x_dma.o
        52         12          0          0          0       1061   stm32f10x_flash.o
       324          0          0          0          0       3681   stm32f10x_gpio.o
        24          0          0          0          0       3584   stm32f10x_it.o
       816        116          0         20          0      12411   stm32f10x_rcc.o
       752        106          0          0          0       4749   stm32f10x_tim.o
       514          6          0          0          0       7668   stm32f10x_usart.o
       328         28          0         20          0       2265   system_stm32f10x.o
       136         18          0          4          0      17203   systick.o
       392         48          0          6          0       4678   timer.o
       186          0          0          0          0       2225   u16queue.o
       660         88          0          1        224      22112   uart1.o
        24         12          0        600          0       2021   wave.o

    ----------------------------------------------------------------------
     10052       1222        704        696      23564     637995   Object Totals
         0          0         32          0          0          0   (incl. Generated)
        18          0          0          6          6          0   (incl. Padding)

    ----------------------------------------------------------------------

      Code (inc. data)   RO Data    RW Data    ZI Data      Debug   Library Member Name

        86          0          0          0          0          0   __dczerorl2.o
         0          0          0          0          0          0   entry.o
         0          0          0          0          0          0   entry10a.o
         0          0          0          0          0          0   entry11a.o
         4          0          0          0          0          0   entry12b.o
         8          4          0          0          0          0   entry2.o
         4          0          0          0          0          0   entry5.o
         0          0          0          0          0          0   entry7b.o
         0          0          0          0          0          0   entry8b.o
         8          4          0          0          0          0   entry9a.o
        30          0          0          0          0          0   handlers.o
        36          8          0          0          0         68   init.o
         0          0          0          0          0          0   iusefp.o
        30          0          0          0          0         68   llshl.o
        36          0          0          0          0         68   llsshr.o
        32          0          0          0          0         68   llushr.o
      2218         90          0          0          0        464   printfa.o
         0          0          0          4          0          0   stdout.o
        44          0          0          0          0         80   uidiv.o
        98          0          0          0          0         92   uldiv.o
        48          0          0          0          0         68   cdcmple.o
        48          0          0          0          0         68   cdrcmple.o
       334          0          0          0          0        148   dadd.o
       222          0          0          0          0        100   ddiv.o
       186          0          0          0          0        176   depilogue.o
        62          0          0          0          0         80   dfixi.o
        48          0          0          0          0         68   dfixul.o
        34          0          0          0          0         76   dflti.o
        26          0          0          0          0         76   dfltui.o
       228          0          0          0          0         96   dmul.o
       176          0          0          0          0        140   fadd.o
       110          0          0          0          0        168   fepilogue.o
       100          0          0          0          0         76   fmul.o

    ----------------------------------------------------------------------
      4260        106          0          4          0       2248   Library Totals
         4          0          0          0          0          0   (incl. Padding)

    ----------------------------------------------------------------------

      Code (inc. data)   RO Data    RW Data    ZI Data      Debug   Library Name

      2634        106          0          4          0        908   mc_w.l
      1622          0          0          0          0       1340   mf_w.l

    ----------------------------------------------------------------------
      4260        106          0          4          0       2248   Library Totals

    ----------------------------------------------------------------------

==============================================================================


      Code (inc. data)   RO Data    RW Data    ZI Data      Debug   

     14312       1328        704        700      23564     631063   Grand Totals
     14312       1328        704        412      23564     631063   ELF Image Totals (compressed)
     14312       1328        704        412          0          0   ROM Totals

==============================================================================

    Total RO  Size (Code + RO Data)                15016 (  14.66kB)
    Total RW  Size (RW Data + ZI Data)             24264 (  23.70kB)
    Total ROM Size (Code + RO Data + RW Data)      15428 (  15.07kB)

==============================================================================

